---
http_interactions:
- request:
    method: post
    uri: https://sandbox-crm.cme.openhbx.org/rest/v11_8/oauth2/token
    body:
      encoding: UTF-8
      string: client_id=sugar&client_secret=&grant_type=password&params%5Bgrant_type%5D=password&params%5Bpassword%5D=SUGAR_CRM_ENCODED_PASSWORD>&params%5Bplatform%5D=mobile&params%5Busername%5D=<SUGAR_CRM_USERNAME>&password=SUGAR_CRM_ENCODED_PASSWORD>&username=<SUGAR_CRM_USERNAME>
    headers:
      User-Agent:
      - Faraday v1.4.3
      Content-Type:
      - application/x-www-form-urlencoded
  response:
    status:
      code: 200
      message: OK
    headers:
      server:
      - nginx/1.16.1
      date:
      - Mon, 04 Oct 2021 17:22:51 GMT
      content-type:
      - application/json
      content-length:
      - '248'
      connection:
      - keep-alive
      set-cookie:
      - PHPSESSID=l6mant51vuf2jth9vpksgil98g; path=/, PHPSESSID=781a86ba-d78d-459a-a573-2b9d142614af;
        path=/, download_token_base=3d760097-06dd-4784-9be3-e15de417e992; expires=Mon,
        18-Oct-2021 17:22:51 GMT; Max-Age=1209600; path=/; HttpOnly
      expires:
      - Thu, 19 Nov 1981 08:52:00 GMT
      cache-control:
      - no-store, no-cache, must-revalidate
      pragma:
      - no-cache
    body:
      encoding: UTF-8
      string: '{"access_token":"781a86ba-d78d-459a-a573-2b9d142614af","expires_in":3600,"token_type":"bearer","scope":null,"refresh_token":"f4b490d3-6d3b-456b-8810-67b10251344c","refresh_expires_in":1209600,"download_token":"3d760097-06dd-4784-9be3-e15de417e992"}'
  recorded_at: Mon, 04 Oct 2021 17:22:51 GMT
- request:
    method: post
    uri: https://sandbox-crm.cme.openhbx.org/rest/v11_8/Accounts
    body:
      encoding: UTF-8
      string: '{"hbxid_c":"a95878c60b424759935bca542832d5b7","name":"John Jacob","email1":"example1@example.com","dob_c":"1981-09-14","billing_address_street":"1111
        Awesome Street NE","billing_address_street_2":"#111","billing_address_street_3":"","billing_address_street_4":null,"billing_address_city":"Washington","billing_address_postalcode":"01001","billing_address_state":"DC","phone_office":"2021030404","ssn":"768252862"}'
    headers:
      User-Agent:
      - Faraday v1.4.3
      Content-Type:
      - application/json
      Authorization:
      - Bearer 781a86ba-d78d-459a-a573-2b9d142614af
  response:
    status:
      code: 200
      message: OK
    headers:
      server:
      - nginx/1.16.1
      date:
      - Mon, 04 Oct 2021 17:22:52 GMT
      content-type:
      - application/json
      content-length:
      - '2969'
      connection:
      - keep-alive
      expires:
      - Thu, 19 Nov 1981 08:52:00 GMT
      cache-control:
      - no-store, no-cache, must-revalidate
      pragma:
      - no-cache
    body:
      encoding: UTF-8
      string: '{"id":"b40009fc-2537-11ec-a0fc-0241d1fb84dd","name":"John Jacob","date_entered":"2021-10-04T13:22:51-04:00","date_modified":"2021-10-04T13:22:51-04:00","modified_user_id":"d09fe726-feb8-11eb-a595-0241d1fb84dd","modified_by_name":"Bill
        Transue","modified_user_link":{"full_name":"Bill Transue","id":"d09fe726-feb8-11eb-a595-0241d1fb84dd","_acl":{"fields":{"pwd_last_changed":{"write":"no","create":"no"},"last_login":{"write":"no","create":"no"}},"_hash":"6d408abe1708e7afd72eaecf780699c2"}},"created_by":"d09fe726-feb8-11eb-a595-0241d1fb84dd","created_by_name":"Bill
        Transue","created_by_link":{"full_name":"Bill Transue","id":"d09fe726-feb8-11eb-a595-0241d1fb84dd","_acl":{"fields":{"pwd_last_changed":{"write":"no","create":"no"},"last_login":{"write":"no","create":"no"}},"_hash":"6d408abe1708e7afd72eaecf780699c2"}},"description":"","deleted":false,"facebook":"","twitter":"","googleplus":"","account_type":"","industry":"","annual_revenue":"","phone_fax":"","billing_address_street":"1111
        Awesome Street NE\n#111","billing_address_street_2":"","billing_address_street_3":"","billing_address_street_4":"","billing_address_city":"Washington","billing_address_state":"DC","billing_address_postalcode":"01001","billing_address_country":"","rating":"","phone_office":"2021030404","phone_alternate":"","website":"","ownership":"","employees":"","ticker_symbol":"","shipping_address_street":"","shipping_address_street_2":"","shipping_address_street_3":"","shipping_address_street_4":"","shipping_address_city":"","shipping_address_state":"","shipping_address_postalcode":"","shipping_address_country":"","service_level":"","parent_id":"","sic_code":"","duns_num":"","parent_name":"","member_of":{"name":"","id":"","_acl":{"fields":[],"_hash":"654d337e0e912edaa00dbb0fb3dc3c17"}},"campaign_id":"","campaign_name":"","campaign_accounts":{"name":"","id":"","_acl":{"fields":[],"_hash":"654d337e0e912edaa00dbb0fb3dc3c17"}},"next_renewal_date":"","following":true,"my_favorite":false,"tag":[],"locked_fields":[],"assigned_user_id":"","assigned_user_name":"","assigned_user_link":{"full_name":"","id":"","_acl":{"fields":[],"_hash":"654d337e0e912edaa00dbb0fb3dc3c17"}},"team_count":"","team_count_link":{"team_count":"","id":"1","_acl":{"fields":[],"_hash":"654d337e0e912edaa00dbb0fb3dc3c17"}},"team_name":[{"id":"1","name":"Global","name_2":"","primary":true,"selected":false}],"email":[{"email_address":"example1@example.com","invalid_email":false,"opt_out":false,"email_address_id":"3f48f0fa-163d-11ec-ae61-0241d1fb84dd","primary_address":true,"reply_to_address":false}],"email1":"example1@example.com","email2":"","invalid_email":false,"email_opt_out":false,"email_addresses_non_primary":"","raw_ssn_c":"","last_ea_action_at_c":"","dob_c":"1981-09-14","broker_c":"","next_best_action_c":"","hbxid_c":"a95878c60b424759935bca542832d5b7","last_ea_action_c":"","enroll_account_link_c":"","ssn_c":"XXX-XX-","opt_out_of_emails_c":false,"_acl":{"fields":{}},"_module":"Accounts"}'
  recorded_at: Mon, 04 Oct 2021 17:22:52 GMT
- request:
    method: post
    uri: https://sandbox-crm.cme.openhbx.org/rest/v11_8/oauth2/token
    body:
      encoding: UTF-8
      string: client_id=sugar&client_secret=&grant_type=password&params%5Bgrant_type%5D=password&params%5Bpassword%5D=SUGAR_CRM_ENCODED_PASSWORD>&params%5Bplatform%5D=mobile&params%5Busername%5D=<SUGAR_CRM_USERNAME>&password=SUGAR_CRM_ENCODED_PASSWORD>&username=<SUGAR_CRM_USERNAME>
    headers:
      User-Agent:
      - Faraday v1.4.3
      Content-Type:
      - application/x-www-form-urlencoded
  response:
    status:
      code: 200
      message: OK
    headers:
      server:
      - nginx/1.16.1
      date:
      - Mon, 04 Oct 2021 17:22:52 GMT
      content-type:
      - application/json
      content-length:
      - '248'
      connection:
      - keep-alive
      set-cookie:
      - PHPSESSID=kao4lepe9pb3hnj9ladho0stsg; path=/, PHPSESSID=c87da95a-5aaa-4ab8-a61c-f392679fea10;
        path=/, download_token_base=f2f39160-9abc-48cf-a6d0-6c5a0cd91f28; expires=Mon,
        18-Oct-2021 17:22:52 GMT; Max-Age=1209600; path=/; HttpOnly
      expires:
      - Thu, 19 Nov 1981 08:52:00 GMT
      cache-control:
      - no-store, no-cache, must-revalidate
      pragma:
      - no-cache
    body:
      encoding: UTF-8
      string: '{"access_token":"c87da95a-5aaa-4ab8-a61c-f392679fea10","expires_in":3600,"token_type":"bearer","scope":null,"refresh_token":"b0b6b210-11ad-4b65-b229-44d6a1f7f5a8","refresh_expires_in":1209600,"download_token":"f2f39160-9abc-48cf-a6d0-6c5a0cd91f28"}'
  recorded_at: Mon, 04 Oct 2021 17:22:52 GMT
- request:
    method: post
    uri: https://sandbox-crm.cme.openhbx.org/rest/v11_8/Contacts
    body:
      encoding: UTF-8
      string: '{"hbxid_c":"a95878c60b424759935bca542832d5b7","first_name":"John","last_name":"Jacob","phone_mobile":"2021030404","email1":"example1@example.com","account.id":"b40009fc-2537-11ec-a0fc-0241d1fb84dd"}'
    headers:
      User-Agent:
      - Faraday v1.4.3
      Content-Type:
      - application/json
      Authorization:
      - Bearer c87da95a-5aaa-4ab8-a61c-f392679fea10
  response:
    status:
      code: 200
      message: OK
    headers:
      server:
      - nginx/1.16.1
      date:
      - Mon, 04 Oct 2021 17:22:52 GMT
      content-type:
      - application/json
      content-length:
      - '3853'
      connection:
      - keep-alive
      expires:
      - Thu, 19 Nov 1981 08:52:00 GMT
      cache-control:
      - no-store, no-cache, must-revalidate
      pragma:
      - no-cache
    body:
      encoding: UTF-8
      string: '{"id":"b4b98fee-2537-11ec-8d51-0241d1fb84dd","name":"John Jacob","date_entered":"2021-10-04T13:22:52-04:00","date_modified":"2021-10-04T13:22:52-04:00","modified_user_id":"d09fe726-feb8-11eb-a595-0241d1fb84dd","modified_by_name":"Bill
        Transue","modified_user_link":{"full_name":"Bill Transue","id":"d09fe726-feb8-11eb-a595-0241d1fb84dd","_acl":{"fields":{"pwd_last_changed":{"write":"no","create":"no"},"last_login":{"write":"no","create":"no"}},"_hash":"6d408abe1708e7afd72eaecf780699c2"}},"created_by":"d09fe726-feb8-11eb-a595-0241d1fb84dd","created_by_name":"Bill
        Transue","created_by_link":{"full_name":"Bill Transue","id":"d09fe726-feb8-11eb-a595-0241d1fb84dd","_acl":{"fields":{"pwd_last_changed":{"write":"no","create":"no"},"last_login":{"write":"no","create":"no"}},"_hash":"6d408abe1708e7afd72eaecf780699c2"}},"description":"","deleted":false,"salutation":"","first_name":"John","last_name":"Jacob","full_name":"John
        Jacob","title":"","facebook":"","twitter":"","googleplus":"","department":"","do_not_call":false,"phone_home":"","phone_mobile":"2021030404","phone_work":"","phone_other":"","phone_fax":"","primary_address_street":"","primary_address_street_2":"","primary_address_street_3":"","primary_address_city":"","primary_address_state":"","primary_address_postalcode":"","primary_address_country":"","alt_address_street":"","alt_address_street_2":"","alt_address_street_3":"","alt_address_city":"","alt_address_state":"","alt_address_postalcode":"","alt_address_country":"","assistant":"","assistant_phone":"","picture":"","email_and_name1":"","lead_source":"","account_name":"","accounts":{"name":"","id":"","_acl":{"fields":[],"_hash":"654d337e0e912edaa00dbb0fb3dc3c17"}},"account_id":"","dnb_principal_id":"","opportunity_role_fields":"","opportunities":{"id":""},"opportunity_role_id":"","opportunity_role":"","reports_to_id":"","report_to_name":"","reports_to_link":{"name":"","id":"","_acl":{"fields":[],"_hash":"654d337e0e912edaa00dbb0fb3dc3c17"}},"birthdate":"","portal_name":"","portal_active":false,"portal_password":null,"portal_password1":null,"portal_app":"","portal_user_company_name":"","preferred_language":"","cookie_consent":false,"cookie_consent_received_on":"","business_center_name":"","business_centers":{"name":"","id":"","_acl":{"fields":[],"access":"no","view":"no","list":"no","edit":"no","delete":"no","import":"no","export":"no","massupdate":"no","_hash":"3fd204ac1b6d951752c529c51f978bc3"}},"business_center_id":"","dp_business_purpose":[],"dp_consent_last_updated":"2021-10-04","campaign_id":"","campaign_name":"","campaign_contacts":{"name":"","id":"","_acl":{"fields":[],"_hash":"654d337e0e912edaa00dbb0fb3dc3c17"}},"c_accept_status_fields":"","calls":{"id":""},"m_accept_status_fields":"","meetings":{"id":""},"accept_status_id":"","accept_status_name":"","accept_status_calls":"","accept_status_meetings":"","sync_contact":false,"mkto_sync":false,"mkto_id":null,"mkto_lead_score":null,"entry_source":"internal","site_user_id":"","following":true,"my_favorite":false,"tag":[],"locked_fields":[],"assigned_user_id":"","assigned_user_name":"","assigned_user_link":{"full_name":"","id":"","_acl":{"fields":[],"_hash":"654d337e0e912edaa00dbb0fb3dc3c17"}},"team_count":"","team_count_link":{"team_count":"","id":"1","_acl":{"fields":[],"_hash":"654d337e0e912edaa00dbb0fb3dc3c17"}},"team_name":[{"id":"1","name":"Global","name_2":"","primary":true,"selected":false}],"email":[{"email_address":"example1@example.com","invalid_email":false,"opt_out":false,"email_address_id":"3f48f0fa-163d-11ec-ae61-0241d1fb84dd","primary_address":true,"reply_to_address":false}],"email1":"example1@example.com","email2":"","invalid_email":false,"email_opt_out":false,"email_addresses_non_primary":"","gender_c":"male","relationship_c":"","hbxid_c":"a95878c60b424759935bca542832d5b7","_acl":{"fields":{}},"_module":"Contacts"}'
  recorded_at: Mon, 04 Oct 2021 17:22:52 GMT
- request:
    method: post
    uri: https://sandbox-crm.cme.openhbx.org/rest/v11_8/oauth2/token
    body:
      encoding: UTF-8
      string: client_id=sugar&client_secret=&grant_type=password&params%5Bgrant_type%5D=password&params%5Bpassword%5D=SUGAR_CRM_ENCODED_PASSWORD>&params%5Bplatform%5D=mobile&params%5Busername%5D=<SUGAR_CRM_USERNAME>&password=SUGAR_CRM_ENCODED_PASSWORD>&username=<SUGAR_CRM_USERNAME>
    headers:
      User-Agent:
      - Faraday v1.4.3
      Content-Type:
      - application/x-www-form-urlencoded
  response:
    status:
      code: 200
      message: OK
    headers:
      server:
      - nginx/1.16.1
      date:
      - Mon, 04 Oct 2021 17:22:53 GMT
      content-type:
      - application/json
      content-length:
      - '248'
      connection:
      - keep-alive
      set-cookie:
      - PHPSESSID=p1vsn2mujo6r78amgft7lm4m3e; path=/, PHPSESSID=be46bb3b-9e6b-4424-bc24-81f63a752917;
        path=/, download_token_base=1a64dc89-8b78-4923-b9f7-c89bafb147ea; expires=Mon,
        18-Oct-2021 17:22:53 GMT; Max-Age=1209600; path=/; HttpOnly
      expires:
      - Thu, 19 Nov 1981 08:52:00 GMT
      cache-control:
      - no-store, no-cache, must-revalidate
      pragma:
      - no-cache
    body:
      encoding: UTF-8
      string: '{"access_token":"be46bb3b-9e6b-4424-bc24-81f63a752917","expires_in":3600,"token_type":"bearer","scope":null,"refresh_token":"2c9bae1f-71d6-4712-983d-d2967b7b2f5b","refresh_expires_in":1209600,"download_token":"1a64dc89-8b78-4923-b9f7-c89bafb147ea"}'
  recorded_at: Mon, 04 Oct 2021 17:22:53 GMT
- request:
    method: get
    uri: https://sandbox-crm.cme.openhbx.org/rest/v11_8/Contacts?filter%5B%5D%5Baccounts.id%5D=b40009fc-2537-11ec-a0fc-0241d1fb84dd
    body:
      encoding: US-ASCII
      string: ''
    headers:
      User-Agent:
      - Faraday v1.4.3
      Authorization:
      - Bearer be46bb3b-9e6b-4424-bc24-81f63a752917
  response:
    status:
      code: 200
      message: OK
    headers:
      server:
      - nginx/1.16.1
      date:
      - Mon, 04 Oct 2021 17:22:53 GMT
      content-type:
      - application/json
      content-length:
      - '31'
      connection:
      - keep-alive
      expires:
      - ''
      cache-control:
      - max-age=0, private
      pragma:
      - ''
      etag:
      - 5d0cf03cd35880151b2f59eae817b564
    body:
      encoding: UTF-8
      string: '{"records":[],"next_offset":-1}'
  recorded_at: Mon, 04 Oct 2021 17:22:53 GMT
recorded_with: VCR 6.0.0
