---
http_interactions:
- request:
    method: post
    uri: https://sandbox-crm.cme.openhbx.org/rest/v11_8/oauth2/token
    body:
      encoding: UTF-8
      string: client_id=sugar&client_secret=&grant_type=password&params%5Bgrant_type%5D=password&params%5Bpassword%5D=SUGAR_CRM_ENCODED_PASSWORD>&params%5Bplatform%5D=mobile&params%5Busername%5D=<SUGAR_CRM_USERNAME>&password=SUGAR_CRM_ENCODED_PASSWORD>&username=<SUGAR_CRM_USERNAME>
    headers:
      User-Agent:
      - Faraday v1.4.3
      Content-Type:
      - application/x-www-form-urlencoded
  response:
    status:
      code: 200
      message: OK
    headers:
      server:
      - nginx/1.16.1
      date:
      - Mon, 04 Oct 2021 17:23:34 GMT
      content-type:
      - application/json
      content-length:
      - '248'
      connection:
      - keep-alive
      set-cookie:
      - PHPSESSID=nfm682dofcsh7qkg42p3vntpqk; path=/, PHPSESSID=25b46c79-b699-4a94-b9be-1bc39aa65b77;
        path=/, download_token_base=b2cc6dae-bb29-42f7-b7ac-910579efbf93; expires=Mon,
        18-Oct-2021 17:23:34 GMT; Max-Age=1209600; path=/; HttpOnly
      expires:
      - Thu, 19 Nov 1981 08:52:00 GMT
      cache-control:
      - no-store, no-cache, must-revalidate
      pragma:
      - no-cache
    body:
      encoding: UTF-8
      string: '{"access_token":"25b46c79-b699-4a94-b9be-1bc39aa65b77","expires_in":3600,"token_type":"bearer","scope":null,"refresh_token":"43bd4210-75e7-478b-8cfe-bbb9257eeaf6","refresh_expires_in":1209600,"download_token":"b2cc6dae-bb29-42f7-b7ac-910579efbf93"}'
  recorded_at: Mon, 04 Oct 2021 17:23:34 GMT
- request:
    method: post
    uri: https://sandbox-crm.cme.openhbx.org/rest/v11_8/Accounts
    body:
      encoding: UTF-8
      string: '{"hbxid_c":"aa918614ae014d42bb8547a1ae5734e1","name":"John Jacob","email1":"example1@example.com","dob_c":"1981-09-14","billing_address_street":"1111
        Awesome Street NE","billing_address_street_2":"#111","billing_address_street_3":"","billing_address_street_4":null,"billing_address_city":"Washington","billing_address_postalcode":"01001","billing_address_state":"DC","phone_office":"2021030404"}'
    headers:
      User-Agent:
      - Faraday v1.4.3
      Content-Type:
      - application/json
      Authorization:
      - Bearer 25b46c79-b699-4a94-b9be-1bc39aa65b77
  response:
    status:
      code: 200
      message: OK
    headers:
      server:
      - nginx/1.16.1
      date:
      - Mon, 04 Oct 2021 17:23:35 GMT
      content-type:
      - application/json
      content-length:
      - '2969'
      connection:
      - keep-alive
      expires:
      - Thu, 19 Nov 1981 08:52:00 GMT
      cache-control:
      - no-store, no-cache, must-revalidate
      pragma:
      - no-cache
    body:
      encoding: UTF-8
      string: '{"id":"cdb0d4ee-2537-11ec-90f9-0241d1fb84dd","name":"John Jacob","date_entered":"2021-10-04T13:23:34-04:00","date_modified":"2021-10-04T13:23:34-04:00","modified_user_id":"d09fe726-feb8-11eb-a595-0241d1fb84dd","modified_by_name":"Bill
        Transue","modified_user_link":{"full_name":"Bill Transue","id":"d09fe726-feb8-11eb-a595-0241d1fb84dd","_acl":{"fields":{"pwd_last_changed":{"write":"no","create":"no"},"last_login":{"write":"no","create":"no"}},"_hash":"6d408abe1708e7afd72eaecf780699c2"}},"created_by":"d09fe726-feb8-11eb-a595-0241d1fb84dd","created_by_name":"Bill
        Transue","created_by_link":{"full_name":"Bill Transue","id":"d09fe726-feb8-11eb-a595-0241d1fb84dd","_acl":{"fields":{"pwd_last_changed":{"write":"no","create":"no"},"last_login":{"write":"no","create":"no"}},"_hash":"6d408abe1708e7afd72eaecf780699c2"}},"description":"","deleted":false,"facebook":"","twitter":"","googleplus":"","account_type":"","industry":"","annual_revenue":"","phone_fax":"","billing_address_street":"1111
        Awesome Street NE\n#111","billing_address_street_2":"","billing_address_street_3":"","billing_address_street_4":"","billing_address_city":"Washington","billing_address_state":"DC","billing_address_postalcode":"01001","billing_address_country":"","rating":"","phone_office":"2021030404","phone_alternate":"","website":"","ownership":"","employees":"","ticker_symbol":"","shipping_address_street":"","shipping_address_street_2":"","shipping_address_street_3":"","shipping_address_street_4":"","shipping_address_city":"","shipping_address_state":"","shipping_address_postalcode":"","shipping_address_country":"","service_level":"","parent_id":"","sic_code":"","duns_num":"","parent_name":"","member_of":{"name":"","id":"","_acl":{"fields":[],"_hash":"654d337e0e912edaa00dbb0fb3dc3c17"}},"campaign_id":"","campaign_name":"","campaign_accounts":{"name":"","id":"","_acl":{"fields":[],"_hash":"654d337e0e912edaa00dbb0fb3dc3c17"}},"next_renewal_date":"","following":true,"my_favorite":false,"tag":[],"locked_fields":[],"assigned_user_id":"","assigned_user_name":"","assigned_user_link":{"full_name":"","id":"","_acl":{"fields":[],"_hash":"654d337e0e912edaa00dbb0fb3dc3c17"}},"team_count":"","team_count_link":{"team_count":"","id":"1","_acl":{"fields":[],"_hash":"654d337e0e912edaa00dbb0fb3dc3c17"}},"team_name":[{"id":"1","name":"Global","name_2":"","primary":true,"selected":false}],"email":[{"email_address":"example1@example.com","invalid_email":false,"opt_out":false,"email_address_id":"3f48f0fa-163d-11ec-ae61-0241d1fb84dd","primary_address":true,"reply_to_address":false}],"email1":"example1@example.com","email2":"","invalid_email":false,"email_opt_out":false,"email_addresses_non_primary":"","raw_ssn_c":"","last_ea_action_at_c":"","dob_c":"1981-09-14","broker_c":"","next_best_action_c":"","hbxid_c":"aa918614ae014d42bb8547a1ae5734e1","last_ea_action_c":"","enroll_account_link_c":"","ssn_c":"XXX-XX-","opt_out_of_emails_c":false,"_acl":{"fields":{}},"_module":"Accounts"}'
  recorded_at: Mon, 04 Oct 2021 17:23:35 GMT
- request:
    method: post
    uri: https://sandbox-crm.cme.openhbx.org/rest/v11_8/oauth2/token
    body:
      encoding: UTF-8
      string: client_id=sugar&client_secret=&grant_type=password&params%5Bgrant_type%5D=password&params%5Bpassword%5D=SUGAR_CRM_ENCODED_PASSWORD>&params%5Bplatform%5D=mobile&params%5Busername%5D=<SUGAR_CRM_USERNAME>&password=SUGAR_CRM_ENCODED_PASSWORD>&username=<SUGAR_CRM_USERNAME>
    headers:
      User-Agent:
      - Faraday v1.4.3
      Content-Type:
      - application/x-www-form-urlencoded
  response:
    status:
      code: 200
      message: OK
    headers:
      server:
      - nginx/1.16.1
      date:
      - Mon, 04 Oct 2021 17:23:35 GMT
      content-type:
      - application/json
      content-length:
      - '248'
      connection:
      - keep-alive
      set-cookie:
      - PHPSESSID=oamvklhed6as22r6t0su7ssgj0; path=/, PHPSESSID=6a48f378-aa61-499d-a6b0-b6490a50b94b;
        path=/, download_token_base=40a92d4f-fa8b-4223-b50e-612a1cb6d6ca; expires=Mon,
        18-Oct-2021 17:23:35 GMT; Max-Age=1209600; path=/; HttpOnly
      expires:
      - Thu, 19 Nov 1981 08:52:00 GMT
      cache-control:
      - no-store, no-cache, must-revalidate
      pragma:
      - no-cache
    body:
      encoding: UTF-8
      string: '{"access_token":"6a48f378-aa61-499d-a6b0-b6490a50b94b","expires_in":3600,"token_type":"bearer","scope":null,"refresh_token":"0b876a25-7dde-45aa-baa8-ea6b3f3d607f","refresh_expires_in":1209600,"download_token":"40a92d4f-fa8b-4223-b50e-612a1cb6d6ca"}'
  recorded_at: Mon, 04 Oct 2021 17:23:35 GMT
- request:
    method: post
    uri: https://sandbox-crm.cme.openhbx.org/rest/v11_8/Contacts
    body:
      encoding: UTF-8
      string: '{"hbxid_c":"aa918614ae014d42bb8547a1ae5734e1","first_name":"John","last_name":"Jacob","phone_mobile":"2021030404","email1":"example1@example.com","account.id":"cdb0d4ee-2537-11ec-90f9-0241d1fb84dd"}'
    headers:
      User-Agent:
      - Faraday v1.4.3
      Content-Type:
      - application/json
      Authorization:
      - Bearer 6a48f378-aa61-499d-a6b0-b6490a50b94b
  response:
    status:
      code: 200
      message: OK
    headers:
      server:
      - nginx/1.16.1
      date:
      - Mon, 04 Oct 2021 17:23:35 GMT
      content-type:
      - application/json
      content-length:
      - '3853'
      connection:
      - keep-alive
      expires:
      - Thu, 19 Nov 1981 08:52:00 GMT
      cache-control:
      - no-store, no-cache, must-revalidate
      pragma:
      - no-cache
    body:
      encoding: UTF-8
      string: '{"id":"ce5bf73e-2537-11ec-81c5-0241d1fb84dd","name":"John Jacob","date_entered":"2021-10-04T13:23:35-04:00","date_modified":"2021-10-04T13:23:35-04:00","modified_user_id":"d09fe726-feb8-11eb-a595-0241d1fb84dd","modified_by_name":"Bill
        Transue","modified_user_link":{"full_name":"Bill Transue","id":"d09fe726-feb8-11eb-a595-0241d1fb84dd","_acl":{"fields":{"pwd_last_changed":{"write":"no","create":"no"},"last_login":{"write":"no","create":"no"}},"_hash":"6d408abe1708e7afd72eaecf780699c2"}},"created_by":"d09fe726-feb8-11eb-a595-0241d1fb84dd","created_by_name":"Bill
        Transue","created_by_link":{"full_name":"Bill Transue","id":"d09fe726-feb8-11eb-a595-0241d1fb84dd","_acl":{"fields":{"pwd_last_changed":{"write":"no","create":"no"},"last_login":{"write":"no","create":"no"}},"_hash":"6d408abe1708e7afd72eaecf780699c2"}},"description":"","deleted":false,"salutation":"","first_name":"John","last_name":"Jacob","full_name":"John
        Jacob","title":"","facebook":"","twitter":"","googleplus":"","department":"","do_not_call":false,"phone_home":"","phone_mobile":"2021030404","phone_work":"","phone_other":"","phone_fax":"","primary_address_street":"","primary_address_street_2":"","primary_address_street_3":"","primary_address_city":"","primary_address_state":"","primary_address_postalcode":"","primary_address_country":"","alt_address_street":"","alt_address_street_2":"","alt_address_street_3":"","alt_address_city":"","alt_address_state":"","alt_address_postalcode":"","alt_address_country":"","assistant":"","assistant_phone":"","picture":"","email_and_name1":"","lead_source":"","account_name":"","accounts":{"name":"","id":"","_acl":{"fields":[],"_hash":"654d337e0e912edaa00dbb0fb3dc3c17"}},"account_id":"","dnb_principal_id":"","opportunity_role_fields":"","opportunities":{"id":""},"opportunity_role_id":"","opportunity_role":"","reports_to_id":"","report_to_name":"","reports_to_link":{"name":"","id":"","_acl":{"fields":[],"_hash":"654d337e0e912edaa00dbb0fb3dc3c17"}},"birthdate":"","portal_name":"","portal_active":false,"portal_password":null,"portal_password1":null,"portal_app":"","portal_user_company_name":"","preferred_language":"","cookie_consent":false,"cookie_consent_received_on":"","business_center_name":"","business_centers":{"name":"","id":"","_acl":{"fields":[],"access":"no","view":"no","list":"no","edit":"no","delete":"no","import":"no","export":"no","massupdate":"no","_hash":"3fd204ac1b6d951752c529c51f978bc3"}},"business_center_id":"","dp_business_purpose":[],"dp_consent_last_updated":"2021-10-04","campaign_id":"","campaign_name":"","campaign_contacts":{"name":"","id":"","_acl":{"fields":[],"_hash":"654d337e0e912edaa00dbb0fb3dc3c17"}},"c_accept_status_fields":"","calls":{"id":""},"m_accept_status_fields":"","meetings":{"id":""},"accept_status_id":"","accept_status_name":"","accept_status_calls":"","accept_status_meetings":"","sync_contact":false,"mkto_sync":false,"mkto_id":null,"mkto_lead_score":null,"entry_source":"internal","site_user_id":"","following":true,"my_favorite":false,"tag":[],"locked_fields":[],"assigned_user_id":"","assigned_user_name":"","assigned_user_link":{"full_name":"","id":"","_acl":{"fields":[],"_hash":"654d337e0e912edaa00dbb0fb3dc3c17"}},"team_count":"","team_count_link":{"team_count":"","id":"1","_acl":{"fields":[],"_hash":"654d337e0e912edaa00dbb0fb3dc3c17"}},"team_name":[{"id":"1","name":"Global","name_2":"","primary":true,"selected":false}],"email":[{"email_address":"example1@example.com","invalid_email":false,"opt_out":false,"email_address_id":"3f48f0fa-163d-11ec-ae61-0241d1fb84dd","primary_address":true,"reply_to_address":false}],"email1":"example1@example.com","email2":"","invalid_email":false,"email_opt_out":false,"email_addresses_non_primary":"","gender_c":"male","relationship_c":"","hbxid_c":"aa918614ae014d42bb8547a1ae5734e1","_acl":{"fields":{}},"_module":"Contacts"}'
  recorded_at: Mon, 04 Oct 2021 17:23:35 GMT
- request:
    method: post
    uri: https://sandbox-crm.cme.openhbx.org/rest/v11_8/oauth2/token
    body:
      encoding: UTF-8
      string: client_id=sugar&client_secret=&grant_type=password&params%5Bgrant_type%5D=password&params%5Bpassword%5D=SUGAR_CRM_ENCODED_PASSWORD>&params%5Bplatform%5D=mobile&params%5Busername%5D=<SUGAR_CRM_USERNAME>&password=SUGAR_CRM_ENCODED_PASSWORD>&username=<SUGAR_CRM_USERNAME>
    headers:
      User-Agent:
      - Faraday v1.4.3
      Content-Type:
      - application/x-www-form-urlencoded
  response:
    status:
      code: 200
      message: OK
    headers:
      server:
      - nginx/1.16.1
      date:
      - Mon, 04 Oct 2021 17:23:36 GMT
      content-type:
      - application/json
      content-length:
      - '248'
      connection:
      - keep-alive
      set-cookie:
      - PHPSESSID=la6mm1hp1d8k27374j7e8rubr2; path=/, PHPSESSID=ec1e5735-245a-4c62-8457-46ec267e70ce;
        path=/, download_token_base=b3579ed3-5db9-4324-84b9-bc47b9e6557b; expires=Mon,
        18-Oct-2021 17:23:36 GMT; Max-Age=1209600; path=/; HttpOnly
      expires:
      - Thu, 19 Nov 1981 08:52:00 GMT
      cache-control:
      - no-store, no-cache, must-revalidate
      pragma:
      - no-cache
    body:
      encoding: UTF-8
      string: '{"access_token":"ec1e5735-245a-4c62-8457-46ec267e70ce","expires_in":3600,"token_type":"bearer","scope":null,"refresh_token":"448a5eec-4999-418d-a907-4eef0eb927bb","refresh_expires_in":1209600,"download_token":"b3579ed3-5db9-4324-84b9-bc47b9e6557b"}'
  recorded_at: Mon, 04 Oct 2021 17:23:36 GMT
- request:
    method: get
    uri: https://sandbox-crm.cme.openhbx.org/rest/v11_8/Accounts?filter%5B%5D%5Bhbxid_c%5D=aa918614ae014d42bb8547a1ae5734e1
    body:
      encoding: US-ASCII
      string: ''
    headers:
      User-Agent:
      - Faraday v1.4.3
      Authorization:
      - Bearer ec1e5735-245a-4c62-8457-46ec267e70ce
  response:
    status:
      code: 200
      message: OK
    headers:
      server:
      - nginx/1.16.1
      date:
      - Mon, 04 Oct 2021 17:23:36 GMT
      content-type:
      - application/json
      content-length:
      - '60497'
      connection:
      - keep-alive
      expires:
      - ''
      cache-control:
      - max-age=0, private
      pragma:
      - ''
      etag:
      - 5a060b91bea15038819c1b113072f995
    body:
      encoding: UTF-8
      string: '{"next_offset":20,"records":[{"id":"cdb0d4ee-2537-11ec-90f9-0241d1fb84dd","name":"John
        Jacob","date_entered":"2021-10-04T13:23:34-04:00","date_modified":"2021-10-04T13:23:34-04:00","modified_user_id":"d09fe726-feb8-11eb-a595-0241d1fb84dd","modified_by_name":"Bill
        Transue","modified_user_link":{"full_name":"Bill Transue","id":"d09fe726-feb8-11eb-a595-0241d1fb84dd","_acl":{"fields":{"pwd_last_changed":{"write":"no","create":"no"},"last_login":{"write":"no","create":"no"}},"_hash":"6d408abe1708e7afd72eaecf780699c2"}},"created_by":"d09fe726-feb8-11eb-a595-0241d1fb84dd","created_by_name":"Bill
        Transue","created_by_link":{"full_name":"Bill Transue","id":"d09fe726-feb8-11eb-a595-0241d1fb84dd","_acl":{"fields":{"pwd_last_changed":{"write":"no","create":"no"},"last_login":{"write":"no","create":"no"}},"_hash":"6d408abe1708e7afd72eaecf780699c2"}},"description":"","deleted":false,"facebook":"","twitter":"","googleplus":"","account_type":"","industry":"","annual_revenue":"","phone_fax":"","billing_address_street":"1111
        Awesome Street NE\n#111","billing_address_street_2":"","billing_address_street_3":"","billing_address_street_4":"","billing_address_city":"Washington","billing_address_state":"DC","billing_address_postalcode":"01001","billing_address_country":"","rating":"","phone_office":"2021030404","phone_alternate":"","website":"","ownership":"","employees":"","ticker_symbol":"","shipping_address_street":"","shipping_address_street_2":"","shipping_address_street_3":"","shipping_address_street_4":"","shipping_address_city":"","shipping_address_state":"","shipping_address_postalcode":"","shipping_address_country":"","service_level":"","parent_id":"","sic_code":"","duns_num":"","parent_name":"","member_of":{"name":"","id":"","_acl":{"fields":[],"_hash":"654d337e0e912edaa00dbb0fb3dc3c17"}},"campaign_id":"","campaign_name":"","campaign_accounts":{"name":"","id":"","_acl":{"fields":[],"_hash":"654d337e0e912edaa00dbb0fb3dc3c17"}},"next_renewal_date":"","following":true,"my_favorite":false,"tag":[],"locked_fields":[],"assigned_user_id":"","assigned_user_name":"","assigned_user_link":{"full_name":"","id":"","_acl":{"fields":[],"_hash":"654d337e0e912edaa00dbb0fb3dc3c17"}},"team_count":"","team_count_link":{"team_count":"","id":"1","_acl":{"fields":[],"_hash":"654d337e0e912edaa00dbb0fb3dc3c17"}},"team_name":[{"id":"1","name":"Global","name_2":"","primary":true,"selected":false}],"email":[{"email_address":"example1@example.com","primary_address":true,"reply_to_address":false,"invalid_email":false,"opt_out":false,"email_address_id":"3f48f0fa-163d-11ec-ae61-0241d1fb84dd"}],"email1":"example1@example.com","email2":"","invalid_email":false,"email_opt_out":false,"email_addresses_non_primary":"","raw_ssn_c":"","last_ea_action_at_c":"","dob_c":"1981-09-14","broker_c":"","next_best_action_c":"","hbxid_c":"aa918614ae014d42bb8547a1ae5734e1","last_ea_action_c":"","enroll_account_link_c":"","ssn_c":"XXX-XX-","opt_out_of_emails_c":false,"_acl":{"fields":{}},"_module":"Accounts"},{"id":"cc8962ca-2537-11ec-93b1-0241d1fb84dd","name":"John
        Jacob","date_entered":"2021-10-04T13:23:32-04:00","date_modified":"2021-10-04T13:23:32-04:00","modified_user_id":"d09fe726-feb8-11eb-a595-0241d1fb84dd","modified_by_name":"Bill
        Transue","modified_user_link":{"full_name":"Bill Transue","id":"d09fe726-feb8-11eb-a595-0241d1fb84dd","_acl":{"fields":{"pwd_last_changed":{"write":"no","create":"no"},"last_login":{"write":"no","create":"no"}},"_hash":"6d408abe1708e7afd72eaecf780699c2"}},"created_by":"d09fe726-feb8-11eb-a595-0241d1fb84dd","created_by_name":"Bill
        Transue","created_by_link":{"full_name":"Bill Transue","id":"d09fe726-feb8-11eb-a595-0241d1fb84dd","_acl":{"fields":{"pwd_last_changed":{"write":"no","create":"no"},"last_login":{"write":"no","create":"no"}},"_hash":"6d408abe1708e7afd72eaecf780699c2"}},"description":"","deleted":false,"facebook":"","twitter":"","googleplus":"","account_type":"","industry":"","annual_revenue":"","phone_fax":"","billing_address_street":"1111
        Awesome Street NE\n#111","billing_address_street_2":"","billing_address_street_3":"","billing_address_street_4":"","billing_address_city":"Washington","billing_address_state":"DC","billing_address_postalcode":"01001","billing_address_country":"","rating":"","phone_office":"2021030404","phone_alternate":"","website":"","ownership":"","employees":"","ticker_symbol":"","shipping_address_street":"","shipping_address_street_2":"","shipping_address_street_3":"","shipping_address_street_4":"","shipping_address_city":"","shipping_address_state":"","shipping_address_postalcode":"","shipping_address_country":"","service_level":"","parent_id":"","sic_code":"","duns_num":"","parent_name":"","member_of":{"name":"","id":"","_acl":{"fields":[],"_hash":"654d337e0e912edaa00dbb0fb3dc3c17"}},"campaign_id":"","campaign_name":"","campaign_accounts":{"name":"","id":"","_acl":{"fields":[],"_hash":"654d337e0e912edaa00dbb0fb3dc3c17"}},"next_renewal_date":"","following":true,"my_favorite":false,"tag":[],"locked_fields":[],"assigned_user_id":"","assigned_user_name":"","assigned_user_link":{"full_name":"","id":"","_acl":{"fields":[],"_hash":"654d337e0e912edaa00dbb0fb3dc3c17"}},"team_count":"","team_count_link":{"team_count":"","id":"1","_acl":{"fields":[],"_hash":"654d337e0e912edaa00dbb0fb3dc3c17"}},"team_name":[{"id":"1","name":"Global","name_2":"","primary":true,"selected":false}],"email":[{"email_address":"example1@example.com","primary_address":true,"reply_to_address":false,"invalid_email":false,"opt_out":false,"email_address_id":"3f48f0fa-163d-11ec-ae61-0241d1fb84dd"}],"email1":"example1@example.com","email2":"","invalid_email":false,"email_opt_out":false,"email_addresses_non_primary":"","raw_ssn_c":"","last_ea_action_at_c":"","dob_c":"1981-09-14","broker_c":"","next_best_action_c":"","hbxid_c":"aa918614ae014d42bb8547a1ae5734e1","last_ea_action_c":"","enroll_account_link_c":"","ssn_c":"XXX-XX-","opt_out_of_emails_c":false,"_acl":{"fields":{}},"_module":"Accounts"},{"id":"cb41199e-2537-11ec-8578-0241d1fb84dd","name":"John
        Jacob","date_entered":"2021-10-04T13:23:30-04:00","date_modified":"2021-10-04T13:23:30-04:00","modified_user_id":"d09fe726-feb8-11eb-a595-0241d1fb84dd","modified_by_name":"Bill
        Transue","modified_user_link":{"full_name":"Bill Transue","id":"d09fe726-feb8-11eb-a595-0241d1fb84dd","_acl":{"fields":{"pwd_last_changed":{"write":"no","create":"no"},"last_login":{"write":"no","create":"no"}},"_hash":"6d408abe1708e7afd72eaecf780699c2"}},"created_by":"d09fe726-feb8-11eb-a595-0241d1fb84dd","created_by_name":"Bill
        Transue","created_by_link":{"full_name":"Bill Transue","id":"d09fe726-feb8-11eb-a595-0241d1fb84dd","_acl":{"fields":{"pwd_last_changed":{"write":"no","create":"no"},"last_login":{"write":"no","create":"no"}},"_hash":"6d408abe1708e7afd72eaecf780699c2"}},"description":"","deleted":false,"facebook":"","twitter":"","googleplus":"","account_type":"","industry":"","annual_revenue":"","phone_fax":"","billing_address_street":"1111
        Awesome Street NE\n#111","billing_address_street_2":"","billing_address_street_3":"","billing_address_street_4":"","billing_address_city":"Washington","billing_address_state":"DC","billing_address_postalcode":"01001","billing_address_country":"","rating":"","phone_office":"2021030404","phone_alternate":"","website":"","ownership":"","employees":"","ticker_symbol":"","shipping_address_street":"","shipping_address_street_2":"","shipping_address_street_3":"","shipping_address_street_4":"","shipping_address_city":"","shipping_address_state":"","shipping_address_postalcode":"","shipping_address_country":"","service_level":"","parent_id":"","sic_code":"","duns_num":"","parent_name":"","member_of":{"name":"","id":"","_acl":{"fields":[],"_hash":"654d337e0e912edaa00dbb0fb3dc3c17"}},"campaign_id":"","campaign_name":"","campaign_accounts":{"name":"","id":"","_acl":{"fields":[],"_hash":"654d337e0e912edaa00dbb0fb3dc3c17"}},"next_renewal_date":"","following":true,"my_favorite":false,"tag":[],"locked_fields":[],"assigned_user_id":"","assigned_user_name":"","assigned_user_link":{"full_name":"","id":"","_acl":{"fields":[],"_hash":"654d337e0e912edaa00dbb0fb3dc3c17"}},"team_count":"","team_count_link":{"team_count":"","id":"1","_acl":{"fields":[],"_hash":"654d337e0e912edaa00dbb0fb3dc3c17"}},"team_name":[{"id":"1","name":"Global","name_2":"","primary":true,"selected":false}],"email":[{"email_address":"example1@example.com","primary_address":true,"reply_to_address":false,"invalid_email":false,"opt_out":false,"email_address_id":"3f48f0fa-163d-11ec-ae61-0241d1fb84dd"}],"email1":"example1@example.com","email2":"","invalid_email":false,"email_opt_out":false,"email_addresses_non_primary":"","raw_ssn_c":"","last_ea_action_at_c":"","dob_c":"1981-09-14","broker_c":"","next_best_action_c":"","hbxid_c":"aa918614ae014d42bb8547a1ae5734e1","last_ea_action_c":"","enroll_account_link_c":"","ssn_c":"XXX-XX-","opt_out_of_emails_c":false,"_acl":{"fields":{}},"_module":"Accounts"},{"id":"ca841fba-2537-11ec-9a78-0241d1fb84dd","name":"John
        Jacob","date_entered":"2021-10-04T13:23:29-04:00","date_modified":"2021-10-04T13:23:29-04:00","modified_user_id":"d09fe726-feb8-11eb-a595-0241d1fb84dd","modified_by_name":"Bill
        Transue","modified_user_link":{"full_name":"Bill Transue","id":"d09fe726-feb8-11eb-a595-0241d1fb84dd","_acl":{"fields":{"pwd_last_changed":{"write":"no","create":"no"},"last_login":{"write":"no","create":"no"}},"_hash":"6d408abe1708e7afd72eaecf780699c2"}},"created_by":"d09fe726-feb8-11eb-a595-0241d1fb84dd","created_by_name":"Bill
        Transue","created_by_link":{"full_name":"Bill Transue","id":"d09fe726-feb8-11eb-a595-0241d1fb84dd","_acl":{"fields":{"pwd_last_changed":{"write":"no","create":"no"},"last_login":{"write":"no","create":"no"}},"_hash":"6d408abe1708e7afd72eaecf780699c2"}},"description":"","deleted":false,"facebook":"","twitter":"","googleplus":"","account_type":"","industry":"","annual_revenue":"","phone_fax":"","billing_address_street":"1111
        Awesome Street NE\n#111","billing_address_street_2":"","billing_address_street_3":"","billing_address_street_4":"","billing_address_city":"Washington","billing_address_state":"DC","billing_address_postalcode":"01001","billing_address_country":"","rating":"","phone_office":"2021030404","phone_alternate":"","website":"","ownership":"","employees":"","ticker_symbol":"","shipping_address_street":"","shipping_address_street_2":"","shipping_address_street_3":"","shipping_address_street_4":"","shipping_address_city":"","shipping_address_state":"","shipping_address_postalcode":"","shipping_address_country":"","service_level":"","parent_id":"","sic_code":"","duns_num":"","parent_name":"","member_of":{"name":"","id":"","_acl":{"fields":[],"_hash":"654d337e0e912edaa00dbb0fb3dc3c17"}},"campaign_id":"","campaign_name":"","campaign_accounts":{"name":"","id":"","_acl":{"fields":[],"_hash":"654d337e0e912edaa00dbb0fb3dc3c17"}},"next_renewal_date":"","following":true,"my_favorite":false,"tag":[],"locked_fields":[],"assigned_user_id":"","assigned_user_name":"","assigned_user_link":{"full_name":"","id":"","_acl":{"fields":[],"_hash":"654d337e0e912edaa00dbb0fb3dc3c17"}},"team_count":"","team_count_link":{"team_count":"","id":"1","_acl":{"fields":[],"_hash":"654d337e0e912edaa00dbb0fb3dc3c17"}},"team_name":[{"id":"1","name":"Global","name_2":"","primary":true,"selected":false}],"email":[{"email_address":"example1@example.com","primary_address":true,"reply_to_address":false,"invalid_email":false,"opt_out":false,"email_address_id":"3f48f0fa-163d-11ec-ae61-0241d1fb84dd"}],"email1":"example1@example.com","email2":"","invalid_email":false,"email_opt_out":false,"email_addresses_non_primary":"","raw_ssn_c":"","last_ea_action_at_c":"","dob_c":"1981-09-14","broker_c":"","next_best_action_c":"","hbxid_c":"aa918614ae014d42bb8547a1ae5734e1","last_ea_action_c":"","enroll_account_link_c":"","ssn_c":"XXX-XX-","opt_out_of_emails_c":false,"_acl":{"fields":{}},"_module":"Accounts"},{"id":"c853c3d0-2537-11ec-b9b6-0241d1fb84dd","name":"John
        Smith1","date_entered":"2021-10-04T13:23:25-04:00","date_modified":"2021-10-04T13:23:25-04:00","modified_user_id":"d09fe726-feb8-11eb-a595-0241d1fb84dd","modified_by_name":"Bill
        Transue","modified_user_link":{"full_name":"Bill Transue","id":"d09fe726-feb8-11eb-a595-0241d1fb84dd","_acl":{"fields":{"pwd_last_changed":{"write":"no","create":"no"},"last_login":{"write":"no","create":"no"}},"_hash":"6d408abe1708e7afd72eaecf780699c2"}},"created_by":"d09fe726-feb8-11eb-a595-0241d1fb84dd","created_by_name":"Bill
        Transue","created_by_link":{"full_name":"Bill Transue","id":"d09fe726-feb8-11eb-a595-0241d1fb84dd","_acl":{"fields":{"pwd_last_changed":{"write":"no","create":"no"},"last_login":{"write":"no","create":"no"}},"_hash":"6d408abe1708e7afd72eaecf780699c2"}},"description":"","deleted":false,"facebook":"","twitter":"","googleplus":"","account_type":"","industry":"","annual_revenue":"","phone_fax":"","billing_address_street":"1111
        Awesome Street NE\n#111","billing_address_street_2":"","billing_address_street_3":"","billing_address_street_4":"","billing_address_city":"Washington","billing_address_state":"DC","billing_address_postalcode":"01001","billing_address_country":"","rating":"","phone_office":"(202)
        103-0404","phone_alternate":"","website":"","ownership":"","employees":"","ticker_symbol":"","shipping_address_street":"","shipping_address_street_2":"","shipping_address_street_3":"","shipping_address_street_4":"","shipping_address_city":"","shipping_address_state":"","shipping_address_postalcode":"","shipping_address_country":"","service_level":"","parent_id":"","sic_code":"","duns_num":"","parent_name":"","member_of":{"name":"","id":"","_acl":{"fields":[],"_hash":"654d337e0e912edaa00dbb0fb3dc3c17"}},"campaign_id":"","campaign_name":"","campaign_accounts":{"name":"","id":"","_acl":{"fields":[],"_hash":"654d337e0e912edaa00dbb0fb3dc3c17"}},"next_renewal_date":"","following":true,"my_favorite":false,"tag":[],"locked_fields":[],"assigned_user_id":"","assigned_user_name":"","assigned_user_link":{"full_name":"","id":"","_acl":{"fields":[],"_hash":"654d337e0e912edaa00dbb0fb3dc3c17"}},"team_count":"","team_count_link":{"team_count":"","id":"1","_acl":{"fields":[],"_hash":"654d337e0e912edaa00dbb0fb3dc3c17"}},"team_name":[{"id":"1","name":"Global","name_2":"","primary":true,"selected":false}],"email":[{"email_address":"example1@example.com","primary_address":true,"reply_to_address":false,"invalid_email":false,"opt_out":false,"email_address_id":"3f48f0fa-163d-11ec-ae61-0241d1fb84dd"}],"email1":"example1@example.com","email2":"","invalid_email":false,"email_opt_out":false,"email_addresses_non_primary":"","raw_ssn_c":"775481172","last_ea_action_at_c":"","dob_c":"1981-09-14","broker_c":"","next_best_action_c":"","hbxid_c":"aa918614ae014d42bb8547a1ae5734e1","last_ea_action_c":"","enroll_account_link_c":"","ssn_c":"XXX-XX-1172","opt_out_of_emails_c":false,"_acl":{"fields":{}},"_module":"Accounts"},{"id":"c6dbe7a8-2537-11ec-8315-0241d1fb84dd","name":"John
        Smith1","date_entered":"2021-10-04T13:23:23-04:00","date_modified":"2021-10-04T13:23:24-04:00","modified_user_id":"d09fe726-feb8-11eb-a595-0241d1fb84dd","modified_by_name":"Bill
        Transue","modified_user_link":{"full_name":"Bill Transue","id":"d09fe726-feb8-11eb-a595-0241d1fb84dd","_acl":{"fields":{"pwd_last_changed":{"write":"no","create":"no"},"last_login":{"write":"no","create":"no"}},"_hash":"6d408abe1708e7afd72eaecf780699c2"}},"created_by":"d09fe726-feb8-11eb-a595-0241d1fb84dd","created_by_name":"Bill
        Transue","created_by_link":{"full_name":"Bill Transue","id":"d09fe726-feb8-11eb-a595-0241d1fb84dd","_acl":{"fields":{"pwd_last_changed":{"write":"no","create":"no"},"last_login":{"write":"no","create":"no"}},"_hash":"6d408abe1708e7afd72eaecf780699c2"}},"description":"","deleted":false,"facebook":"","twitter":"","googleplus":"","account_type":"","industry":"","annual_revenue":"","phone_fax":"","billing_address_street":"1111
        Awesome Street NE\n#111","billing_address_street_2":"","billing_address_street_3":"","billing_address_street_4":"","billing_address_city":"Washington","billing_address_state":"DC","billing_address_postalcode":"01001","billing_address_country":"","rating":"","phone_office":"(202)
        103-0404","phone_alternate":"","website":"","ownership":"","employees":"","ticker_symbol":"","shipping_address_street":"","shipping_address_street_2":"","shipping_address_street_3":"","shipping_address_street_4":"","shipping_address_city":"","shipping_address_state":"","shipping_address_postalcode":"","shipping_address_country":"","service_level":"","parent_id":"","sic_code":"","duns_num":"","parent_name":"","member_of":{"name":"","id":"","_acl":{"fields":[],"_hash":"654d337e0e912edaa00dbb0fb3dc3c17"}},"campaign_id":"","campaign_name":"","campaign_accounts":{"name":"","id":"","_acl":{"fields":[],"_hash":"654d337e0e912edaa00dbb0fb3dc3c17"}},"next_renewal_date":"","following":true,"my_favorite":false,"tag":[],"locked_fields":[],"assigned_user_id":"","assigned_user_name":"","assigned_user_link":{"full_name":"","id":"","_acl":{"fields":[],"_hash":"654d337e0e912edaa00dbb0fb3dc3c17"}},"team_count":"","team_count_link":{"team_count":"","id":"1","_acl":{"fields":[],"_hash":"654d337e0e912edaa00dbb0fb3dc3c17"}},"team_name":[{"id":"1","name":"Global","name_2":"","primary":true,"selected":false}],"email":[{"email_address":"example1@example.com","primary_address":true,"reply_to_address":false,"invalid_email":false,"opt_out":false,"email_address_id":"3f48f0fa-163d-11ec-ae61-0241d1fb84dd"}],"email1":"example1@example.com","email2":"","invalid_email":false,"email_opt_out":false,"email_addresses_non_primary":"","raw_ssn_c":"775481172","last_ea_action_at_c":"","dob_c":"1981-09-14","broker_c":"","next_best_action_c":"","hbxid_c":"aa918614ae014d42bb8547a1ae5734e1","last_ea_action_c":"","enroll_account_link_c":"","ssn_c":"XXX-XX-1172","opt_out_of_emails_c":false,"_acl":{"fields":{}},"_module":"Accounts"},{"id":"c5936e0c-2537-11ec-bd72-0241d1fb84dd","name":"John
        Smith1","date_entered":"2021-10-04T13:23:20-04:00","date_modified":"2021-10-04T13:23:20-04:00","modified_user_id":"d09fe726-feb8-11eb-a595-0241d1fb84dd","modified_by_name":"Bill
        Transue","modified_user_link":{"full_name":"Bill Transue","id":"d09fe726-feb8-11eb-a595-0241d1fb84dd","_acl":{"fields":{"pwd_last_changed":{"write":"no","create":"no"},"last_login":{"write":"no","create":"no"}},"_hash":"6d408abe1708e7afd72eaecf780699c2"}},"created_by":"d09fe726-feb8-11eb-a595-0241d1fb84dd","created_by_name":"Bill
        Transue","created_by_link":{"full_name":"Bill Transue","id":"d09fe726-feb8-11eb-a595-0241d1fb84dd","_acl":{"fields":{"pwd_last_changed":{"write":"no","create":"no"},"last_login":{"write":"no","create":"no"}},"_hash":"6d408abe1708e7afd72eaecf780699c2"}},"description":"","deleted":false,"facebook":"","twitter":"","googleplus":"","account_type":"","industry":"","annual_revenue":"","phone_fax":"","billing_address_street":"1111
        Awesome Street NE\n#111","billing_address_street_2":"","billing_address_street_3":"","billing_address_street_4":"","billing_address_city":"Washington","billing_address_state":"DC","billing_address_postalcode":"01001","billing_address_country":"","rating":"","phone_office":"(202)
        103-0404","phone_alternate":"","website":"","ownership":"","employees":"","ticker_symbol":"","shipping_address_street":"","shipping_address_street_2":"","shipping_address_street_3":"","shipping_address_street_4":"","shipping_address_city":"","shipping_address_state":"","shipping_address_postalcode":"","shipping_address_country":"","service_level":"","parent_id":"","sic_code":"","duns_num":"","parent_name":"","member_of":{"name":"","id":"","_acl":{"fields":[],"_hash":"654d337e0e912edaa00dbb0fb3dc3c17"}},"campaign_id":"","campaign_name":"","campaign_accounts":{"name":"","id":"","_acl":{"fields":[],"_hash":"654d337e0e912edaa00dbb0fb3dc3c17"}},"next_renewal_date":"","following":true,"my_favorite":false,"tag":[],"locked_fields":[],"assigned_user_id":"","assigned_user_name":"","assigned_user_link":{"full_name":"","id":"","_acl":{"fields":[],"_hash":"654d337e0e912edaa00dbb0fb3dc3c17"}},"team_count":"","team_count_link":{"team_count":"","id":"1","_acl":{"fields":[],"_hash":"654d337e0e912edaa00dbb0fb3dc3c17"}},"team_name":[{"id":"1","name":"Global","name_2":"","primary":true,"selected":false}],"email":[{"email_address":"example1@example.com","primary_address":true,"reply_to_address":false,"invalid_email":false,"opt_out":false,"email_address_id":"3f48f0fa-163d-11ec-ae61-0241d1fb84dd"}],"email1":"example1@example.com","email2":"","invalid_email":false,"email_opt_out":false,"email_addresses_non_primary":"","raw_ssn_c":"775481172","last_ea_action_at_c":"","dob_c":"1981-09-14","broker_c":"","next_best_action_c":"","hbxid_c":"aa918614ae014d42bb8547a1ae5734e1","last_ea_action_c":"","enroll_account_link_c":"","ssn_c":"XXX-XX-1172","opt_out_of_emails_c":false,"_acl":{"fields":{}},"_module":"Accounts"},{"id":"c46a65d0-2537-11ec-8a38-0241d1fb84dd","name":"John
        Smith1","date_entered":"2021-10-04T13:23:18-04:00","date_modified":"2021-10-04T13:23:18-04:00","modified_user_id":"d09fe726-feb8-11eb-a595-0241d1fb84dd","modified_by_name":"Bill
        Transue","modified_user_link":{"full_name":"Bill Transue","id":"d09fe726-feb8-11eb-a595-0241d1fb84dd","_acl":{"fields":{"pwd_last_changed":{"write":"no","create":"no"},"last_login":{"write":"no","create":"no"}},"_hash":"6d408abe1708e7afd72eaecf780699c2"}},"created_by":"d09fe726-feb8-11eb-a595-0241d1fb84dd","created_by_name":"Bill
        Transue","created_by_link":{"full_name":"Bill Transue","id":"d09fe726-feb8-11eb-a595-0241d1fb84dd","_acl":{"fields":{"pwd_last_changed":{"write":"no","create":"no"},"last_login":{"write":"no","create":"no"}},"_hash":"6d408abe1708e7afd72eaecf780699c2"}},"description":"","deleted":false,"facebook":"","twitter":"","googleplus":"","account_type":"","industry":"","annual_revenue":"","phone_fax":"","billing_address_street":"1111
        Awesome Street NE\n#111","billing_address_street_2":"","billing_address_street_3":"","billing_address_street_4":"","billing_address_city":"Washington","billing_address_state":"DC","billing_address_postalcode":"01001","billing_address_country":"","rating":"","phone_office":"(202)
        103-0404","phone_alternate":"","website":"","ownership":"","employees":"","ticker_symbol":"","shipping_address_street":"","shipping_address_street_2":"","shipping_address_street_3":"","shipping_address_street_4":"","shipping_address_city":"","shipping_address_state":"","shipping_address_postalcode":"","shipping_address_country":"","service_level":"","parent_id":"","sic_code":"","duns_num":"","parent_name":"","member_of":{"name":"","id":"","_acl":{"fields":[],"_hash":"654d337e0e912edaa00dbb0fb3dc3c17"}},"campaign_id":"","campaign_name":"","campaign_accounts":{"name":"","id":"","_acl":{"fields":[],"_hash":"654d337e0e912edaa00dbb0fb3dc3c17"}},"next_renewal_date":"","following":true,"my_favorite":false,"tag":[],"locked_fields":[],"assigned_user_id":"","assigned_user_name":"","assigned_user_link":{"full_name":"","id":"","_acl":{"fields":[],"_hash":"654d337e0e912edaa00dbb0fb3dc3c17"}},"team_count":"","team_count_link":{"team_count":"","id":"1","_acl":{"fields":[],"_hash":"654d337e0e912edaa00dbb0fb3dc3c17"}},"team_name":[{"id":"1","name":"Global","name_2":"","primary":true,"selected":false}],"email":[{"email_address":"example1@example.com","primary_address":true,"reply_to_address":false,"invalid_email":false,"opt_out":false,"email_address_id":"3f48f0fa-163d-11ec-ae61-0241d1fb84dd"}],"email1":"example1@example.com","email2":"","invalid_email":false,"email_opt_out":false,"email_addresses_non_primary":"","raw_ssn_c":"775481172","last_ea_action_at_c":"","dob_c":"1981-09-14","broker_c":"","next_best_action_c":"","hbxid_c":"aa918614ae014d42bb8547a1ae5734e1","last_ea_action_c":"","enroll_account_link_c":"","ssn_c":"XXX-XX-1172","opt_out_of_emails_c":false,"_acl":{"fields":{}},"_module":"Accounts"},{"id":"bef339b0-2537-11ec-afbb-0241d1fb84dd","name":"John
        Smith1","date_entered":"2021-10-04T13:23:09-04:00","date_modified":"2021-10-04T13:23:16-04:00","modified_user_id":"d09fe726-feb8-11eb-a595-0241d1fb84dd","modified_by_name":"Bill
        Transue","modified_user_link":{"full_name":"Bill Transue","id":"d09fe726-feb8-11eb-a595-0241d1fb84dd","_acl":{"fields":{"pwd_last_changed":{"write":"no","create":"no"},"last_login":{"write":"no","create":"no"}},"_hash":"6d408abe1708e7afd72eaecf780699c2"}},"created_by":"d09fe726-feb8-11eb-a595-0241d1fb84dd","created_by_name":"Bill
        Transue","created_by_link":{"full_name":"Bill Transue","id":"d09fe726-feb8-11eb-a595-0241d1fb84dd","_acl":{"fields":{"pwd_last_changed":{"write":"no","create":"no"},"last_login":{"write":"no","create":"no"}},"_hash":"6d408abe1708e7afd72eaecf780699c2"}},"description":"","deleted":false,"facebook":"","twitter":"","googleplus":"","account_type":"","industry":"","annual_revenue":"","phone_fax":"","billing_address_street":"1111
        Awesome Street NE\n#111","billing_address_street_2":"","billing_address_street_3":"","billing_address_street_4":"","billing_address_city":"Washington","billing_address_state":"DC","billing_address_postalcode":"01001","billing_address_country":"","rating":"","phone_office":"(202)
        103-0404","phone_alternate":"","website":"","ownership":"","employees":"","ticker_symbol":"","shipping_address_street":"","shipping_address_street_2":"","shipping_address_street_3":"","shipping_address_street_4":"","shipping_address_city":"","shipping_address_state":"","shipping_address_postalcode":"","shipping_address_country":"","service_level":"","parent_id":"","sic_code":"","duns_num":"","parent_name":"","member_of":{"name":"","id":"","_acl":{"fields":[],"_hash":"654d337e0e912edaa00dbb0fb3dc3c17"}},"campaign_id":"","campaign_name":"","campaign_accounts":{"name":"","id":"","_acl":{"fields":[],"_hash":"654d337e0e912edaa00dbb0fb3dc3c17"}},"next_renewal_date":"","following":true,"my_favorite":false,"tag":[],"locked_fields":[],"assigned_user_id":"","assigned_user_name":"","assigned_user_link":{"full_name":"","id":"","_acl":{"fields":[],"_hash":"654d337e0e912edaa00dbb0fb3dc3c17"}},"team_count":"","team_count_link":{"team_count":"","id":"1","_acl":{"fields":[],"_hash":"654d337e0e912edaa00dbb0fb3dc3c17"}},"team_name":[{"id":"1","name":"Global","name_2":"","primary":true,"selected":false}],"email":[{"email_address":"example1@example.com","primary_address":true,"reply_to_address":false,"invalid_email":false,"opt_out":false,"email_address_id":"3f48f0fa-163d-11ec-ae61-0241d1fb84dd"}],"email1":"example1@example.com","email2":"","invalid_email":false,"email_opt_out":false,"email_addresses_non_primary":"","raw_ssn_c":"775481172","last_ea_action_at_c":"","dob_c":"1981-09-14","broker_c":"","next_best_action_c":"","hbxid_c":"aa918614ae014d42bb8547a1ae5734e1","last_ea_action_c":"","enroll_account_link_c":"","ssn_c":"XXX-XX-1172","opt_out_of_emails_c":false,"_acl":{"fields":{}},"_module":"Accounts"},{"id":"0d101ef6-1b1f-11ec-9ae1-0241d1fb84dd","name":"John
        Jacob","date_entered":"2021-09-21T17:01:11-04:00","date_modified":"2021-09-21T17:01:11-04:00","modified_user_id":"d09fe726-feb8-11eb-a595-0241d1fb84dd","modified_by_name":"Bill
        Transue","modified_user_link":{"full_name":"Bill Transue","id":"d09fe726-feb8-11eb-a595-0241d1fb84dd","_acl":{"fields":{"pwd_last_changed":{"write":"no","create":"no"},"last_login":{"write":"no","create":"no"}},"_hash":"6d408abe1708e7afd72eaecf780699c2"}},"created_by":"d09fe726-feb8-11eb-a595-0241d1fb84dd","created_by_name":"Bill
        Transue","created_by_link":{"full_name":"Bill Transue","id":"d09fe726-feb8-11eb-a595-0241d1fb84dd","_acl":{"fields":{"pwd_last_changed":{"write":"no","create":"no"},"last_login":{"write":"no","create":"no"}},"_hash":"6d408abe1708e7afd72eaecf780699c2"}},"description":"","deleted":false,"facebook":"","twitter":"","googleplus":"","account_type":"","industry":"","annual_revenue":"","phone_fax":"","billing_address_street":"1111
        Awesome Street NE\n#111","billing_address_street_2":"","billing_address_street_3":"","billing_address_street_4":"","billing_address_city":"Washington","billing_address_state":"DC","billing_address_postalcode":"01001","billing_address_country":"","rating":"","phone_office":"2021030404","phone_alternate":"","website":"","ownership":"","employees":"","ticker_symbol":"","shipping_address_street":"","shipping_address_street_2":"","shipping_address_street_3":"","shipping_address_street_4":"","shipping_address_city":"","shipping_address_state":"","shipping_address_postalcode":"","shipping_address_country":"","service_level":"","parent_id":"","sic_code":"","duns_num":"","parent_name":"","member_of":{"name":"","id":"","_acl":{"fields":[],"_hash":"654d337e0e912edaa00dbb0fb3dc3c17"}},"campaign_id":"","campaign_name":"","campaign_accounts":{"name":"","id":"","_acl":{"fields":[],"_hash":"654d337e0e912edaa00dbb0fb3dc3c17"}},"next_renewal_date":"","following":true,"my_favorite":false,"tag":[],"locked_fields":[],"assigned_user_id":"","assigned_user_name":"","assigned_user_link":{"full_name":"","id":"","_acl":{"fields":[],"_hash":"654d337e0e912edaa00dbb0fb3dc3c17"}},"team_count":"","team_count_link":{"team_count":"","id":"1","_acl":{"fields":[],"_hash":"654d337e0e912edaa00dbb0fb3dc3c17"}},"team_name":[{"id":"1","name":"Global","name_2":"","primary":true,"selected":false}],"email":[{"email_address":"example1@example.com","primary_address":true,"reply_to_address":false,"invalid_email":false,"opt_out":false,"email_address_id":"3f48f0fa-163d-11ec-ae61-0241d1fb84dd"}],"email1":"example1@example.com","email2":"","invalid_email":false,"email_opt_out":false,"email_addresses_non_primary":"","raw_ssn_c":"","last_ea_action_at_c":"","dob_c":"1981-09-14","broker_c":"","next_best_action_c":"","hbxid_c":"aa918614ae014d42bb8547a1ae5734e1","last_ea_action_c":"","enroll_account_link_c":"https:\/\/enroll-preprod.dchbx.org\/exchanges\/agents\/resume_enrollment?person_id=53e697faeb899ad9ca035f1c","ssn_c":"XXX-XX-","opt_out_of_emails_c":false,"_acl":{"fields":{}},"_module":"Accounts"},{"id":"4704d88c-1b1e-11ec-822c-0241d1fb84dd","name":"John
        Jacob","date_entered":"2021-09-21T16:55:39-04:00","date_modified":"2021-09-21T16:55:39-04:00","modified_user_id":"d09fe726-feb8-11eb-a595-0241d1fb84dd","modified_by_name":"Bill
        Transue","modified_user_link":{"full_name":"Bill Transue","id":"d09fe726-feb8-11eb-a595-0241d1fb84dd","_acl":{"fields":{"pwd_last_changed":{"write":"no","create":"no"},"last_login":{"write":"no","create":"no"}},"_hash":"6d408abe1708e7afd72eaecf780699c2"}},"created_by":"d09fe726-feb8-11eb-a595-0241d1fb84dd","created_by_name":"Bill
        Transue","created_by_link":{"full_name":"Bill Transue","id":"d09fe726-feb8-11eb-a595-0241d1fb84dd","_acl":{"fields":{"pwd_last_changed":{"write":"no","create":"no"},"last_login":{"write":"no","create":"no"}},"_hash":"6d408abe1708e7afd72eaecf780699c2"}},"description":"","deleted":false,"facebook":"","twitter":"","googleplus":"","account_type":"","industry":"","annual_revenue":"","phone_fax":"","billing_address_street":"1111
        Awesome Street NE\n#111","billing_address_street_2":"","billing_address_street_3":"","billing_address_street_4":"","billing_address_city":"Washington","billing_address_state":"DC","billing_address_postalcode":"01001","billing_address_country":"","rating":"","phone_office":"2021030404","phone_alternate":"","website":"","ownership":"","employees":"","ticker_symbol":"","shipping_address_street":"","shipping_address_street_2":"","shipping_address_street_3":"","shipping_address_street_4":"","shipping_address_city":"","shipping_address_state":"","shipping_address_postalcode":"","shipping_address_country":"","service_level":"","parent_id":"","sic_code":"","duns_num":"","parent_name":"","member_of":{"name":"","id":"","_acl":{"fields":[],"_hash":"654d337e0e912edaa00dbb0fb3dc3c17"}},"campaign_id":"","campaign_name":"","campaign_accounts":{"name":"","id":"","_acl":{"fields":[],"_hash":"654d337e0e912edaa00dbb0fb3dc3c17"}},"next_renewal_date":"","following":true,"my_favorite":false,"tag":[],"locked_fields":[],"assigned_user_id":"","assigned_user_name":"","assigned_user_link":{"full_name":"","id":"","_acl":{"fields":[],"_hash":"654d337e0e912edaa00dbb0fb3dc3c17"}},"team_count":"","team_count_link":{"team_count":"","id":"1","_acl":{"fields":[],"_hash":"654d337e0e912edaa00dbb0fb3dc3c17"}},"team_name":[{"id":"1","name":"Global","name_2":"","primary":true,"selected":false}],"email":[{"email_address":"example1@example.com","primary_address":true,"reply_to_address":false,"invalid_email":false,"opt_out":false,"email_address_id":"3f48f0fa-163d-11ec-ae61-0241d1fb84dd"}],"email1":"example1@example.com","email2":"","invalid_email":false,"email_opt_out":false,"email_addresses_non_primary":"","raw_ssn_c":"","last_ea_action_at_c":"","dob_c":"1981-09-14","broker_c":"","next_best_action_c":"","hbxid_c":"aa918614ae014d42bb8547a1ae5734e1","last_ea_action_c":"","enroll_account_link_c":"https:\/\/enroll-preprod.dchbx.org\/exchanges\/agents\/resume_enrollment?person_id=53e697faeb899ad9ca035f1c","ssn_c":"XXX-XX-","opt_out_of_emails_c":false,"_acl":{"fields":{}},"_module":"Accounts"},{"id":"3ab31cb0-1b1e-11ec-a8f3-0241d1fb84dd","name":"John
        Jacob","date_entered":"2021-09-21T16:55:18-04:00","date_modified":"2021-09-21T16:55:18-04:00","modified_user_id":"d09fe726-feb8-11eb-a595-0241d1fb84dd","modified_by_name":"Bill
        Transue","modified_user_link":{"full_name":"Bill Transue","id":"d09fe726-feb8-11eb-a595-0241d1fb84dd","_acl":{"fields":{"pwd_last_changed":{"write":"no","create":"no"},"last_login":{"write":"no","create":"no"}},"_hash":"6d408abe1708e7afd72eaecf780699c2"}},"created_by":"d09fe726-feb8-11eb-a595-0241d1fb84dd","created_by_name":"Bill
        Transue","created_by_link":{"full_name":"Bill Transue","id":"d09fe726-feb8-11eb-a595-0241d1fb84dd","_acl":{"fields":{"pwd_last_changed":{"write":"no","create":"no"},"last_login":{"write":"no","create":"no"}},"_hash":"6d408abe1708e7afd72eaecf780699c2"}},"description":"","deleted":false,"facebook":"","twitter":"","googleplus":"","account_type":"","industry":"","annual_revenue":"","phone_fax":"","billing_address_street":"1111
        Awesome Street NE\n#111","billing_address_street_2":"","billing_address_street_3":"","billing_address_street_4":"","billing_address_city":"Washington","billing_address_state":"DC","billing_address_postalcode":"01001","billing_address_country":"","rating":"","phone_office":"2021030404","phone_alternate":"","website":"","ownership":"","employees":"","ticker_symbol":"","shipping_address_street":"","shipping_address_street_2":"","shipping_address_street_3":"","shipping_address_street_4":"","shipping_address_city":"","shipping_address_state":"","shipping_address_postalcode":"","shipping_address_country":"","service_level":"","parent_id":"","sic_code":"","duns_num":"","parent_name":"","member_of":{"name":"","id":"","_acl":{"fields":[],"_hash":"654d337e0e912edaa00dbb0fb3dc3c17"}},"campaign_id":"","campaign_name":"","campaign_accounts":{"name":"","id":"","_acl":{"fields":[],"_hash":"654d337e0e912edaa00dbb0fb3dc3c17"}},"next_renewal_date":"","following":true,"my_favorite":false,"tag":[],"locked_fields":[],"assigned_user_id":"","assigned_user_name":"","assigned_user_link":{"full_name":"","id":"","_acl":{"fields":[],"_hash":"654d337e0e912edaa00dbb0fb3dc3c17"}},"team_count":"","team_count_link":{"team_count":"","id":"1","_acl":{"fields":[],"_hash":"654d337e0e912edaa00dbb0fb3dc3c17"}},"team_name":[{"id":"1","name":"Global","name_2":"","primary":true,"selected":false}],"email":[{"email_address":"example1@example.com","primary_address":true,"reply_to_address":false,"invalid_email":false,"opt_out":false,"email_address_id":"3f48f0fa-163d-11ec-ae61-0241d1fb84dd"}],"email1":"example1@example.com","email2":"","invalid_email":false,"email_opt_out":false,"email_addresses_non_primary":"","raw_ssn_c":"","last_ea_action_at_c":"","dob_c":"1981-09-14","broker_c":"","next_best_action_c":"","hbxid_c":"aa918614ae014d42bb8547a1ae5734e1","last_ea_action_c":"","enroll_account_link_c":"https:\/\/enroll-preprod.dchbx.org\/exchanges\/agents\/resume_enrollment?person_id=53e697faeb899ad9ca035f1c","ssn_c":"XXX-XX-","opt_out_of_emails_c":false,"_acl":{"fields":{}},"_module":"Accounts"},{"id":"b2785718-1b1b-11ec-9c00-0241d1fb84dd","name":"Tim
        Robinson","date_entered":"2021-09-21T16:37:11-04:00","date_modified":"2021-09-21T16:37:12-04:00","modified_user_id":"d09fe726-feb8-11eb-a595-0241d1fb84dd","modified_by_name":"Bill
        Transue","modified_user_link":{"full_name":"Bill Transue","id":"d09fe726-feb8-11eb-a595-0241d1fb84dd","_acl":{"fields":{"pwd_last_changed":{"write":"no","create":"no"},"last_login":{"write":"no","create":"no"}},"_hash":"6d408abe1708e7afd72eaecf780699c2"}},"created_by":"d09fe726-feb8-11eb-a595-0241d1fb84dd","created_by_name":"Bill
        Transue","created_by_link":{"full_name":"Bill Transue","id":"d09fe726-feb8-11eb-a595-0241d1fb84dd","_acl":{"fields":{"pwd_last_changed":{"write":"no","create":"no"},"last_login":{"write":"no","create":"no"}},"_hash":"6d408abe1708e7afd72eaecf780699c2"}},"description":"","deleted":false,"facebook":"","twitter":"","googleplus":"","account_type":"","industry":"","annual_revenue":"","phone_fax":"","billing_address_street":"1111
        Awesome Street NE\n#111","billing_address_street_2":"","billing_address_street_3":"","billing_address_street_4":"","billing_address_city":"Washington","billing_address_state":"DC","billing_address_postalcode":"01001","billing_address_country":"","rating":"","phone_office":"2021030404","phone_alternate":"","website":"","ownership":"","employees":"","ticker_symbol":"","shipping_address_street":"","shipping_address_street_2":"","shipping_address_street_3":"","shipping_address_street_4":"","shipping_address_city":"","shipping_address_state":"","shipping_address_postalcode":"","shipping_address_country":"","service_level":"","parent_id":"","sic_code":"","duns_num":"","parent_name":"","member_of":{"name":"","id":"","_acl":{"fields":[],"_hash":"654d337e0e912edaa00dbb0fb3dc3c17"}},"campaign_id":"","campaign_name":"","campaign_accounts":{"name":"","id":"","_acl":{"fields":[],"_hash":"654d337e0e912edaa00dbb0fb3dc3c17"}},"next_renewal_date":"","following":true,"my_favorite":false,"tag":[],"locked_fields":[],"assigned_user_id":"","assigned_user_name":"","assigned_user_link":{"full_name":"","id":"","_acl":{"fields":[],"_hash":"654d337e0e912edaa00dbb0fb3dc3c17"}},"team_count":"","team_count_link":{"team_count":"","id":"1","_acl":{"fields":[],"_hash":"654d337e0e912edaa00dbb0fb3dc3c17"}},"team_name":[{"id":"1","name":"Global","name_2":"","primary":true,"selected":false}],"email":[{"email_address":"example1@example.com","primary_address":true,"reply_to_address":false,"invalid_email":false,"opt_out":false,"email_address_id":"3f48f0fa-163d-11ec-ae61-0241d1fb84dd"}],"email1":"example1@example.com","email2":"","invalid_email":false,"email_opt_out":false,"email_addresses_non_primary":"","raw_ssn_c":"","last_ea_action_at_c":"","dob_c":"1981-09-14","broker_c":"","next_best_action_c":"","hbxid_c":"aa918614ae014d42bb8547a1ae5734e1","last_ea_action_c":"","enroll_account_link_c":"https:\/\/enroll-preprod.dchbx.org\/exchanges\/agents\/resume_enrollment?person_id=53e697faeb899ad9ca035f1c","ssn_c":"XXX-XX-","opt_out_of_emails_c":false,"_acl":{"fields":{}},"_module":"Accounts"},{"id":"5517b334-1b1b-11ec-abb6-0241d1fb84dd","name":"John
        Jacob","date_entered":"2021-09-21T16:34:34-04:00","date_modified":"2021-09-21T16:34:34-04:00","modified_user_id":"d09fe726-feb8-11eb-a595-0241d1fb84dd","modified_by_name":"Bill
        Transue","modified_user_link":{"full_name":"Bill Transue","id":"d09fe726-feb8-11eb-a595-0241d1fb84dd","_acl":{"fields":{"pwd_last_changed":{"write":"no","create":"no"},"last_login":{"write":"no","create":"no"}},"_hash":"6d408abe1708e7afd72eaecf780699c2"}},"created_by":"d09fe726-feb8-11eb-a595-0241d1fb84dd","created_by_name":"Bill
        Transue","created_by_link":{"full_name":"Bill Transue","id":"d09fe726-feb8-11eb-a595-0241d1fb84dd","_acl":{"fields":{"pwd_last_changed":{"write":"no","create":"no"},"last_login":{"write":"no","create":"no"}},"_hash":"6d408abe1708e7afd72eaecf780699c2"}},"description":"","deleted":false,"facebook":"","twitter":"","googleplus":"","account_type":"","industry":"","annual_revenue":"","phone_fax":"","billing_address_street":"1111
        Awesome Street NE\n#111","billing_address_street_2":"","billing_address_street_3":"","billing_address_street_4":"","billing_address_city":"Washington","billing_address_state":"DC","billing_address_postalcode":"01001","billing_address_country":"","rating":"","phone_office":"2021030404","phone_alternate":"","website":"","ownership":"","employees":"","ticker_symbol":"","shipping_address_street":"","shipping_address_street_2":"","shipping_address_street_3":"","shipping_address_street_4":"","shipping_address_city":"","shipping_address_state":"","shipping_address_postalcode":"","shipping_address_country":"","service_level":"","parent_id":"","sic_code":"","duns_num":"","parent_name":"","member_of":{"name":"","id":"","_acl":{"fields":[],"_hash":"654d337e0e912edaa00dbb0fb3dc3c17"}},"campaign_id":"","campaign_name":"","campaign_accounts":{"name":"","id":"","_acl":{"fields":[],"_hash":"654d337e0e912edaa00dbb0fb3dc3c17"}},"next_renewal_date":"","following":true,"my_favorite":false,"tag":[],"locked_fields":[],"assigned_user_id":"","assigned_user_name":"","assigned_user_link":{"full_name":"","id":"","_acl":{"fields":[],"_hash":"654d337e0e912edaa00dbb0fb3dc3c17"}},"team_count":"","team_count_link":{"team_count":"","id":"1","_acl":{"fields":[],"_hash":"654d337e0e912edaa00dbb0fb3dc3c17"}},"team_name":[{"id":"1","name":"Global","name_2":"","primary":true,"selected":false}],"email":[{"email_address":"example1@example.com","primary_address":true,"reply_to_address":false,"invalid_email":false,"opt_out":false,"email_address_id":"3f48f0fa-163d-11ec-ae61-0241d1fb84dd"}],"email1":"example1@example.com","email2":"","invalid_email":false,"email_opt_out":false,"email_addresses_non_primary":"","raw_ssn_c":"","last_ea_action_at_c":"","dob_c":"1981-09-14","broker_c":"","next_best_action_c":"","hbxid_c":"aa918614ae014d42bb8547a1ae5734e1","last_ea_action_c":"","enroll_account_link_c":"https:\/\/enroll-preprod.dchbx.org\/exchanges\/agents\/resume_enrollment?person_id=53e697faeb899ad9ca035f1c","ssn_c":"XXX-XX-","opt_out_of_emails_c":false,"_acl":{"fields":{}},"_module":"Accounts"},{"id":"0d8c08c6-1b1b-11ec-a329-0241d1fb84dd","name":"John
        Jacob","date_entered":"2021-09-21T16:32:34-04:00","date_modified":"2021-09-21T16:32:34-04:00","modified_user_id":"d09fe726-feb8-11eb-a595-0241d1fb84dd","modified_by_name":"Bill
        Transue","modified_user_link":{"full_name":"Bill Transue","id":"d09fe726-feb8-11eb-a595-0241d1fb84dd","_acl":{"fields":{"pwd_last_changed":{"write":"no","create":"no"},"last_login":{"write":"no","create":"no"}},"_hash":"6d408abe1708e7afd72eaecf780699c2"}},"created_by":"d09fe726-feb8-11eb-a595-0241d1fb84dd","created_by_name":"Bill
        Transue","created_by_link":{"full_name":"Bill Transue","id":"d09fe726-feb8-11eb-a595-0241d1fb84dd","_acl":{"fields":{"pwd_last_changed":{"write":"no","create":"no"},"last_login":{"write":"no","create":"no"}},"_hash":"6d408abe1708e7afd72eaecf780699c2"}},"description":"","deleted":false,"facebook":"","twitter":"","googleplus":"","account_type":"","industry":"","annual_revenue":"","phone_fax":"","billing_address_street":"1111
        Awesome Street NE\n#111","billing_address_street_2":"","billing_address_street_3":"","billing_address_street_4":"","billing_address_city":"Washington","billing_address_state":"DC","billing_address_postalcode":"01001","billing_address_country":"","rating":"","phone_office":"2021030404","phone_alternate":"","website":"","ownership":"","employees":"","ticker_symbol":"","shipping_address_street":"","shipping_address_street_2":"","shipping_address_street_3":"","shipping_address_street_4":"","shipping_address_city":"","shipping_address_state":"","shipping_address_postalcode":"","shipping_address_country":"","service_level":"","parent_id":"","sic_code":"","duns_num":"","parent_name":"","member_of":{"name":"","id":"","_acl":{"fields":[],"_hash":"654d337e0e912edaa00dbb0fb3dc3c17"}},"campaign_id":"","campaign_name":"","campaign_accounts":{"name":"","id":"","_acl":{"fields":[],"_hash":"654d337e0e912edaa00dbb0fb3dc3c17"}},"next_renewal_date":"","following":true,"my_favorite":false,"tag":[],"locked_fields":[],"assigned_user_id":"","assigned_user_name":"","assigned_user_link":{"full_name":"","id":"","_acl":{"fields":[],"_hash":"654d337e0e912edaa00dbb0fb3dc3c17"}},"team_count":"","team_count_link":{"team_count":"","id":"1","_acl":{"fields":[],"_hash":"654d337e0e912edaa00dbb0fb3dc3c17"}},"team_name":[{"id":"1","name":"Global","name_2":"","primary":true,"selected":false}],"email":[{"email_address":"example1@example.com","primary_address":true,"reply_to_address":false,"invalid_email":false,"opt_out":false,"email_address_id":"3f48f0fa-163d-11ec-ae61-0241d1fb84dd"}],"email1":"example1@example.com","email2":"","invalid_email":false,"email_opt_out":false,"email_addresses_non_primary":"","raw_ssn_c":"","last_ea_action_at_c":"","dob_c":"1981-09-14","broker_c":"","next_best_action_c":"","hbxid_c":"aa918614ae014d42bb8547a1ae5734e1","last_ea_action_c":"","enroll_account_link_c":"https:\/\/enroll-preprod.dchbx.org\/exchanges\/agents\/resume_enrollment?person_id=53e697faeb899ad9ca035f1c","ssn_c":"XXX-XX-","opt_out_of_emails_c":false,"_acl":{"fields":{}},"_module":"Accounts"},{"id":"f6717a8c-1b19-11ec-9a60-0241d1fb84dd","name":"John
        Jacob","date_entered":"2021-09-21T16:24:46-04:00","date_modified":"2021-09-21T16:24:46-04:00","modified_user_id":"d09fe726-feb8-11eb-a595-0241d1fb84dd","modified_by_name":"Bill
        Transue","modified_user_link":{"full_name":"Bill Transue","id":"d09fe726-feb8-11eb-a595-0241d1fb84dd","_acl":{"fields":{"pwd_last_changed":{"write":"no","create":"no"},"last_login":{"write":"no","create":"no"}},"_hash":"6d408abe1708e7afd72eaecf780699c2"}},"created_by":"d09fe726-feb8-11eb-a595-0241d1fb84dd","created_by_name":"Bill
        Transue","created_by_link":{"full_name":"Bill Transue","id":"d09fe726-feb8-11eb-a595-0241d1fb84dd","_acl":{"fields":{"pwd_last_changed":{"write":"no","create":"no"},"last_login":{"write":"no","create":"no"}},"_hash":"6d408abe1708e7afd72eaecf780699c2"}},"description":"","deleted":false,"facebook":"","twitter":"","googleplus":"","account_type":"","industry":"","annual_revenue":"","phone_fax":"","billing_address_street":"1111
        Awesome Street NE\n#111","billing_address_street_2":"","billing_address_street_3":"","billing_address_street_4":"","billing_address_city":"Washington","billing_address_state":"DC","billing_address_postalcode":"01001","billing_address_country":"","rating":"","phone_office":"2021030404","phone_alternate":"","website":"","ownership":"","employees":"","ticker_symbol":"","shipping_address_street":"","shipping_address_street_2":"","shipping_address_street_3":"","shipping_address_street_4":"","shipping_address_city":"","shipping_address_state":"","shipping_address_postalcode":"","shipping_address_country":"","service_level":"","parent_id":"","sic_code":"","duns_num":"","parent_name":"","member_of":{"name":"","id":"","_acl":{"fields":[],"_hash":"654d337e0e912edaa00dbb0fb3dc3c17"}},"campaign_id":"","campaign_name":"","campaign_accounts":{"name":"","id":"","_acl":{"fields":[],"_hash":"654d337e0e912edaa00dbb0fb3dc3c17"}},"next_renewal_date":"","following":true,"my_favorite":false,"tag":[],"locked_fields":[],"assigned_user_id":"","assigned_user_name":"","assigned_user_link":{"full_name":"","id":"","_acl":{"fields":[],"_hash":"654d337e0e912edaa00dbb0fb3dc3c17"}},"team_count":"","team_count_link":{"team_count":"","id":"1","_acl":{"fields":[],"_hash":"654d337e0e912edaa00dbb0fb3dc3c17"}},"team_name":[{"id":"1","name":"Global","name_2":"","primary":true,"selected":false}],"email":[{"email_address":"example1@example.com","primary_address":true,"reply_to_address":false,"invalid_email":false,"opt_out":false,"email_address_id":"3f48f0fa-163d-11ec-ae61-0241d1fb84dd"}],"email1":"example1@example.com","email2":"","invalid_email":false,"email_opt_out":false,"email_addresses_non_primary":"","raw_ssn_c":"","last_ea_action_at_c":"","dob_c":"1981-09-14","broker_c":"","next_best_action_c":"","hbxid_c":"aa918614ae014d42bb8547a1ae5734e1","last_ea_action_c":"","enroll_account_link_c":"https:\/\/enroll-preprod.dchbx.org\/exchanges\/agents\/resume_enrollment?person_id=53e697faeb899ad9ca035f1c","ssn_c":"XXX-XX-","opt_out_of_emails_c":false,"_acl":{"fields":{}},"_module":"Accounts"},{"id":"1473b178-1b18-11ec-8900-0241d1fb84dd","name":"John
        Jacob","date_entered":"2021-09-21T16:11:17-04:00","date_modified":"2021-09-21T16:11:17-04:00","modified_user_id":"d09fe726-feb8-11eb-a595-0241d1fb84dd","modified_by_name":"Bill
        Transue","modified_user_link":{"full_name":"Bill Transue","id":"d09fe726-feb8-11eb-a595-0241d1fb84dd","_acl":{"fields":{"pwd_last_changed":{"write":"no","create":"no"},"last_login":{"write":"no","create":"no"}},"_hash":"6d408abe1708e7afd72eaecf780699c2"}},"created_by":"d09fe726-feb8-11eb-a595-0241d1fb84dd","created_by_name":"Bill
        Transue","created_by_link":{"full_name":"Bill Transue","id":"d09fe726-feb8-11eb-a595-0241d1fb84dd","_acl":{"fields":{"pwd_last_changed":{"write":"no","create":"no"},"last_login":{"write":"no","create":"no"}},"_hash":"6d408abe1708e7afd72eaecf780699c2"}},"description":"","deleted":false,"facebook":"","twitter":"","googleplus":"","account_type":"","industry":"","annual_revenue":"","phone_fax":"","billing_address_street":"1111
        Awesome Street NE\n#111","billing_address_street_2":"","billing_address_street_3":"","billing_address_street_4":"","billing_address_city":"Washington","billing_address_state":"DC","billing_address_postalcode":"01001","billing_address_country":"","rating":"","phone_office":"2021030404","phone_alternate":"","website":"","ownership":"","employees":"","ticker_symbol":"","shipping_address_street":"","shipping_address_street_2":"","shipping_address_street_3":"","shipping_address_street_4":"","shipping_address_city":"","shipping_address_state":"","shipping_address_postalcode":"","shipping_address_country":"","service_level":"","parent_id":"","sic_code":"","duns_num":"","parent_name":"","member_of":{"name":"","id":"","_acl":{"fields":[],"_hash":"654d337e0e912edaa00dbb0fb3dc3c17"}},"campaign_id":"","campaign_name":"","campaign_accounts":{"name":"","id":"","_acl":{"fields":[],"_hash":"654d337e0e912edaa00dbb0fb3dc3c17"}},"next_renewal_date":"","following":true,"my_favorite":false,"tag":[],"locked_fields":[],"assigned_user_id":"","assigned_user_name":"","assigned_user_link":{"full_name":"","id":"","_acl":{"fields":[],"_hash":"654d337e0e912edaa00dbb0fb3dc3c17"}},"team_count":"","team_count_link":{"team_count":"","id":"1","_acl":{"fields":[],"_hash":"654d337e0e912edaa00dbb0fb3dc3c17"}},"team_name":[{"id":"1","name":"Global","name_2":"","primary":true,"selected":false}],"email":[{"email_address":"example1@example.com","primary_address":true,"reply_to_address":false,"invalid_email":false,"opt_out":false,"email_address_id":"3f48f0fa-163d-11ec-ae61-0241d1fb84dd"}],"email1":"example1@example.com","email2":"","invalid_email":false,"email_opt_out":false,"email_addresses_non_primary":"","raw_ssn_c":"","last_ea_action_at_c":"","dob_c":"1982-09-14","broker_c":"","next_best_action_c":"","hbxid_c":"aa918614ae014d42bb8547a1ae5734e1","last_ea_action_c":"","enroll_account_link_c":"https:\/\/enroll-preprod.dchbx.org\/exchanges\/agents\/resume_enrollment?person_id=53e697faeb899ad9ca035f1c","ssn_c":"XXX-XX-","opt_out_of_emails_c":false,"_acl":{"fields":{}},"_module":"Accounts"},{"id":"0646f38a-1b18-11ec-85f4-0241d1fb84dd","name":"John
        Jacob","date_entered":"2021-09-21T16:10:53-04:00","date_modified":"2021-09-21T16:10:53-04:00","modified_user_id":"d09fe726-feb8-11eb-a595-0241d1fb84dd","modified_by_name":"Bill
        Transue","modified_user_link":{"full_name":"Bill Transue","id":"d09fe726-feb8-11eb-a595-0241d1fb84dd","_acl":{"fields":{"pwd_last_changed":{"write":"no","create":"no"},"last_login":{"write":"no","create":"no"}},"_hash":"6d408abe1708e7afd72eaecf780699c2"}},"created_by":"d09fe726-feb8-11eb-a595-0241d1fb84dd","created_by_name":"Bill
        Transue","created_by_link":{"full_name":"Bill Transue","id":"d09fe726-feb8-11eb-a595-0241d1fb84dd","_acl":{"fields":{"pwd_last_changed":{"write":"no","create":"no"},"last_login":{"write":"no","create":"no"}},"_hash":"6d408abe1708e7afd72eaecf780699c2"}},"description":"","deleted":false,"facebook":"","twitter":"","googleplus":"","account_type":"","industry":"","annual_revenue":"","phone_fax":"","billing_address_street":"1111
        Awesome Street NE\n#111","billing_address_street_2":"","billing_address_street_3":"","billing_address_street_4":"","billing_address_city":"Washington","billing_address_state":"DC","billing_address_postalcode":"01001","billing_address_country":"","rating":"","phone_office":"2021030404","phone_alternate":"","website":"","ownership":"","employees":"","ticker_symbol":"","shipping_address_street":"","shipping_address_street_2":"","shipping_address_street_3":"","shipping_address_street_4":"","shipping_address_city":"","shipping_address_state":"","shipping_address_postalcode":"","shipping_address_country":"","service_level":"","parent_id":"","sic_code":"","duns_num":"","parent_name":"","member_of":{"name":"","id":"","_acl":{"fields":[],"_hash":"654d337e0e912edaa00dbb0fb3dc3c17"}},"campaign_id":"","campaign_name":"","campaign_accounts":{"name":"","id":"","_acl":{"fields":[],"_hash":"654d337e0e912edaa00dbb0fb3dc3c17"}},"next_renewal_date":"","following":true,"my_favorite":false,"tag":[],"locked_fields":[],"assigned_user_id":"","assigned_user_name":"","assigned_user_link":{"full_name":"","id":"","_acl":{"fields":[],"_hash":"654d337e0e912edaa00dbb0fb3dc3c17"}},"team_count":"","team_count_link":{"team_count":"","id":"1","_acl":{"fields":[],"_hash":"654d337e0e912edaa00dbb0fb3dc3c17"}},"team_name":[{"id":"1","name":"Global","name_2":"","primary":true,"selected":false}],"email":[{"email_address":"example1@example.com","primary_address":true,"reply_to_address":false,"invalid_email":false,"opt_out":false,"email_address_id":"3f48f0fa-163d-11ec-ae61-0241d1fb84dd"}],"email1":"example1@example.com","email2":"","invalid_email":false,"email_opt_out":false,"email_addresses_non_primary":"","raw_ssn_c":"","last_ea_action_at_c":"","dob_c":"1982-09-14","broker_c":"","next_best_action_c":"","hbxid_c":"aa918614ae014d42bb8547a1ae5734e1","last_ea_action_c":"","enroll_account_link_c":"https:\/\/enroll-preprod.dchbx.org\/exchanges\/agents\/resume_enrollment?person_id=53e697faeb899ad9ca035f1c","ssn_c":"XXX-XX-","opt_out_of_emails_c":false,"_acl":{"fields":{}},"_module":"Accounts"},{"id":"9a2aea84-18de-11ec-a018-0241d1fb84dd","name":"John
        Smith1","date_entered":"2021-09-18T20:14:48-04:00","date_modified":"2021-09-21T10:55:44-04:00","modified_user_id":"d09fe726-feb8-11eb-a595-0241d1fb84dd","modified_by_name":"Bill
        Transue","modified_user_link":{"full_name":"Bill Transue","id":"d09fe726-feb8-11eb-a595-0241d1fb84dd","_acl":{"fields":{"pwd_last_changed":{"write":"no","create":"no"},"last_login":{"write":"no","create":"no"}},"_hash":"6d408abe1708e7afd72eaecf780699c2"}},"created_by":"d09fe726-feb8-11eb-a595-0241d1fb84dd","created_by_name":"Bill
        Transue","created_by_link":{"full_name":"Bill Transue","id":"d09fe726-feb8-11eb-a595-0241d1fb84dd","_acl":{"fields":{"pwd_last_changed":{"write":"no","create":"no"},"last_login":{"write":"no","create":"no"}},"_hash":"6d408abe1708e7afd72eaecf780699c2"}},"description":"","deleted":false,"facebook":"","twitter":"","googleplus":"","account_type":"","industry":"","annual_revenue":"","phone_fax":"","billing_address_street":"1111
        Awesome Street NE\n#111","billing_address_street_2":"","billing_address_street_3":"","billing_address_street_4":"","billing_address_city":"Washington","billing_address_state":"DC","billing_address_postalcode":"01001","billing_address_country":"","rating":"","phone_office":"(202)
        103-0404","phone_alternate":"","website":"","ownership":"","employees":"","ticker_symbol":"","shipping_address_street":"","shipping_address_street_2":"","shipping_address_street_3":"","shipping_address_street_4":"","shipping_address_city":"","shipping_address_state":"","shipping_address_postalcode":"","shipping_address_country":"","service_level":"","parent_id":"","sic_code":"","duns_num":"","parent_name":"","member_of":{"name":"","id":"","_acl":{"fields":[],"_hash":"654d337e0e912edaa00dbb0fb3dc3c17"}},"campaign_id":"","campaign_name":"","campaign_accounts":{"name":"","id":"","_acl":{"fields":[],"_hash":"654d337e0e912edaa00dbb0fb3dc3c17"}},"next_renewal_date":"","following":true,"my_favorite":false,"tag":[],"locked_fields":[],"assigned_user_id":"","assigned_user_name":"","assigned_user_link":{"full_name":"","id":"","_acl":{"fields":[],"_hash":"654d337e0e912edaa00dbb0fb3dc3c17"}},"team_count":"","team_count_link":{"team_count":"","id":"1","_acl":{"fields":[],"_hash":"654d337e0e912edaa00dbb0fb3dc3c17"}},"team_name":[{"id":"1","name":"Global","name_2":"","primary":true,"selected":false}],"email":[{"email_address":"example1@example.com","primary_address":true,"reply_to_address":false,"invalid_email":false,"opt_out":false,"email_address_id":"3f48f0fa-163d-11ec-ae61-0241d1fb84dd"}],"email1":"example1@example.com","email2":"","invalid_email":false,"email_opt_out":false,"email_addresses_non_primary":"","raw_ssn_c":"775481172","last_ea_action_at_c":"","dob_c":"2001-09-14","broker_c":"","next_best_action_c":"","hbxid_c":"aa918614ae014d42bb8547a1ae5734e1","last_ea_action_c":"","enroll_account_link_c":"","ssn_c":"XXX-XX-1172","opt_out_of_emails_c":"","_acl":{"fields":{}},"_module":"Accounts"},{"id":"982ace16-18de-11ec-9663-0241d1fb84dd","name":"John
        Jacob","date_entered":"2021-09-18T20:14:45-04:00","date_modified":"2021-09-18T20:14:45-04:00","modified_user_id":"d09fe726-feb8-11eb-a595-0241d1fb84dd","modified_by_name":"Bill
        Transue","modified_user_link":{"full_name":"Bill Transue","id":"d09fe726-feb8-11eb-a595-0241d1fb84dd","_acl":{"fields":{"pwd_last_changed":{"write":"no","create":"no"},"last_login":{"write":"no","create":"no"}},"_hash":"6d408abe1708e7afd72eaecf780699c2"}},"created_by":"d09fe726-feb8-11eb-a595-0241d1fb84dd","created_by_name":"Bill
        Transue","created_by_link":{"full_name":"Bill Transue","id":"d09fe726-feb8-11eb-a595-0241d1fb84dd","_acl":{"fields":{"pwd_last_changed":{"write":"no","create":"no"},"last_login":{"write":"no","create":"no"}},"_hash":"6d408abe1708e7afd72eaecf780699c2"}},"description":"","deleted":false,"facebook":"","twitter":"","googleplus":"","account_type":"","industry":"","annual_revenue":"","phone_fax":"","billing_address_street":"1111
        Awesome Street NE\n#111","billing_address_street_2":"","billing_address_street_3":"","billing_address_street_4":"","billing_address_city":"Washington","billing_address_state":"DC","billing_address_postalcode":"01001","billing_address_country":"","rating":"","phone_office":"2021030404","phone_alternate":"","website":"","ownership":"","employees":"","ticker_symbol":"","shipping_address_street":"","shipping_address_street_2":"","shipping_address_street_3":"","shipping_address_street_4":"","shipping_address_city":"","shipping_address_state":"","shipping_address_postalcode":"","shipping_address_country":"","service_level":"","parent_id":"","sic_code":"","duns_num":"","parent_name":"","member_of":{"name":"","id":"","_acl":{"fields":[],"_hash":"654d337e0e912edaa00dbb0fb3dc3c17"}},"campaign_id":"","campaign_name":"","campaign_accounts":{"name":"","id":"","_acl":{"fields":[],"_hash":"654d337e0e912edaa00dbb0fb3dc3c17"}},"next_renewal_date":"","following":true,"my_favorite":false,"tag":[],"locked_fields":[],"assigned_user_id":"","assigned_user_name":"","assigned_user_link":{"full_name":"","id":"","_acl":{"fields":[],"_hash":"654d337e0e912edaa00dbb0fb3dc3c17"}},"team_count":"","team_count_link":{"team_count":"","id":"1","_acl":{"fields":[],"_hash":"654d337e0e912edaa00dbb0fb3dc3c17"}},"team_name":[{"id":"1","name":"Global","name_2":"","primary":true,"selected":false}],"email":[{"email_address":"example1@example.com","primary_address":true,"reply_to_address":false,"invalid_email":false,"opt_out":false,"email_address_id":"3f48f0fa-163d-11ec-ae61-0241d1fb84dd"}],"email1":"example1@example.com","email2":"","invalid_email":false,"email_opt_out":false,"email_addresses_non_primary":"","raw_ssn_c":"","last_ea_action_at_c":"","dob_c":"1981-09-14","broker_c":"","next_best_action_c":"","hbxid_c":"aa918614ae014d42bb8547a1ae5734e1","last_ea_action_c":"","enroll_account_link_c":"","ssn_c":"XXX-XX-","opt_out_of_emails_c":"","_acl":{"fields":{}},"_module":"Accounts"}]}'
  recorded_at: Mon, 04 Oct 2021 17:23:36 GMT
- request:
    method: post
    uri: https://sandbox-crm.cme.openhbx.org/rest/v11_8/oauth2/token
    body:
      encoding: UTF-8
      string: client_id=sugar&client_secret=&grant_type=password&params%5Bgrant_type%5D=password&params%5Bpassword%5D=SUGAR_CRM_ENCODED_PASSWORD>&params%5Bplatform%5D=mobile&params%5Busername%5D=<SUGAR_CRM_USERNAME>&password=SUGAR_CRM_ENCODED_PASSWORD>&username=<SUGAR_CRM_USERNAME>
    headers:
      User-Agent:
      - Faraday v1.4.3
      Content-Type:
      - application/x-www-form-urlencoded
  response:
    status:
      code: 200
      message: OK
    headers:
      server:
      - nginx/1.16.1
      date:
      - Mon, 04 Oct 2021 17:23:37 GMT
      content-type:
      - application/json
      content-length:
      - '248'
      connection:
      - keep-alive
      set-cookie:
      - PHPSESSID=jo5264e7av8gqeof72ociv3lvd; path=/, PHPSESSID=9b76718d-b8c2-4f5b-aa35-f59ebecfb939;
        path=/, download_token_base=773356c3-6dc2-42c0-953e-7e77f155943d; expires=Mon,
        18-Oct-2021 17:23:37 GMT; Max-Age=1209600; path=/; HttpOnly
      expires:
      - Thu, 19 Nov 1981 08:52:00 GMT
      cache-control:
      - no-store, no-cache, must-revalidate
      pragma:
      - no-cache
    body:
      encoding: UTF-8
      string: '{"access_token":"9b76718d-b8c2-4f5b-aa35-f59ebecfb939","expires_in":3600,"token_type":"bearer","scope":null,"refresh_token":"536c1187-35ae-4b76-abb1-26311cb0264d","refresh_expires_in":1209600,"download_token":"773356c3-6dc2-42c0-953e-7e77f155943d"}'
  recorded_at: Mon, 04 Oct 2021 17:23:37 GMT
- request:
    method: get
    uri: https://sandbox-crm.cme.openhbx.org/rest/v11_8/Contacts?filter%5B%5D%5Baccounts.id%5D=cdb0d4ee-2537-11ec-90f9-0241d1fb84dd
    body:
      encoding: US-ASCII
      string: ''
    headers:
      User-Agent:
      - Faraday v1.4.3
      Authorization:
      - Bearer 9b76718d-b8c2-4f5b-aa35-f59ebecfb939
  response:
    status:
      code: 200
      message: OK
    headers:
      server:
      - nginx/1.16.1
      date:
      - Mon, 04 Oct 2021 17:23:37 GMT
      content-type:
      - application/json
      content-length:
      - '31'
      connection:
      - keep-alive
      expires:
      - ''
      cache-control:
      - max-age=0, private
      pragma:
      - ''
      etag:
      - 5d0cf03cd35880151b2f59eae817b564
    body:
      encoding: UTF-8
      string: '{"records":[],"next_offset":-1}'
  recorded_at: Mon, 04 Oct 2021 17:23:37 GMT
recorded_with: VCR 6.0.0
