---
http_interactions:
- request:
    method: post
    uri: https://sandbox-crm.cme.openhbx.org/rest/v11_8/oauth2/token
    body:
      encoding: UTF-8
      string: client_id=sugar&client_secret=&grant_type=password&params%5Bgrant_type%5D=password&params%5Bpassword%5D=SUGAR_CRM_ENCODED_PASSWORD>&params%5Bplatform%5D=mobile&params%5Busername%5D=<SUGAR_CRM_USERNAME>&password=SUGAR_CRM_ENCODED_PASSWORD>&username=<SUGAR_CRM_USERNAME>
    headers:
      User-Agent:
      - Faraday v1.4.3
      Content-Type:
      - application/x-www-form-urlencoded
  response:
    status:
      code: 200
      message: OK
    headers:
      server:
      - nginx/1.16.1
      date:
      - Mon, 04 Oct 2021 17:23:57 GMT
      content-type:
      - application/json
      content-length:
      - '248'
      connection:
      - keep-alive
      set-cookie:
      - PHPSESSID=2ccm70pff5iirv4h416h79s4aa; path=/, PHPSESSID=58b61a61-7dfa-497e-8d94-6f1ca94a51f1;
        path=/, download_token_base=e64e103b-08d2-47d5-ba77-8c85bde8a5e5; expires=Mon,
        18-Oct-2021 17:23:57 GMT; Max-Age=1209600; path=/; HttpOnly
      expires:
      - Thu, 19 Nov 1981 08:52:00 GMT
      cache-control:
      - no-store, no-cache, must-revalidate
      pragma:
      - no-cache
    body:
      encoding: UTF-8
      string: '{"access_token":"58b61a61-7dfa-497e-8d94-6f1ca94a51f1","expires_in":3600,"token_type":"bearer","scope":null,"refresh_token":"c4e3f0a3-e79f-406b-9234-6cbb63b85455","refresh_expires_in":1209600,"download_token":"e64e103b-08d2-47d5-ba77-8c85bde8a5e5"}'
  recorded_at: Mon, 04 Oct 2021 17:23:57 GMT
- request:
    method: get
    uri: https://sandbox-crm.cme.openhbx.org/rest/v11_8/Accounts?filter%5B%5D%5Bhbxid_c%5D=100z01
    body:
      encoding: US-ASCII
      string: ''
    headers:
      User-Agent:
      - Faraday v1.4.3
      Authorization:
      - Bearer 58b61a61-7dfa-497e-8d94-6f1ca94a51f1
  response:
    status:
      code: 200
      message: OK
    headers:
      server:
      - nginx/1.16.1
      date:
      - Mon, 04 Oct 2021 17:23:57 GMT
      content-type:
      - application/json
      content-length:
      - '2976'
      connection:
      - keep-alive
      expires:
      - ''
      cache-control:
      - max-age=0, private
      pragma:
      - ''
      etag:
      - fa3cf1837d2f5eaef0cde41c81f0a811
    body:
      encoding: UTF-8
      string: '{"next_offset":-1,"records":[{"id":"776d2280-1bb0-11ec-ab3a-0241d1fb84dd","name":"Doe
        John","date_entered":"2021-09-22T10:22:07-04:00","date_modified":"2021-10-04T11:01:21-04:00","modified_user_id":"d09fe726-feb8-11eb-a595-0241d1fb84dd","modified_by_name":"Bill
        Transue","modified_user_link":{"full_name":"Bill Transue","id":"d09fe726-feb8-11eb-a595-0241d1fb84dd","_acl":{"fields":{"pwd_last_changed":{"write":"no","create":"no"},"last_login":{"write":"no","create":"no"}},"_hash":"6d408abe1708e7afd72eaecf780699c2"}},"created_by":"d09fe726-feb8-11eb-a595-0241d1fb84dd","created_by_name":"Bill
        Transue","created_by_link":{"full_name":"Bill Transue","id":"d09fe726-feb8-11eb-a595-0241d1fb84dd","_acl":{"fields":{"pwd_last_changed":{"write":"no","create":"no"},"last_login":{"write":"no","create":"no"}},"_hash":"6d408abe1708e7afd72eaecf780699c2"}},"description":"","deleted":false,"facebook":"","twitter":"","googleplus":"","account_type":"","industry":"","annual_revenue":"","phone_fax":"","billing_address_street":"1119
        Awesome Street NE\n#119","billing_address_street_2":"","billing_address_street_3":"","billing_address_street_4":"","billing_address_city":"Washington","billing_address_state":"DC","billing_address_postalcode":"01001","billing_address_country":"","rating":"","phone_office":"(202)
        111-1119","phone_alternate":"","website":"","ownership":"","employees":"","ticker_symbol":"","shipping_address_street":"","shipping_address_street_2":"","shipping_address_street_3":"","shipping_address_street_4":"","shipping_address_city":"","shipping_address_state":"","shipping_address_postalcode":"","shipping_address_country":"","service_level":"","parent_id":"","sic_code":"","duns_num":"","parent_name":"","member_of":{"name":"","id":"","_acl":{"fields":[],"_hash":"654d337e0e912edaa00dbb0fb3dc3c17"}},"campaign_id":"","campaign_name":"","campaign_accounts":{"name":"","id":"","_acl":{"fields":[],"_hash":"654d337e0e912edaa00dbb0fb3dc3c17"}},"next_renewal_date":"","following":true,"my_favorite":false,"tag":[],"locked_fields":[],"assigned_user_id":"","assigned_user_name":"","assigned_user_link":{"full_name":"","id":"","_acl":{"fields":[],"_hash":"654d337e0e912edaa00dbb0fb3dc3c17"}},"team_count":"","team_count_link":{"team_count":"","id":"1","_acl":{"fields":[],"_hash":"654d337e0e912edaa00dbb0fb3dc3c17"}},"team_name":[{"id":"1","name":"Global","name_2":"","primary":true,"selected":false}],"email":[{"email_address":"example3@example.com","primary_address":true,"reply_to_address":false,"invalid_email":false,"opt_out":false,"email_address_id":"4b2c2722-18de-11ec-8761-0241d1fb84dd"}],"email1":"example3@example.com","email2":"","invalid_email":false,"email_opt_out":false,"email_addresses_non_primary":"","raw_ssn_c":"","last_ea_action_at_c":"","dob_c":"1972-04-04","broker_c":"","next_best_action_c":"","hbxid_c":"100z01","last_ea_action_c":"","enroll_account_link_c":"","ssn_c":"XXX-XX-","opt_out_of_emails_c":false,"_acl":{"fields":{}},"_module":"Accounts"}]}'
  recorded_at: Mon, 04 Oct 2021 17:23:57 GMT
- request:
    method: post
    uri: https://sandbox-crm.cme.openhbx.org/rest/v11_8/oauth2/token
    body:
      encoding: UTF-8
      string: client_id=sugar&client_secret=&grant_type=password&params%5Bgrant_type%5D=password&params%5Bpassword%5D=SUGAR_CRM_ENCODED_PASSWORD>&params%5Bplatform%5D=mobile&params%5Busername%5D=<SUGAR_CRM_USERNAME>&password=SUGAR_CRM_ENCODED_PASSWORD>&username=<SUGAR_CRM_USERNAME>
    headers:
      User-Agent:
      - Faraday v1.4.3
      Content-Type:
      - application/x-www-form-urlencoded
  response:
    status:
      code: 200
      message: OK
    headers:
      server:
      - nginx/1.16.1
      date:
      - Mon, 04 Oct 2021 17:23:57 GMT
      content-type:
      - application/json
      content-length:
      - '248'
      connection:
      - keep-alive
      set-cookie:
      - PHPSESSID=77hbfh1qe1qa36cf3ujjiapf4n; path=/, PHPSESSID=935ae271-a7e2-40a4-b47f-bcdcea9dd9d9;
        path=/, download_token_base=5c4fde8d-057d-4da9-84f5-62db22a121d5; expires=Mon,
        18-Oct-2021 17:23:57 GMT; Max-Age=1209600; path=/; HttpOnly
      expires:
      - Thu, 19 Nov 1981 08:52:00 GMT
      cache-control:
      - no-store, no-cache, must-revalidate
      pragma:
      - no-cache
    body:
      encoding: UTF-8
      string: '{"access_token":"935ae271-a7e2-40a4-b47f-bcdcea9dd9d9","expires_in":3600,"token_type":"bearer","scope":null,"refresh_token":"ba1b45b2-de2a-4963-ba91-1afe27ead6b1","refresh_expires_in":1209600,"download_token":"5c4fde8d-057d-4da9-84f5-62db22a121d5"}'
  recorded_at: Mon, 04 Oct 2021 17:23:57 GMT
- request:
    method: get
    uri: https://sandbox-crm.cme.openhbx.org/rest/v11_8/Accounts?filter%5B%5D%5Bhbxid_c%5D=100z01
    body:
      encoding: US-ASCII
      string: ''
    headers:
      User-Agent:
      - Faraday v1.4.3
      Authorization:
      - Bearer 935ae271-a7e2-40a4-b47f-bcdcea9dd9d9
  response:
    status:
      code: 200
      message: OK
    headers:
      server:
      - nginx/1.16.1
      date:
      - Mon, 04 Oct 2021 17:23:57 GMT
      content-type:
      - application/json
      content-length:
      - '2976'
      connection:
      - keep-alive
      expires:
      - ''
      cache-control:
      - max-age=0, private
      pragma:
      - ''
      etag:
      - fa3cf1837d2f5eaef0cde41c81f0a811
    body:
      encoding: UTF-8
      string: '{"next_offset":-1,"records":[{"id":"776d2280-1bb0-11ec-ab3a-0241d1fb84dd","name":"Doe
        John","date_entered":"2021-09-22T10:22:07-04:00","date_modified":"2021-10-04T11:01:21-04:00","modified_user_id":"d09fe726-feb8-11eb-a595-0241d1fb84dd","modified_by_name":"Bill
        Transue","modified_user_link":{"full_name":"Bill Transue","id":"d09fe726-feb8-11eb-a595-0241d1fb84dd","_acl":{"fields":{"pwd_last_changed":{"write":"no","create":"no"},"last_login":{"write":"no","create":"no"}},"_hash":"6d408abe1708e7afd72eaecf780699c2"}},"created_by":"d09fe726-feb8-11eb-a595-0241d1fb84dd","created_by_name":"Bill
        Transue","created_by_link":{"full_name":"Bill Transue","id":"d09fe726-feb8-11eb-a595-0241d1fb84dd","_acl":{"fields":{"pwd_last_changed":{"write":"no","create":"no"},"last_login":{"write":"no","create":"no"}},"_hash":"6d408abe1708e7afd72eaecf780699c2"}},"description":"","deleted":false,"facebook":"","twitter":"","googleplus":"","account_type":"","industry":"","annual_revenue":"","phone_fax":"","billing_address_street":"1119
        Awesome Street NE\n#119","billing_address_street_2":"","billing_address_street_3":"","billing_address_street_4":"","billing_address_city":"Washington","billing_address_state":"DC","billing_address_postalcode":"01001","billing_address_country":"","rating":"","phone_office":"(202)
        111-1119","phone_alternate":"","website":"","ownership":"","employees":"","ticker_symbol":"","shipping_address_street":"","shipping_address_street_2":"","shipping_address_street_3":"","shipping_address_street_4":"","shipping_address_city":"","shipping_address_state":"","shipping_address_postalcode":"","shipping_address_country":"","service_level":"","parent_id":"","sic_code":"","duns_num":"","parent_name":"","member_of":{"name":"","id":"","_acl":{"fields":[],"_hash":"654d337e0e912edaa00dbb0fb3dc3c17"}},"campaign_id":"","campaign_name":"","campaign_accounts":{"name":"","id":"","_acl":{"fields":[],"_hash":"654d337e0e912edaa00dbb0fb3dc3c17"}},"next_renewal_date":"","following":true,"my_favorite":false,"tag":[],"locked_fields":[],"assigned_user_id":"","assigned_user_name":"","assigned_user_link":{"full_name":"","id":"","_acl":{"fields":[],"_hash":"654d337e0e912edaa00dbb0fb3dc3c17"}},"team_count":"","team_count_link":{"team_count":"","id":"1","_acl":{"fields":[],"_hash":"654d337e0e912edaa00dbb0fb3dc3c17"}},"team_name":[{"id":"1","name":"Global","name_2":"","primary":true,"selected":false}],"email":[{"email_address":"example3@example.com","primary_address":true,"reply_to_address":false,"invalid_email":false,"opt_out":false,"email_address_id":"4b2c2722-18de-11ec-8761-0241d1fb84dd"}],"email1":"example3@example.com","email2":"","invalid_email":false,"email_opt_out":false,"email_addresses_non_primary":"","raw_ssn_c":"","last_ea_action_at_c":"","dob_c":"1972-04-04","broker_c":"","next_best_action_c":"","hbxid_c":"100z01","last_ea_action_c":"","enroll_account_link_c":"","ssn_c":"XXX-XX-","opt_out_of_emails_c":false,"_acl":{"fields":{}},"_module":"Accounts"}]}'
  recorded_at: Mon, 04 Oct 2021 17:23:57 GMT
- request:
    method: post
    uri: https://sandbox-crm.cme.openhbx.org/rest/v11_8/oauth2/token
    body:
      encoding: UTF-8
      string: client_id=sugar&client_secret=&grant_type=password&params%5Bgrant_type%5D=password&params%5Bpassword%5D=SUGAR_CRM_ENCODED_PASSWORD>&params%5Bplatform%5D=mobile&params%5Busername%5D=<SUGAR_CRM_USERNAME>&password=SUGAR_CRM_ENCODED_PASSWORD>&username=<SUGAR_CRM_USERNAME>
    headers:
      User-Agent:
      - Faraday v1.4.3
      Content-Type:
      - application/x-www-form-urlencoded
  response:
    status:
      code: 200
      message: OK
    headers:
      server:
      - nginx/1.16.1
      date:
      - Mon, 04 Oct 2021 17:23:58 GMT
      content-type:
      - application/json
      content-length:
      - '248'
      connection:
      - keep-alive
      set-cookie:
      - PHPSESSID=uh0phcpa7iaseg0ib0p09uqc3u; path=/, PHPSESSID=555cabfb-58b2-4e02-88ee-51bb41bd26cf;
        path=/, download_token_base=b8c8276e-a971-403f-98c3-3593f293006d; expires=Mon,
        18-Oct-2021 17:23:58 GMT; Max-Age=1209600; path=/; HttpOnly
      expires:
      - Thu, 19 Nov 1981 08:52:00 GMT
      cache-control:
      - no-store, no-cache, must-revalidate
      pragma:
      - no-cache
    body:
      encoding: UTF-8
      string: '{"access_token":"555cabfb-58b2-4e02-88ee-51bb41bd26cf","expires_in":3600,"token_type":"bearer","scope":null,"refresh_token":"f748630d-6c46-4905-af04-219200243f77","refresh_expires_in":1209600,"download_token":"b8c8276e-a971-403f-98c3-3593f293006d"}'
  recorded_at: Mon, 04 Oct 2021 17:23:58 GMT
- request:
    method: put
    uri: https://sandbox-crm.cme.openhbx.org/rest/v11_8/Accounts/776d2280-1bb0-11ec-ab3a-0241d1fb84dd
    body:
      encoding: UTF-8
      string: '{"hbxid_c":"100z01","name":"Doe John","email1":"example3@example.com","billing_address_street":"1119
        Awesome Street NE","billing_address_street_2":"#119","billing_address_street_3":"","billing_address_street_4":null,"billing_address_city":"Washington","billing_address_postalcode":"01001","billing_address_state":"DC","phone_office":"(202)
        111-1119","rawssn_c":null,"raw_ssn_c":null,"dob_c":"1972-04-04","enroll_account_link_c":null}'
    headers:
      User-Agent:
      - Faraday v1.4.3
      Content-Type:
      - application/json
      Authorization:
      - Bearer 555cabfb-58b2-4e02-88ee-51bb41bd26cf
  response:
    status:
      code: 200
      message: OK
    headers:
      server:
      - nginx/1.16.1
      date:
      - Mon, 04 Oct 2021 17:23:58 GMT
      content-type:
      - application/json
      content-length:
      - '2945'
      connection:
      - keep-alive
      expires:
      - Thu, 19 Nov 1981 08:52:00 GMT
      cache-control:
      - no-store, no-cache, must-revalidate
      pragma:
      - no-cache
    body:
      encoding: UTF-8
      string: '{"id":"776d2280-1bb0-11ec-ab3a-0241d1fb84dd","name":"Doe John","date_entered":"2021-09-22T10:22:07-04:00","date_modified":"2021-10-04T13:23:58-04:00","modified_user_id":"d09fe726-feb8-11eb-a595-0241d1fb84dd","modified_by_name":"Bill
        Transue","modified_user_link":{"full_name":"Bill Transue","id":"d09fe726-feb8-11eb-a595-0241d1fb84dd","_acl":{"fields":{"pwd_last_changed":{"write":"no","create":"no"},"last_login":{"write":"no","create":"no"}},"_hash":"6d408abe1708e7afd72eaecf780699c2"}},"created_by":"d09fe726-feb8-11eb-a595-0241d1fb84dd","created_by_name":"Bill
        Transue","created_by_link":{"full_name":"Bill Transue","id":"d09fe726-feb8-11eb-a595-0241d1fb84dd","_acl":{"fields":{"pwd_last_changed":{"write":"no","create":"no"},"last_login":{"write":"no","create":"no"}},"_hash":"6d408abe1708e7afd72eaecf780699c2"}},"description":"","deleted":false,"facebook":"","twitter":"","googleplus":"","account_type":"","industry":"","annual_revenue":"","phone_fax":"","billing_address_street":"1119
        Awesome Street NE\n#119","billing_address_street_2":"","billing_address_street_3":"","billing_address_street_4":"","billing_address_city":"Washington","billing_address_state":"DC","billing_address_postalcode":"01001","billing_address_country":"","rating":"","phone_office":"(202)
        111-1119","phone_alternate":"","website":"","ownership":"","employees":"","ticker_symbol":"","shipping_address_street":"","shipping_address_street_2":"","shipping_address_street_3":"","shipping_address_street_4":"","shipping_address_city":"","shipping_address_state":"","shipping_address_postalcode":"","shipping_address_country":"","service_level":"","parent_id":"","sic_code":"","duns_num":"","parent_name":"","member_of":{"name":"","id":"","_acl":{"fields":[],"_hash":"654d337e0e912edaa00dbb0fb3dc3c17"}},"campaign_id":"","campaign_name":"","campaign_accounts":{"name":"","id":"","_acl":{"fields":[],"_hash":"654d337e0e912edaa00dbb0fb3dc3c17"}},"next_renewal_date":"","following":true,"my_favorite":false,"tag":[],"locked_fields":[],"assigned_user_id":"","assigned_user_name":"","assigned_user_link":{"full_name":"","id":"","_acl":{"fields":[],"_hash":"654d337e0e912edaa00dbb0fb3dc3c17"}},"team_count":"","team_count_link":{"team_count":"","id":"1","_acl":{"fields":[],"_hash":"654d337e0e912edaa00dbb0fb3dc3c17"}},"team_name":[{"id":"1","name":"Global","name_2":"","primary":true,"selected":false}],"email":[{"email_address":"example3@example.com","invalid_email":false,"opt_out":false,"email_address_id":"4b2c2722-18de-11ec-8761-0241d1fb84dd","primary_address":true,"reply_to_address":false}],"email1":"example3@example.com","email2":"","invalid_email":false,"email_opt_out":false,"email_addresses_non_primary":"","raw_ssn_c":"","last_ea_action_at_c":"","dob_c":"1972-04-04","broker_c":"","next_best_action_c":"","hbxid_c":"100z01","last_ea_action_c":"","enroll_account_link_c":"","ssn_c":"XXX-XX-","opt_out_of_emails_c":false,"_acl":{"fields":{}},"_module":"Accounts"}'
  recorded_at: Mon, 04 Oct 2021 17:23:58 GMT
- request:
    method: post
    uri: https://sandbox-crm.cme.openhbx.org/rest/v11_8/oauth2/token
    body:
      encoding: UTF-8
      string: client_id=sugar&client_secret=&grant_type=password&params%5Bgrant_type%5D=password&params%5Bpassword%5D=SUGAR_CRM_ENCODED_PASSWORD>&params%5Bplatform%5D=mobile&params%5Busername%5D=<SUGAR_CRM_USERNAME>&password=SUGAR_CRM_ENCODED_PASSWORD>&username=<SUGAR_CRM_USERNAME>
    headers:
      User-Agent:
      - Faraday v1.4.3
      Content-Type:
      - application/x-www-form-urlencoded
  response:
    status:
      code: 200
      message: OK
    headers:
      server:
      - nginx/1.16.1
      date:
      - Mon, 04 Oct 2021 17:23:58 GMT
      content-type:
      - application/json
      content-length:
      - '248'
      connection:
      - keep-alive
      set-cookie:
      - PHPSESSID=c035spg688df6mrgfq3gapjq5g; path=/, PHPSESSID=23ad1088-ec60-4cb3-a86f-457087614235;
        path=/, download_token_base=21cb2d9a-8a79-4755-8413-736f94ec9220; expires=Mon,
        18-Oct-2021 17:23:58 GMT; Max-Age=1209600; path=/; HttpOnly
      expires:
      - Thu, 19 Nov 1981 08:52:00 GMT
      cache-control:
      - no-store, no-cache, must-revalidate
      pragma:
      - no-cache
    body:
      encoding: UTF-8
      string: '{"access_token":"23ad1088-ec60-4cb3-a86f-457087614235","expires_in":3600,"token_type":"bearer","scope":null,"refresh_token":"ca6858ae-e20f-41fe-830f-03656a6ddd42","refresh_expires_in":1209600,"download_token":"21cb2d9a-8a79-4755-8413-736f94ec9220"}'
  recorded_at: Mon, 04 Oct 2021 17:23:58 GMT
- request:
    method: get
    uri: https://sandbox-crm.cme.openhbx.org/rest/v11_8/Contacts?filter%5B%5D%5Bhbxid_c%5D=100z01
    body:
      encoding: US-ASCII
      string: ''
    headers:
      User-Agent:
      - Faraday v1.4.3
      Authorization:
      - Bearer 23ad1088-ec60-4cb3-a86f-457087614235
  response:
    status:
      code: 200
      message: OK
    headers:
      server:
      - nginx/1.16.1
      date:
      - Mon, 04 Oct 2021 17:23:58 GMT
      content-type:
      - application/json
      content-length:
      - '3958'
      connection:
      - keep-alive
      expires:
      - ''
      cache-control:
      - max-age=0, private
      pragma:
      - ''
      etag:
      - 86cc010a2974cabcb8cbc5af7cf94809
    body:
      encoding: UTF-8
      string: '{"next_offset":-1,"records":[{"id":"784fce64-1bb0-11ec-befc-0241d1fb84dd","name":"Doe
        John","date_entered":"2021-09-22T10:22:08-04:00","date_modified":"2021-10-04T11:01:22-04:00","modified_user_id":"d09fe726-feb8-11eb-a595-0241d1fb84dd","modified_by_name":"Bill
        Transue","modified_user_link":{"full_name":"Bill Transue","id":"d09fe726-feb8-11eb-a595-0241d1fb84dd","_acl":{"fields":{"pwd_last_changed":{"write":"no","create":"no"},"last_login":{"write":"no","create":"no"}},"_hash":"6d408abe1708e7afd72eaecf780699c2"}},"created_by":"d09fe726-feb8-11eb-a595-0241d1fb84dd","created_by_name":"Bill
        Transue","created_by_link":{"full_name":"Bill Transue","id":"d09fe726-feb8-11eb-a595-0241d1fb84dd","_acl":{"fields":{"pwd_last_changed":{"write":"no","create":"no"},"last_login":{"write":"no","create":"no"}},"_hash":"6d408abe1708e7afd72eaecf780699c2"}},"description":"","deleted":false,"salutation":"","first_name":"Doe","last_name":"John","full_name":"Doe
        John","title":"","facebook":"","twitter":"","googleplus":"","department":"","do_not_call":false,"phone_home":"","phone_mobile":"(202)
        111-1119","phone_work":"","phone_other":"","phone_fax":"","primary_address_street":"","primary_address_street_2":"","primary_address_street_3":"","primary_address_city":"","primary_address_state":"","primary_address_postalcode":"","primary_address_country":"","alt_address_street":"","alt_address_street_2":"","alt_address_street_3":"","alt_address_city":"","alt_address_state":"","alt_address_postalcode":"","alt_address_country":"","assistant":"","assistant_phone":"","picture":"","email_and_name1":"","lead_source":"","account_name":"Doe
        John","accounts":{"name":"Doe John","id":"776d2280-1bb0-11ec-ab3a-0241d1fb84dd","_acl":{"fields":[],"_hash":"654d337e0e912edaa00dbb0fb3dc3c17"}},"account_id":"776d2280-1bb0-11ec-ab3a-0241d1fb84dd","dnb_principal_id":"","opportunity_role_fields":"","opportunities":{"id":""},"opportunity_role_id":"","opportunity_role":"","reports_to_id":"","report_to_name":"","reports_to_link":{"name":"","id":"","_acl":{"fields":[],"_hash":"654d337e0e912edaa00dbb0fb3dc3c17"}},"birthdate":"1972-04-04","portal_name":"","portal_active":false,"portal_password":null,"portal_password1":null,"portal_app":"","portal_user_company_name":"","preferred_language":"","cookie_consent":false,"cookie_consent_received_on":"","business_center_name":"","business_centers":{"name":"","id":"","_acl":{"fields":[],"access":"no","view":"no","list":"no","edit":"no","delete":"no","import":"no","export":"no","massupdate":"no","_hash":"3fd204ac1b6d951752c529c51f978bc3"}},"business_center_id":"","dp_business_purpose":[],"dp_consent_last_updated":"2021-09-22","campaign_id":"","campaign_name":"","campaign_contacts":{"name":"","id":"","_acl":{"fields":[],"_hash":"654d337e0e912edaa00dbb0fb3dc3c17"}},"c_accept_status_fields":"","calls":{"id":""},"m_accept_status_fields":"","meetings":{"id":""},"accept_status_id":"","accept_status_name":"","accept_status_calls":"","accept_status_meetings":"","sync_contact":false,"mkto_sync":false,"mkto_id":null,"mkto_lead_score":null,"entry_source":"internal","site_user_id":"","following":true,"my_favorite":false,"tag":[],"locked_fields":[],"assigned_user_id":"","assigned_user_name":"","assigned_user_link":{"full_name":"","id":"","_acl":{"fields":[],"_hash":"654d337e0e912edaa00dbb0fb3dc3c17"}},"team_count":"","team_count_link":{"team_count":"","id":"1","_acl":{"fields":[],"_hash":"654d337e0e912edaa00dbb0fb3dc3c17"}},"team_name":[{"id":"1","name":"Global","name_2":"","primary":true,"selected":false}],"email":[{"email_address":"example3@example.com","primary_address":true,"reply_to_address":false,"invalid_email":false,"opt_out":false,"email_address_id":"4b2c2722-18de-11ec-8761-0241d1fb84dd"}],"email1":"example3@example.com","email2":"","invalid_email":false,"email_opt_out":false,"email_addresses_non_primary":"","gender_c":"male","relationship_c":"Self","hbxid_c":"100z01","_acl":{"fields":{}},"_module":"Contacts"}]}'
  recorded_at: Mon, 04 Oct 2021 17:23:58 GMT
- request:
    method: post
    uri: https://sandbox-crm.cme.openhbx.org/rest/v11_8/oauth2/token
    body:
      encoding: UTF-8
      string: client_id=sugar&client_secret=&grant_type=password&params%5Bgrant_type%5D=password&params%5Bpassword%5D=SUGAR_CRM_ENCODED_PASSWORD>&params%5Bplatform%5D=mobile&params%5Busername%5D=<SUGAR_CRM_USERNAME>&password=SUGAR_CRM_ENCODED_PASSWORD>&username=<SUGAR_CRM_USERNAME>
    headers:
      User-Agent:
      - Faraday v1.4.3
      Content-Type:
      - application/x-www-form-urlencoded
  response:
    status:
      code: 200
      message: OK
    headers:
      server:
      - nginx/1.16.1
      date:
      - Mon, 04 Oct 2021 17:23:59 GMT
      content-type:
      - application/json
      content-length:
      - '248'
      connection:
      - keep-alive
      set-cookie:
      - PHPSESSID=5l4k7bn8kuoisb0ved1uhfjioc; path=/, PHPSESSID=4ab312cc-0fe9-44b5-a657-b3ce74054a67;
        path=/, download_token_base=fedc2452-6853-4047-b107-5ab60ae42023; expires=Mon,
        18-Oct-2021 17:23:59 GMT; Max-Age=1209600; path=/; HttpOnly
      expires:
      - Thu, 19 Nov 1981 08:52:00 GMT
      cache-control:
      - no-store, no-cache, must-revalidate
      pragma:
      - no-cache
    body:
      encoding: UTF-8
      string: '{"access_token":"4ab312cc-0fe9-44b5-a657-b3ce74054a67","expires_in":3600,"token_type":"bearer","scope":null,"refresh_token":"ba3c4448-1686-4534-b18d-84ede0a73f04","refresh_expires_in":1209600,"download_token":"fedc2452-6853-4047-b107-5ab60ae42023"}'
  recorded_at: Mon, 04 Oct 2021 17:23:59 GMT
- request:
    method: put
    uri: https://sandbox-crm.cme.openhbx.org/rest/v11_8/Contacts/784fce64-1bb0-11ec-befc-0241d1fb84dd
    body:
      encoding: UTF-8
      string: '{"hbxid_c":"100z01","first_name":"Doe","last_name":"John","phone_mobile":"(202)
        111-1119","email1":"example3@example.com","birthdate":"1972-04-04","relationship_c":"Self","account_id":"776d2280-1bb0-11ec-ab3a-0241d1fb84dd"}'
    headers:
      User-Agent:
      - Faraday v1.4.3
      Content-Type:
      - application/json
      Authorization:
      - Bearer 4ab312cc-0fe9-44b5-a657-b3ce74054a67
  response:
    status:
      code: 200
      message: OK
    headers:
      server:
      - nginx/1.16.1
      date:
      - Mon, 04 Oct 2021 17:23:59 GMT
      content-type:
      - application/json
      content-length:
      - '3927'
      connection:
      - keep-alive
      expires:
      - Thu, 19 Nov 1981 08:52:00 GMT
      cache-control:
      - no-store, no-cache, must-revalidate
      pragma:
      - no-cache
    body:
      encoding: UTF-8
      string: '{"id":"784fce64-1bb0-11ec-befc-0241d1fb84dd","name":"Doe John","date_entered":"2021-09-22T10:22:08-04:00","date_modified":"2021-10-04T13:23:59-04:00","modified_user_id":"d09fe726-feb8-11eb-a595-0241d1fb84dd","modified_by_name":"Bill
        Transue","modified_user_link":{"full_name":"Bill Transue","id":"d09fe726-feb8-11eb-a595-0241d1fb84dd","_acl":{"fields":{"pwd_last_changed":{"write":"no","create":"no"},"last_login":{"write":"no","create":"no"}},"_hash":"6d408abe1708e7afd72eaecf780699c2"}},"created_by":"d09fe726-feb8-11eb-a595-0241d1fb84dd","created_by_name":"Bill
        Transue","created_by_link":{"full_name":"Bill Transue","id":"d09fe726-feb8-11eb-a595-0241d1fb84dd","_acl":{"fields":{"pwd_last_changed":{"write":"no","create":"no"},"last_login":{"write":"no","create":"no"}},"_hash":"6d408abe1708e7afd72eaecf780699c2"}},"description":"","deleted":false,"salutation":"","first_name":"Doe","last_name":"John","full_name":"Doe
        John","title":"","facebook":"","twitter":"","googleplus":"","department":"","do_not_call":false,"phone_home":"","phone_mobile":"(202)
        111-1119","phone_work":"","phone_other":"","phone_fax":"","primary_address_street":"","primary_address_street_2":"","primary_address_street_3":"","primary_address_city":"","primary_address_state":"","primary_address_postalcode":"","primary_address_country":"","alt_address_street":"","alt_address_street_2":"","alt_address_street_3":"","alt_address_city":"","alt_address_state":"","alt_address_postalcode":"","alt_address_country":"","assistant":"","assistant_phone":"","picture":"","email_and_name1":"","lead_source":"","account_name":"Doe
        John","accounts":{"name":"Doe John","id":"776d2280-1bb0-11ec-ab3a-0241d1fb84dd","_acl":{"fields":[],"_hash":"654d337e0e912edaa00dbb0fb3dc3c17"}},"account_id":"776d2280-1bb0-11ec-ab3a-0241d1fb84dd","dnb_principal_id":"","opportunity_role_fields":"","opportunities":{"id":""},"opportunity_role_id":"","opportunity_role":"","reports_to_id":"","report_to_name":"","reports_to_link":{"name":"","id":"","_acl":{"fields":[],"_hash":"654d337e0e912edaa00dbb0fb3dc3c17"}},"birthdate":"1972-04-04","portal_name":"","portal_active":false,"portal_password":null,"portal_password1":null,"portal_app":"","portal_user_company_name":"","preferred_language":"","cookie_consent":false,"cookie_consent_received_on":"","business_center_name":"","business_centers":{"name":"","id":"","_acl":{"fields":[],"access":"no","view":"no","list":"no","edit":"no","delete":"no","import":"no","export":"no","massupdate":"no","_hash":"3fd204ac1b6d951752c529c51f978bc3"}},"business_center_id":"","dp_business_purpose":[],"dp_consent_last_updated":"2021-09-22","campaign_id":"","campaign_name":"","campaign_contacts":{"name":"","id":"","_acl":{"fields":[],"_hash":"654d337e0e912edaa00dbb0fb3dc3c17"}},"c_accept_status_fields":"","calls":{"id":""},"m_accept_status_fields":"","meetings":{"id":""},"accept_status_id":"","accept_status_name":"","accept_status_calls":"","accept_status_meetings":"","sync_contact":false,"mkto_sync":false,"mkto_id":null,"mkto_lead_score":null,"entry_source":"internal","site_user_id":"","following":true,"my_favorite":false,"tag":[],"locked_fields":[],"assigned_user_id":"","assigned_user_name":"","assigned_user_link":{"full_name":"","id":"","_acl":{"fields":[],"_hash":"654d337e0e912edaa00dbb0fb3dc3c17"}},"team_count":"","team_count_link":{"team_count":"","id":"1","_acl":{"fields":[],"_hash":"654d337e0e912edaa00dbb0fb3dc3c17"}},"team_name":[{"id":"1","name":"Global","name_2":"","primary":true,"selected":false}],"email":[{"email_address":"example3@example.com","invalid_email":false,"opt_out":false,"email_address_id":"4b2c2722-18de-11ec-8761-0241d1fb84dd","primary_address":true,"reply_to_address":false}],"email1":"example3@example.com","email2":"","invalid_email":false,"email_opt_out":false,"email_addresses_non_primary":"","gender_c":"male","relationship_c":"Self","hbxid_c":"100z01","_acl":{"fields":{}},"_module":"Contacts"}'
  recorded_at: Mon, 04 Oct 2021 17:23:59 GMT
- request:
    method: post
    uri: https://sandbox-crm.cme.openhbx.org/rest/v11_8/oauth2/token
    body:
      encoding: UTF-8
      string: client_id=sugar&client_secret=&grant_type=password&params%5Bgrant_type%5D=password&params%5Bpassword%5D=SUGAR_CRM_ENCODED_PASSWORD>&params%5Bplatform%5D=mobile&params%5Busername%5D=<SUGAR_CRM_USERNAME>&password=SUGAR_CRM_ENCODED_PASSWORD>&username=<SUGAR_CRM_USERNAME>
    headers:
      User-Agent:
      - Faraday v1.4.3
      Content-Type:
      - application/x-www-form-urlencoded
  response:
    status:
      code: 200
      message: OK
    headers:
      server:
      - nginx/1.16.1
      date:
      - Mon, 04 Oct 2021 17:23:59 GMT
      content-type:
      - application/json
      content-length:
      - '248'
      connection:
      - keep-alive
      set-cookie:
      - PHPSESSID=puj2o7kh0bsnhhaedua4f7rfvg; path=/, PHPSESSID=bbe6bc91-b16a-48de-936e-e51c8d1d5129;
        path=/, download_token_base=b7545b62-98c5-4018-88b4-09876b84aba0; expires=Mon,
        18-Oct-2021 17:23:59 GMT; Max-Age=1209600; path=/; HttpOnly
      expires:
      - Thu, 19 Nov 1981 08:52:00 GMT
      cache-control:
      - no-store, no-cache, must-revalidate
      pragma:
      - no-cache
    body:
      encoding: UTF-8
      string: '{"access_token":"bbe6bc91-b16a-48de-936e-e51c8d1d5129","expires_in":3600,"token_type":"bearer","scope":null,"refresh_token":"369f48e7-34e7-4073-a252-22155c1f4576","refresh_expires_in":1209600,"download_token":"b7545b62-98c5-4018-88b4-09876b84aba0"}'
  recorded_at: Mon, 04 Oct 2021 17:23:59 GMT
- request:
    method: get
    uri: https://sandbox-crm.cme.openhbx.org/rest/v11_8/Contacts?filter%5B%5D%5Bhbxid_c%5D=b7bfbc6b58f340169de7f0772e88230f
    body:
      encoding: US-ASCII
      string: ''
    headers:
      User-Agent:
      - Faraday v1.4.3
      Authorization:
      - Bearer bbe6bc91-b16a-48de-936e-e51c8d1d5129
  response:
    status:
      code: 200
      message: OK
    headers:
      server:
      - nginx/1.16.1
      date:
      - Mon, 04 Oct 2021 17:24:00 GMT
      content-type:
      - application/json
      content-length:
      - '78417'
      connection:
      - keep-alive
      expires:
      - ''
      cache-control:
      - max-age=0, private
      pragma:
      - ''
      etag:
      - 6440c08d6bc6af19349f795a99a91bd3
    body:
      encoding: UTF-8
      string: '{"next_offset":20,"records":[{"id":"9ddb2ed2-18de-11ec-936c-0241d1fb84dd","name":"John
        Smith2","date_entered":"2021-09-18T20:14:55-04:00","date_modified":"2021-10-04T13:23:56-04:00","modified_user_id":"d09fe726-feb8-11eb-a595-0241d1fb84dd","modified_by_name":"Bill
        Transue","modified_user_link":{"full_name":"Bill Transue","id":"d09fe726-feb8-11eb-a595-0241d1fb84dd","_acl":{"fields":{"pwd_last_changed":{"write":"no","create":"no"},"last_login":{"write":"no","create":"no"}},"_hash":"6d408abe1708e7afd72eaecf780699c2"}},"created_by":"d09fe726-feb8-11eb-a595-0241d1fb84dd","created_by_name":"Bill
        Transue","created_by_link":{"full_name":"Bill Transue","id":"d09fe726-feb8-11eb-a595-0241d1fb84dd","_acl":{"fields":{"pwd_last_changed":{"write":"no","create":"no"},"last_login":{"write":"no","create":"no"}},"_hash":"6d408abe1708e7afd72eaecf780699c2"}},"description":"","deleted":false,"salutation":"","first_name":"John","last_name":"Smith2","full_name":"John
        Smith2","title":"","facebook":"","twitter":"","googleplus":"","department":"","do_not_call":false,"phone_home":"","phone_mobile":"(202)
        111-1123","phone_work":"","phone_other":"","phone_fax":"","primary_address_street":"","primary_address_street_2":"","primary_address_street_3":"","primary_address_city":"","primary_address_state":"","primary_address_postalcode":"","primary_address_country":"","alt_address_street":"","alt_address_street_2":"","alt_address_street_3":"","alt_address_city":"","alt_address_state":"","alt_address_postalcode":"","alt_address_country":"","assistant":"","assistant_phone":"","picture":"","email_and_name1":"","lead_source":"","account_name":"Doe
        John","accounts":{"name":"Doe John","id":"d6cdff48-2537-11ec-9b57-0241d1fb84dd","_acl":{"fields":[],"_hash":"654d337e0e912edaa00dbb0fb3dc3c17"}},"account_id":"d6cdff48-2537-11ec-9b57-0241d1fb84dd","dnb_principal_id":"","opportunity_role_fields":"","opportunities":{"id":""},"opportunity_role_id":"","opportunity_role":"","reports_to_id":"","report_to_name":"","reports_to_link":{"name":"","id":"","_acl":{"fields":[],"_hash":"654d337e0e912edaa00dbb0fb3dc3c17"}},"birthdate":"1972-04-04","portal_name":"","portal_active":false,"portal_password":null,"portal_password1":null,"portal_app":"","portal_user_company_name":"","preferred_language":"","cookie_consent":false,"cookie_consent_received_on":"","business_center_name":"","business_centers":{"name":"","id":"","_acl":{"fields":[],"access":"no","view":"no","list":"no","edit":"no","delete":"no","import":"no","export":"no","massupdate":"no","_hash":"3fd204ac1b6d951752c529c51f978bc3"}},"business_center_id":"","dp_business_purpose":[],"dp_consent_last_updated":"2021-09-18","campaign_id":"","campaign_name":"","campaign_contacts":{"name":"","id":"","_acl":{"fields":[],"_hash":"654d337e0e912edaa00dbb0fb3dc3c17"}},"c_accept_status_fields":"","calls":{"id":""},"m_accept_status_fields":"","meetings":{"id":""},"accept_status_id":"","accept_status_name":"","accept_status_calls":"","accept_status_meetings":"","sync_contact":false,"mkto_sync":false,"mkto_id":null,"mkto_lead_score":null,"entry_source":"internal","site_user_id":"","following":true,"my_favorite":false,"tag":[],"locked_fields":[],"assigned_user_id":"","assigned_user_name":"","assigned_user_link":{"full_name":"","id":"","_acl":{"fields":[],"_hash":"654d337e0e912edaa00dbb0fb3dc3c17"}},"team_count":"","team_count_link":{"team_count":"","id":"1","_acl":{"fields":[],"_hash":"654d337e0e912edaa00dbb0fb3dc3c17"}},"team_name":[{"id":"1","name":"Global","name_2":"","primary":true,"selected":false}],"email":[{"email_address":"example7@example.com","primary_address":true,"reply_to_address":false,"invalid_email":false,"opt_out":false,"email_address_id":"05d7baca-1676-11ec-806a-0241d1fb84dd"}],"email1":"example7@example.com","email2":"","invalid_email":false,"email_opt_out":false,"email_addresses_non_primary":"","gender_c":"male","relationship_c":"Child","hbxid_c":"b7bfbc6b58f340169de7f0772e88230f","_acl":{"fields":{}},"_module":"Contacts"},{"id":"85627d38-18de-11ec-9fff-0241d1fb84dd","name":"John
        Smith2","date_entered":"2021-09-18T20:14:14-04:00","date_modified":"2021-09-18T20:14:14-04:00","modified_user_id":"d09fe726-feb8-11eb-a595-0241d1fb84dd","modified_by_name":"Bill
        Transue","modified_user_link":{"full_name":"Bill Transue","id":"d09fe726-feb8-11eb-a595-0241d1fb84dd","_acl":{"fields":{"pwd_last_changed":{"write":"no","create":"no"},"last_login":{"write":"no","create":"no"}},"_hash":"6d408abe1708e7afd72eaecf780699c2"}},"created_by":"d09fe726-feb8-11eb-a595-0241d1fb84dd","created_by_name":"Bill
        Transue","created_by_link":{"full_name":"Bill Transue","id":"d09fe726-feb8-11eb-a595-0241d1fb84dd","_acl":{"fields":{"pwd_last_changed":{"write":"no","create":"no"},"last_login":{"write":"no","create":"no"}},"_hash":"6d408abe1708e7afd72eaecf780699c2"}},"description":"","deleted":false,"salutation":"","first_name":"John","last_name":"Smith2","full_name":"John
        Smith2","title":"","facebook":"","twitter":"","googleplus":"","department":"","do_not_call":false,"phone_home":"","phone_mobile":"202111112313","phone_work":"","phone_other":"","phone_fax":"","primary_address_street":"","primary_address_street_2":"","primary_address_street_3":"","primary_address_city":"","primary_address_state":"","primary_address_postalcode":"","primary_address_country":"","alt_address_street":"","alt_address_street_2":"","alt_address_street_3":"","alt_address_city":"","alt_address_state":"","alt_address_postalcode":"","alt_address_country":"","assistant":"","assistant_phone":"","picture":"","email_and_name1":"","lead_source":"","account_name":"","accounts":{"name":"","id":"","_acl":{"fields":[],"_hash":"654d337e0e912edaa00dbb0fb3dc3c17"}},"account_id":"","dnb_principal_id":"","opportunity_role_fields":"","opportunities":{"id":""},"opportunity_role_id":"","opportunity_role":"","reports_to_id":"","report_to_name":"","reports_to_link":{"name":"","id":"","_acl":{"fields":[],"_hash":"654d337e0e912edaa00dbb0fb3dc3c17"}},"birthdate":"1972-04-04","portal_name":"","portal_active":false,"portal_password":null,"portal_password1":null,"portal_app":"","portal_user_company_name":"","preferred_language":"","cookie_consent":false,"cookie_consent_received_on":"","business_center_name":"","business_centers":{"name":"","id":"","_acl":{"fields":[],"access":"no","view":"no","list":"no","edit":"no","delete":"no","import":"no","export":"no","massupdate":"no","_hash":"3fd204ac1b6d951752c529c51f978bc3"}},"business_center_id":"","dp_business_purpose":[],"dp_consent_last_updated":"2021-09-18","campaign_id":"","campaign_name":"","campaign_contacts":{"name":"","id":"","_acl":{"fields":[],"_hash":"654d337e0e912edaa00dbb0fb3dc3c17"}},"c_accept_status_fields":"","calls":{"id":""},"m_accept_status_fields":"","meetings":{"id":""},"accept_status_id":"","accept_status_name":"","accept_status_calls":"","accept_status_meetings":"","sync_contact":false,"mkto_sync":false,"mkto_id":null,"mkto_lead_score":null,"entry_source":"internal","site_user_id":"","following":true,"my_favorite":false,"tag":[],"locked_fields":[],"assigned_user_id":"","assigned_user_name":"","assigned_user_link":{"full_name":"","id":"","_acl":{"fields":[],"_hash":"654d337e0e912edaa00dbb0fb3dc3c17"}},"team_count":"","team_count_link":{"team_count":"","id":"1","_acl":{"fields":[],"_hash":"654d337e0e912edaa00dbb0fb3dc3c17"}},"team_name":[{"id":"1","name":"Global","name_2":"","primary":true,"selected":false}],"email":[{"email_address":"example7@example.com","primary_address":true,"reply_to_address":false,"invalid_email":false,"opt_out":false,"email_address_id":"05d7baca-1676-11ec-806a-0241d1fb84dd"}],"email1":"example7@example.com","email2":"","invalid_email":false,"email_opt_out":false,"email_addresses_non_primary":"","gender_c":"male","relationship_c":"Child","hbxid_c":"b7bfbc6b58f340169de7f0772e88230f","_acl":{"fields":{}},"_module":"Contacts"},{"id":"8406c3ae-18de-11ec-966d-0241d1fb84dd","name":"John
        Smith2","date_entered":"2021-09-18T20:14:11-04:00","date_modified":"2021-09-18T20:14:11-04:00","modified_user_id":"d09fe726-feb8-11eb-a595-0241d1fb84dd","modified_by_name":"Bill
        Transue","modified_user_link":{"full_name":"Bill Transue","id":"d09fe726-feb8-11eb-a595-0241d1fb84dd","_acl":{"fields":{"pwd_last_changed":{"write":"no","create":"no"},"last_login":{"write":"no","create":"no"}},"_hash":"6d408abe1708e7afd72eaecf780699c2"}},"created_by":"d09fe726-feb8-11eb-a595-0241d1fb84dd","created_by_name":"Bill
        Transue","created_by_link":{"full_name":"Bill Transue","id":"d09fe726-feb8-11eb-a595-0241d1fb84dd","_acl":{"fields":{"pwd_last_changed":{"write":"no","create":"no"},"last_login":{"write":"no","create":"no"}},"_hash":"6d408abe1708e7afd72eaecf780699c2"}},"description":"","deleted":false,"salutation":"","first_name":"John","last_name":"Smith2","full_name":"John
        Smith2","title":"","facebook":"","twitter":"","googleplus":"","department":"","do_not_call":false,"phone_home":"","phone_mobile":"202111112313","phone_work":"","phone_other":"","phone_fax":"","primary_address_street":"","primary_address_street_2":"","primary_address_street_3":"","primary_address_city":"","primary_address_state":"","primary_address_postalcode":"","primary_address_country":"","alt_address_street":"","alt_address_street_2":"","alt_address_street_3":"","alt_address_city":"","alt_address_state":"","alt_address_postalcode":"","alt_address_country":"","assistant":"","assistant_phone":"","picture":"","email_and_name1":"","lead_source":"","account_name":"","accounts":{"name":"","id":"","_acl":{"fields":[],"_hash":"654d337e0e912edaa00dbb0fb3dc3c17"}},"account_id":"","dnb_principal_id":"","opportunity_role_fields":"","opportunities":{"id":""},"opportunity_role_id":"","opportunity_role":"","reports_to_id":"","report_to_name":"","reports_to_link":{"name":"","id":"","_acl":{"fields":[],"_hash":"654d337e0e912edaa00dbb0fb3dc3c17"}},"birthdate":"1972-04-04","portal_name":"","portal_active":false,"portal_password":null,"portal_password1":null,"portal_app":"","portal_user_company_name":"","preferred_language":"","cookie_consent":false,"cookie_consent_received_on":"","business_center_name":"","business_centers":{"name":"","id":"","_acl":{"fields":[],"access":"no","view":"no","list":"no","edit":"no","delete":"no","import":"no","export":"no","massupdate":"no","_hash":"3fd204ac1b6d951752c529c51f978bc3"}},"business_center_id":"","dp_business_purpose":[],"dp_consent_last_updated":"2021-09-18","campaign_id":"","campaign_name":"","campaign_contacts":{"name":"","id":"","_acl":{"fields":[],"_hash":"654d337e0e912edaa00dbb0fb3dc3c17"}},"c_accept_status_fields":"","calls":{"id":""},"m_accept_status_fields":"","meetings":{"id":""},"accept_status_id":"","accept_status_name":"","accept_status_calls":"","accept_status_meetings":"","sync_contact":false,"mkto_sync":false,"mkto_id":null,"mkto_lead_score":null,"entry_source":"internal","site_user_id":"","following":true,"my_favorite":false,"tag":[],"locked_fields":[],"assigned_user_id":"","assigned_user_name":"","assigned_user_link":{"full_name":"","id":"","_acl":{"fields":[],"_hash":"654d337e0e912edaa00dbb0fb3dc3c17"}},"team_count":"","team_count_link":{"team_count":"","id":"1","_acl":{"fields":[],"_hash":"654d337e0e912edaa00dbb0fb3dc3c17"}},"team_name":[{"id":"1","name":"Global","name_2":"","primary":true,"selected":false}],"email":[{"email_address":"example7@example.com","primary_address":true,"reply_to_address":false,"invalid_email":false,"opt_out":false,"email_address_id":"05d7baca-1676-11ec-806a-0241d1fb84dd"}],"email1":"example7@example.com","email2":"","invalid_email":false,"email_opt_out":false,"email_addresses_non_primary":"","gender_c":"male","relationship_c":"Child","hbxid_c":"b7bfbc6b58f340169de7f0772e88230f","_acl":{"fields":{}},"_module":"Contacts"},{"id":"4b9fb8b8-18de-11ec-b8e6-0241d1fb84dd","name":"John
        Smith2","date_entered":"2021-09-18T20:12:37-04:00","date_modified":"2021-09-18T20:12:37-04:00","modified_user_id":"d09fe726-feb8-11eb-a595-0241d1fb84dd","modified_by_name":"Bill
        Transue","modified_user_link":{"full_name":"Bill Transue","id":"d09fe726-feb8-11eb-a595-0241d1fb84dd","_acl":{"fields":{"pwd_last_changed":{"write":"no","create":"no"},"last_login":{"write":"no","create":"no"}},"_hash":"6d408abe1708e7afd72eaecf780699c2"}},"created_by":"d09fe726-feb8-11eb-a595-0241d1fb84dd","created_by_name":"Bill
        Transue","created_by_link":{"full_name":"Bill Transue","id":"d09fe726-feb8-11eb-a595-0241d1fb84dd","_acl":{"fields":{"pwd_last_changed":{"write":"no","create":"no"},"last_login":{"write":"no","create":"no"}},"_hash":"6d408abe1708e7afd72eaecf780699c2"}},"description":"","deleted":false,"salutation":"","first_name":"John","last_name":"Smith2","full_name":"John
        Smith2","title":"","facebook":"","twitter":"","googleplus":"","department":"","do_not_call":false,"phone_home":"","phone_mobile":"202111112313","phone_work":"","phone_other":"","phone_fax":"","primary_address_street":"","primary_address_street_2":"","primary_address_street_3":"","primary_address_city":"","primary_address_state":"","primary_address_postalcode":"","primary_address_country":"","alt_address_street":"","alt_address_street_2":"","alt_address_street_3":"","alt_address_city":"","alt_address_state":"","alt_address_postalcode":"","alt_address_country":"","assistant":"","assistant_phone":"","picture":"","email_and_name1":"","lead_source":"","account_name":"","accounts":{"name":"","id":"","_acl":{"fields":[],"_hash":"654d337e0e912edaa00dbb0fb3dc3c17"}},"account_id":"","dnb_principal_id":"","opportunity_role_fields":"","opportunities":{"id":""},"opportunity_role_id":"","opportunity_role":"","reports_to_id":"","report_to_name":"","reports_to_link":{"name":"","id":"","_acl":{"fields":[],"_hash":"654d337e0e912edaa00dbb0fb3dc3c17"}},"birthdate":"1972-04-04","portal_name":"","portal_active":false,"portal_password":null,"portal_password1":null,"portal_app":"","portal_user_company_name":"","preferred_language":"","cookie_consent":false,"cookie_consent_received_on":"","business_center_name":"","business_centers":{"name":"","id":"","_acl":{"fields":[],"access":"no","view":"no","list":"no","edit":"no","delete":"no","import":"no","export":"no","massupdate":"no","_hash":"3fd204ac1b6d951752c529c51f978bc3"}},"business_center_id":"","dp_business_purpose":[],"dp_consent_last_updated":"2021-09-18","campaign_id":"","campaign_name":"","campaign_contacts":{"name":"","id":"","_acl":{"fields":[],"_hash":"654d337e0e912edaa00dbb0fb3dc3c17"}},"c_accept_status_fields":"","calls":{"id":""},"m_accept_status_fields":"","meetings":{"id":""},"accept_status_id":"","accept_status_name":"","accept_status_calls":"","accept_status_meetings":"","sync_contact":false,"mkto_sync":false,"mkto_id":null,"mkto_lead_score":null,"entry_source":"internal","site_user_id":"","following":true,"my_favorite":false,"tag":[],"locked_fields":[],"assigned_user_id":"","assigned_user_name":"","assigned_user_link":{"full_name":"","id":"","_acl":{"fields":[],"_hash":"654d337e0e912edaa00dbb0fb3dc3c17"}},"team_count":"","team_count_link":{"team_count":"","id":"1","_acl":{"fields":[],"_hash":"654d337e0e912edaa00dbb0fb3dc3c17"}},"team_name":[{"id":"1","name":"Global","name_2":"","primary":true,"selected":false}],"email":[{"email_address":"example7@example.com","primary_address":true,"reply_to_address":false,"invalid_email":false,"opt_out":false,"email_address_id":"05d7baca-1676-11ec-806a-0241d1fb84dd"}],"email1":"example7@example.com","email2":"","invalid_email":false,"email_opt_out":false,"email_addresses_non_primary":"","gender_c":"male","relationship_c":"Child","hbxid_c":"b7bfbc6b58f340169de7f0772e88230f","_acl":{"fields":{}},"_module":"Contacts"},{"id":"c105ed62-17ed-11ec-91c2-0241d1fb84dd","name":"John
        Smith2","date_entered":"2021-09-17T15:30:45-04:00","date_modified":"2021-09-17T15:30:45-04:00","modified_user_id":"d09fe726-feb8-11eb-a595-0241d1fb84dd","modified_by_name":"Bill
        Transue","modified_user_link":{"full_name":"Bill Transue","id":"d09fe726-feb8-11eb-a595-0241d1fb84dd","_acl":{"fields":{"pwd_last_changed":{"write":"no","create":"no"},"last_login":{"write":"no","create":"no"}},"_hash":"6d408abe1708e7afd72eaecf780699c2"}},"created_by":"d09fe726-feb8-11eb-a595-0241d1fb84dd","created_by_name":"Bill
        Transue","created_by_link":{"full_name":"Bill Transue","id":"d09fe726-feb8-11eb-a595-0241d1fb84dd","_acl":{"fields":{"pwd_last_changed":{"write":"no","create":"no"},"last_login":{"write":"no","create":"no"}},"_hash":"6d408abe1708e7afd72eaecf780699c2"}},"description":"","deleted":false,"salutation":"","first_name":"John","last_name":"Smith2","full_name":"John
        Smith2","title":"","facebook":"","twitter":"","googleplus":"","department":"","do_not_call":false,"phone_home":"","phone_mobile":"202111112313","phone_work":"","phone_other":"","phone_fax":"","primary_address_street":"","primary_address_street_2":"","primary_address_street_3":"","primary_address_city":"","primary_address_state":"","primary_address_postalcode":"","primary_address_country":"","alt_address_street":"","alt_address_street_2":"","alt_address_street_3":"","alt_address_city":"","alt_address_state":"","alt_address_postalcode":"","alt_address_country":"","assistant":"","assistant_phone":"","picture":"","email_and_name1":"","lead_source":"","account_name":"John
        Doe","accounts":{"name":"John Doe","id":"becd1b74-17ed-11ec-b928-0241d1fb84dd","_acl":{"fields":[],"_hash":"654d337e0e912edaa00dbb0fb3dc3c17"}},"account_id":"becd1b74-17ed-11ec-b928-0241d1fb84dd","dnb_principal_id":"","opportunity_role_fields":"","opportunities":{"id":""},"opportunity_role_id":"","opportunity_role":"","reports_to_id":"","report_to_name":"","reports_to_link":{"name":"","id":"","_acl":{"fields":[],"_hash":"654d337e0e912edaa00dbb0fb3dc3c17"}},"birthdate":"1972-04-04","portal_name":"","portal_active":false,"portal_password":null,"portal_password1":null,"portal_app":"","portal_user_company_name":"","preferred_language":"","cookie_consent":false,"cookie_consent_received_on":"","business_center_name":"","business_centers":{"name":"","id":"","_acl":{"fields":[],"access":"no","view":"no","list":"no","edit":"no","delete":"no","import":"no","export":"no","massupdate":"no","_hash":"3fd204ac1b6d951752c529c51f978bc3"}},"business_center_id":"","dp_business_purpose":[],"dp_consent_last_updated":"2021-09-17","campaign_id":"","campaign_name":"","campaign_contacts":{"name":"","id":"","_acl":{"fields":[],"_hash":"654d337e0e912edaa00dbb0fb3dc3c17"}},"c_accept_status_fields":"","calls":{"id":""},"m_accept_status_fields":"","meetings":{"id":""},"accept_status_id":"","accept_status_name":"","accept_status_calls":"","accept_status_meetings":"","sync_contact":false,"mkto_sync":false,"mkto_id":null,"mkto_lead_score":null,"entry_source":"internal","site_user_id":"","following":true,"my_favorite":false,"tag":[],"locked_fields":[],"assigned_user_id":"","assigned_user_name":"","assigned_user_link":{"full_name":"","id":"","_acl":{"fields":[],"_hash":"654d337e0e912edaa00dbb0fb3dc3c17"}},"team_count":"","team_count_link":{"team_count":"","id":"1","_acl":{"fields":[],"_hash":"654d337e0e912edaa00dbb0fb3dc3c17"}},"team_name":[{"id":"1","name":"Global","name_2":"","primary":true,"selected":false}],"email":[{"email_address":"example7@example.com","primary_address":true,"reply_to_address":false,"invalid_email":false,"opt_out":false,"email_address_id":"05d7baca-1676-11ec-806a-0241d1fb84dd"}],"email1":"example7@example.com","email2":"","invalid_email":false,"email_opt_out":false,"email_addresses_non_primary":"","gender_c":"male","relationship_c":"Child","hbxid_c":"b7bfbc6b58f340169de7f0772e88230f","_acl":{"fields":{}},"_module":"Contacts"},{"id":"418ff11c-17e9-11ec-8fcf-0241d1fb84dd","name":"John
        Smith2","date_entered":"2021-09-17T14:58:33-04:00","date_modified":"2021-09-17T14:58:35-04:00","modified_user_id":"d09fe726-feb8-11eb-a595-0241d1fb84dd","modified_by_name":"Bill
        Transue","modified_user_link":{"full_name":"Bill Transue","id":"d09fe726-feb8-11eb-a595-0241d1fb84dd","_acl":{"fields":{"pwd_last_changed":{"write":"no","create":"no"},"last_login":{"write":"no","create":"no"}},"_hash":"6d408abe1708e7afd72eaecf780699c2"}},"created_by":"d09fe726-feb8-11eb-a595-0241d1fb84dd","created_by_name":"Bill
        Transue","created_by_link":{"full_name":"Bill Transue","id":"d09fe726-feb8-11eb-a595-0241d1fb84dd","_acl":{"fields":{"pwd_last_changed":{"write":"no","create":"no"},"last_login":{"write":"no","create":"no"}},"_hash":"6d408abe1708e7afd72eaecf780699c2"}},"description":"","deleted":false,"salutation":"","first_name":"John","last_name":"Smith2","full_name":"John
        Smith2","title":"","facebook":"","twitter":"","googleplus":"","department":"","do_not_call":false,"phone_home":"","phone_mobile":"202111112313","phone_work":"","phone_other":"","phone_fax":"","primary_address_street":"","primary_address_street_2":"","primary_address_street_3":"","primary_address_city":"","primary_address_state":"","primary_address_postalcode":"","primary_address_country":"","alt_address_street":"","alt_address_street_2":"","alt_address_street_3":"","alt_address_city":"","alt_address_state":"","alt_address_postalcode":"","alt_address_country":"","assistant":"","assistant_phone":"","picture":"","email_and_name1":"","lead_source":"","account_name":"John
        Jacob","accounts":{"name":"John Jacob","id":"3f9b79da-17e9-11ec-ba6b-0241d1fb84dd","_acl":{"fields":[],"_hash":"654d337e0e912edaa00dbb0fb3dc3c17"}},"account_id":"3f9b79da-17e9-11ec-ba6b-0241d1fb84dd","dnb_principal_id":"","opportunity_role_fields":"","opportunities":{"id":""},"opportunity_role_id":"","opportunity_role":"","reports_to_id":"","report_to_name":"","reports_to_link":{"name":"","id":"","_acl":{"fields":[],"_hash":"654d337e0e912edaa00dbb0fb3dc3c17"}},"birthdate":"1972-04-04","portal_name":"","portal_active":false,"portal_password":null,"portal_password1":null,"portal_app":"","portal_user_company_name":"","preferred_language":"","cookie_consent":false,"cookie_consent_received_on":"","business_center_name":"","business_centers":{"name":"","id":"","_acl":{"fields":[],"access":"no","view":"no","list":"no","edit":"no","delete":"no","import":"no","export":"no","massupdate":"no","_hash":"3fd204ac1b6d951752c529c51f978bc3"}},"business_center_id":"","dp_business_purpose":[],"dp_consent_last_updated":"2021-09-17","campaign_id":"","campaign_name":"","campaign_contacts":{"name":"","id":"","_acl":{"fields":[],"_hash":"654d337e0e912edaa00dbb0fb3dc3c17"}},"c_accept_status_fields":"","calls":{"id":""},"m_accept_status_fields":"","meetings":{"id":""},"accept_status_id":"","accept_status_name":"","accept_status_calls":"","accept_status_meetings":"","sync_contact":false,"mkto_sync":false,"mkto_id":null,"mkto_lead_score":null,"entry_source":"internal","site_user_id":"","following":true,"my_favorite":false,"tag":[],"locked_fields":[],"assigned_user_id":"","assigned_user_name":"","assigned_user_link":{"full_name":"","id":"","_acl":{"fields":[],"_hash":"654d337e0e912edaa00dbb0fb3dc3c17"}},"team_count":"","team_count_link":{"team_count":"","id":"1","_acl":{"fields":[],"_hash":"654d337e0e912edaa00dbb0fb3dc3c17"}},"team_name":[{"id":"1","name":"Global","name_2":"","primary":true,"selected":false}],"email":[{"email_address":"example7@example.com","primary_address":true,"reply_to_address":false,"invalid_email":false,"opt_out":false,"email_address_id":"05d7baca-1676-11ec-806a-0241d1fb84dd"}],"email1":"example7@example.com","email2":"","invalid_email":false,"email_opt_out":false,"email_addresses_non_primary":"","gender_c":"male","relationship_c":"Child","hbxid_c":"b7bfbc6b58f340169de7f0772e88230f","_acl":{"fields":{}},"_module":"Contacts"},{"id":"2233bb28-17e9-11ec-927d-0241d1fb84dd","name":"John
        Smith2","date_entered":"2021-09-17T14:57:40-04:00","date_modified":"2021-09-17T14:57:43-04:00","modified_user_id":"d09fe726-feb8-11eb-a595-0241d1fb84dd","modified_by_name":"Bill
        Transue","modified_user_link":{"full_name":"Bill Transue","id":"d09fe726-feb8-11eb-a595-0241d1fb84dd","_acl":{"fields":{"pwd_last_changed":{"write":"no","create":"no"},"last_login":{"write":"no","create":"no"}},"_hash":"6d408abe1708e7afd72eaecf780699c2"}},"created_by":"d09fe726-feb8-11eb-a595-0241d1fb84dd","created_by_name":"Bill
        Transue","created_by_link":{"full_name":"Bill Transue","id":"d09fe726-feb8-11eb-a595-0241d1fb84dd","_acl":{"fields":{"pwd_last_changed":{"write":"no","create":"no"},"last_login":{"write":"no","create":"no"}},"_hash":"6d408abe1708e7afd72eaecf780699c2"}},"description":"","deleted":false,"salutation":"","first_name":"John","last_name":"Smith2","full_name":"John
        Smith2","title":"","facebook":"","twitter":"","googleplus":"","department":"","do_not_call":false,"phone_home":"","phone_mobile":"202111112313","phone_work":"","phone_other":"","phone_fax":"","primary_address_street":"","primary_address_street_2":"","primary_address_street_3":"","primary_address_city":"","primary_address_state":"","primary_address_postalcode":"","primary_address_country":"","alt_address_street":"","alt_address_street_2":"","alt_address_street_3":"","alt_address_city":"","alt_address_state":"","alt_address_postalcode":"","alt_address_country":"","assistant":"","assistant_phone":"","picture":"","email_and_name1":"","lead_source":"","account_name":"John
        Jacob","accounts":{"name":"John Jacob","id":"2041a64a-17e9-11ec-b4f3-0241d1fb84dd","_acl":{"fields":[],"_hash":"654d337e0e912edaa00dbb0fb3dc3c17"}},"account_id":"2041a64a-17e9-11ec-b4f3-0241d1fb84dd","dnb_principal_id":"","opportunity_role_fields":"","opportunities":{"id":""},"opportunity_role_id":"","opportunity_role":"","reports_to_id":"","report_to_name":"","reports_to_link":{"name":"","id":"","_acl":{"fields":[],"_hash":"654d337e0e912edaa00dbb0fb3dc3c17"}},"birthdate":"1972-04-04","portal_name":"","portal_active":false,"portal_password":null,"portal_password1":null,"portal_app":"","portal_user_company_name":"","preferred_language":"","cookie_consent":false,"cookie_consent_received_on":"","business_center_name":"","business_centers":{"name":"","id":"","_acl":{"fields":[],"access":"no","view":"no","list":"no","edit":"no","delete":"no","import":"no","export":"no","massupdate":"no","_hash":"3fd204ac1b6d951752c529c51f978bc3"}},"business_center_id":"","dp_business_purpose":[],"dp_consent_last_updated":"2021-09-17","campaign_id":"","campaign_name":"","campaign_contacts":{"name":"","id":"","_acl":{"fields":[],"_hash":"654d337e0e912edaa00dbb0fb3dc3c17"}},"c_accept_status_fields":"","calls":{"id":""},"m_accept_status_fields":"","meetings":{"id":""},"accept_status_id":"","accept_status_name":"","accept_status_calls":"","accept_status_meetings":"","sync_contact":false,"mkto_sync":false,"mkto_id":null,"mkto_lead_score":null,"entry_source":"internal","site_user_id":"","following":true,"my_favorite":false,"tag":[],"locked_fields":[],"assigned_user_id":"","assigned_user_name":"","assigned_user_link":{"full_name":"","id":"","_acl":{"fields":[],"_hash":"654d337e0e912edaa00dbb0fb3dc3c17"}},"team_count":"","team_count_link":{"team_count":"","id":"1","_acl":{"fields":[],"_hash":"654d337e0e912edaa00dbb0fb3dc3c17"}},"team_name":[{"id":"1","name":"Global","name_2":"","primary":true,"selected":false}],"email":[{"email_address":"example7@example.com","primary_address":true,"reply_to_address":false,"invalid_email":false,"opt_out":false,"email_address_id":"05d7baca-1676-11ec-806a-0241d1fb84dd"}],"email1":"example7@example.com","email2":"","invalid_email":false,"email_opt_out":false,"email_addresses_non_primary":"","gender_c":"male","relationship_c":"Child","hbxid_c":"b7bfbc6b58f340169de7f0772e88230f","_acl":{"fields":{}},"_module":"Contacts"},{"id":"88839066-17e8-11ec-914a-0241d1fb84dd","name":"John
        Smith2","date_entered":"2021-09-17T14:53:23-04:00","date_modified":"2021-09-17T14:53:25-04:00","modified_user_id":"d09fe726-feb8-11eb-a595-0241d1fb84dd","modified_by_name":"Bill
        Transue","modified_user_link":{"full_name":"Bill Transue","id":"d09fe726-feb8-11eb-a595-0241d1fb84dd","_acl":{"fields":{"pwd_last_changed":{"write":"no","create":"no"},"last_login":{"write":"no","create":"no"}},"_hash":"6d408abe1708e7afd72eaecf780699c2"}},"created_by":"d09fe726-feb8-11eb-a595-0241d1fb84dd","created_by_name":"Bill
        Transue","created_by_link":{"full_name":"Bill Transue","id":"d09fe726-feb8-11eb-a595-0241d1fb84dd","_acl":{"fields":{"pwd_last_changed":{"write":"no","create":"no"},"last_login":{"write":"no","create":"no"}},"_hash":"6d408abe1708e7afd72eaecf780699c2"}},"description":"","deleted":false,"salutation":"","first_name":"John","last_name":"Smith2","full_name":"John
        Smith2","title":"","facebook":"","twitter":"","googleplus":"","department":"","do_not_call":false,"phone_home":"","phone_mobile":"202111112313","phone_work":"","phone_other":"","phone_fax":"","primary_address_street":"","primary_address_street_2":"","primary_address_street_3":"","primary_address_city":"","primary_address_state":"","primary_address_postalcode":"","primary_address_country":"","alt_address_street":"","alt_address_street_2":"","alt_address_street_3":"","alt_address_city":"","alt_address_state":"","alt_address_postalcode":"","alt_address_country":"","assistant":"","assistant_phone":"","picture":"","email_and_name1":"","lead_source":"","account_name":"John
        Jacob","accounts":{"name":"John Jacob","id":"867535b8-17e8-11ec-b5b6-0241d1fb84dd","_acl":{"fields":[],"_hash":"654d337e0e912edaa00dbb0fb3dc3c17"}},"account_id":"867535b8-17e8-11ec-b5b6-0241d1fb84dd","dnb_principal_id":"","opportunity_role_fields":"","opportunities":{"id":""},"opportunity_role_id":"","opportunity_role":"","reports_to_id":"","report_to_name":"","reports_to_link":{"name":"","id":"","_acl":{"fields":[],"_hash":"654d337e0e912edaa00dbb0fb3dc3c17"}},"birthdate":"1972-04-04","portal_name":"","portal_active":false,"portal_password":null,"portal_password1":null,"portal_app":"","portal_user_company_name":"","preferred_language":"","cookie_consent":false,"cookie_consent_received_on":"","business_center_name":"","business_centers":{"name":"","id":"","_acl":{"fields":[],"access":"no","view":"no","list":"no","edit":"no","delete":"no","import":"no","export":"no","massupdate":"no","_hash":"3fd204ac1b6d951752c529c51f978bc3"}},"business_center_id":"","dp_business_purpose":[],"dp_consent_last_updated":"2021-09-17","campaign_id":"","campaign_name":"","campaign_contacts":{"name":"","id":"","_acl":{"fields":[],"_hash":"654d337e0e912edaa00dbb0fb3dc3c17"}},"c_accept_status_fields":"","calls":{"id":""},"m_accept_status_fields":"","meetings":{"id":""},"accept_status_id":"","accept_status_name":"","accept_status_calls":"","accept_status_meetings":"","sync_contact":false,"mkto_sync":false,"mkto_id":null,"mkto_lead_score":null,"entry_source":"internal","site_user_id":"","following":true,"my_favorite":false,"tag":[],"locked_fields":[],"assigned_user_id":"","assigned_user_name":"","assigned_user_link":{"full_name":"","id":"","_acl":{"fields":[],"_hash":"654d337e0e912edaa00dbb0fb3dc3c17"}},"team_count":"","team_count_link":{"team_count":"","id":"1","_acl":{"fields":[],"_hash":"654d337e0e912edaa00dbb0fb3dc3c17"}},"team_name":[{"id":"1","name":"Global","name_2":"","primary":true,"selected":false}],"email":[{"email_address":"example7@example.com","primary_address":true,"reply_to_address":false,"invalid_email":false,"opt_out":false,"email_address_id":"05d7baca-1676-11ec-806a-0241d1fb84dd"}],"email1":"example7@example.com","email2":"","invalid_email":false,"email_opt_out":false,"email_addresses_non_primary":"","gender_c":"male","relationship_c":"Child","hbxid_c":"b7bfbc6b58f340169de7f0772e88230f","_acl":{"fields":{}},"_module":"Contacts"},{"id":"23472a8e-17e6-11ec-8be4-0241d1fb84dd","name":"John
        Smith2","date_entered":"2021-09-17T14:36:14-04:00","date_modified":"2021-09-17T14:36:14-04:00","modified_user_id":"d09fe726-feb8-11eb-a595-0241d1fb84dd","modified_by_name":"Bill
        Transue","modified_user_link":{"full_name":"Bill Transue","id":"d09fe726-feb8-11eb-a595-0241d1fb84dd","_acl":{"fields":{"pwd_last_changed":{"write":"no","create":"no"},"last_login":{"write":"no","create":"no"}},"_hash":"6d408abe1708e7afd72eaecf780699c2"}},"created_by":"d09fe726-feb8-11eb-a595-0241d1fb84dd","created_by_name":"Bill
        Transue","created_by_link":{"full_name":"Bill Transue","id":"d09fe726-feb8-11eb-a595-0241d1fb84dd","_acl":{"fields":{"pwd_last_changed":{"write":"no","create":"no"},"last_login":{"write":"no","create":"no"}},"_hash":"6d408abe1708e7afd72eaecf780699c2"}},"description":"","deleted":false,"salutation":"","first_name":"John","last_name":"Smith2","full_name":"John
        Smith2","title":"","facebook":"","twitter":"","googleplus":"","department":"","do_not_call":false,"phone_home":"","phone_mobile":"202111112313","phone_work":"","phone_other":"","phone_fax":"","primary_address_street":"","primary_address_street_2":"","primary_address_street_3":"","primary_address_city":"","primary_address_state":"","primary_address_postalcode":"","primary_address_country":"","alt_address_street":"","alt_address_street_2":"","alt_address_street_3":"","alt_address_city":"","alt_address_state":"","alt_address_postalcode":"","alt_address_country":"","assistant":"","assistant_phone":"","picture":"","email_and_name1":"","lead_source":"","account_name":"John
        Doe","accounts":{"name":"John Doe","id":"21385e8e-17e6-11ec-85f2-0241d1fb84dd","_acl":{"fields":[],"_hash":"654d337e0e912edaa00dbb0fb3dc3c17"}},"account_id":"21385e8e-17e6-11ec-85f2-0241d1fb84dd","dnb_principal_id":"","opportunity_role_fields":"","opportunities":{"id":""},"opportunity_role_id":"","opportunity_role":"","reports_to_id":"","report_to_name":"","reports_to_link":{"name":"","id":"","_acl":{"fields":[],"_hash":"654d337e0e912edaa00dbb0fb3dc3c17"}},"birthdate":"1972-04-04","portal_name":"","portal_active":false,"portal_password":null,"portal_password1":null,"portal_app":"","portal_user_company_name":"","preferred_language":"","cookie_consent":false,"cookie_consent_received_on":"","business_center_name":"","business_centers":{"name":"","id":"","_acl":{"fields":[],"access":"no","view":"no","list":"no","edit":"no","delete":"no","import":"no","export":"no","massupdate":"no","_hash":"3fd204ac1b6d951752c529c51f978bc3"}},"business_center_id":"","dp_business_purpose":[],"dp_consent_last_updated":"2021-09-17","campaign_id":"","campaign_name":"","campaign_contacts":{"name":"","id":"","_acl":{"fields":[],"_hash":"654d337e0e912edaa00dbb0fb3dc3c17"}},"c_accept_status_fields":"","calls":{"id":""},"m_accept_status_fields":"","meetings":{"id":""},"accept_status_id":"","accept_status_name":"","accept_status_calls":"","accept_status_meetings":"","sync_contact":false,"mkto_sync":false,"mkto_id":null,"mkto_lead_score":null,"entry_source":"internal","site_user_id":"","following":true,"my_favorite":false,"tag":[],"locked_fields":[],"assigned_user_id":"","assigned_user_name":"","assigned_user_link":{"full_name":"","id":"","_acl":{"fields":[],"_hash":"654d337e0e912edaa00dbb0fb3dc3c17"}},"team_count":"","team_count_link":{"team_count":"","id":"1","_acl":{"fields":[],"_hash":"654d337e0e912edaa00dbb0fb3dc3c17"}},"team_name":[{"id":"1","name":"Global","name_2":"","primary":true,"selected":false}],"email":[{"email_address":"example7@example.com","primary_address":true,"reply_to_address":false,"invalid_email":false,"opt_out":false,"email_address_id":"05d7baca-1676-11ec-806a-0241d1fb84dd"}],"email1":"example7@example.com","email2":"","invalid_email":false,"email_opt_out":false,"email_addresses_non_primary":"","gender_c":"male","relationship_c":"Child","hbxid_c":"b7bfbc6b58f340169de7f0772e88230f","_acl":{"fields":{}},"_module":"Contacts"},{"id":"1ad18910-17d9-11ec-9b91-0241d1fb84dd","name":"John
        Smith2","date_entered":"2021-09-17T13:02:56-04:00","date_modified":"2021-09-17T13:02:57-04:00","modified_user_id":"d09fe726-feb8-11eb-a595-0241d1fb84dd","modified_by_name":"Bill
        Transue","modified_user_link":{"full_name":"Bill Transue","id":"d09fe726-feb8-11eb-a595-0241d1fb84dd","_acl":{"fields":{"pwd_last_changed":{"write":"no","create":"no"},"last_login":{"write":"no","create":"no"}},"_hash":"6d408abe1708e7afd72eaecf780699c2"}},"created_by":"d09fe726-feb8-11eb-a595-0241d1fb84dd","created_by_name":"Bill
        Transue","created_by_link":{"full_name":"Bill Transue","id":"d09fe726-feb8-11eb-a595-0241d1fb84dd","_acl":{"fields":{"pwd_last_changed":{"write":"no","create":"no"},"last_login":{"write":"no","create":"no"}},"_hash":"6d408abe1708e7afd72eaecf780699c2"}},"description":"","deleted":false,"salutation":"","first_name":"John","last_name":"Smith2","full_name":"John
        Smith2","title":"","facebook":"","twitter":"","googleplus":"","department":"","do_not_call":false,"phone_home":"","phone_mobile":"202111112313","phone_work":"","phone_other":"","phone_fax":"","primary_address_street":"","primary_address_street_2":"","primary_address_street_3":"","primary_address_city":"","primary_address_state":"","primary_address_postalcode":"","primary_address_country":"","alt_address_street":"","alt_address_street_2":"","alt_address_street_3":"","alt_address_city":"","alt_address_state":"","alt_address_postalcode":"","alt_address_country":"","assistant":"","assistant_phone":"","picture":"","email_and_name1":"","lead_source":"","account_name":"John
        Jacob","accounts":{"name":"John Jacob","id":"19b3c1ba-17d9-11ec-98b3-0241d1fb84dd","_acl":{"fields":[],"_hash":"654d337e0e912edaa00dbb0fb3dc3c17"}},"account_id":"19b3c1ba-17d9-11ec-98b3-0241d1fb84dd","dnb_principal_id":"","opportunity_role_fields":"","opportunities":{"id":""},"opportunity_role_id":"","opportunity_role":"","reports_to_id":"","report_to_name":"","reports_to_link":{"name":"","id":"","_acl":{"fields":[],"_hash":"654d337e0e912edaa00dbb0fb3dc3c17"}},"birthdate":"1972-04-04","portal_name":"","portal_active":false,"portal_password":null,"portal_password1":null,"portal_app":"","portal_user_company_name":"","preferred_language":"","cookie_consent":false,"cookie_consent_received_on":"","business_center_name":"","business_centers":{"name":"","id":"","_acl":{"fields":[],"access":"no","view":"no","list":"no","edit":"no","delete":"no","import":"no","export":"no","massupdate":"no","_hash":"3fd204ac1b6d951752c529c51f978bc3"}},"business_center_id":"","dp_business_purpose":[],"dp_consent_last_updated":"2021-09-17","campaign_id":"","campaign_name":"","campaign_contacts":{"name":"","id":"","_acl":{"fields":[],"_hash":"654d337e0e912edaa00dbb0fb3dc3c17"}},"c_accept_status_fields":"","calls":{"id":""},"m_accept_status_fields":"","meetings":{"id":""},"accept_status_id":"","accept_status_name":"","accept_status_calls":"","accept_status_meetings":"","sync_contact":false,"mkto_sync":false,"mkto_id":null,"mkto_lead_score":null,"entry_source":"internal","site_user_id":"","following":true,"my_favorite":false,"tag":[],"locked_fields":[],"assigned_user_id":"","assigned_user_name":"","assigned_user_link":{"full_name":"","id":"","_acl":{"fields":[],"_hash":"654d337e0e912edaa00dbb0fb3dc3c17"}},"team_count":"","team_count_link":{"team_count":"","id":"1","_acl":{"fields":[],"_hash":"654d337e0e912edaa00dbb0fb3dc3c17"}},"team_name":[{"id":"1","name":"Global","name_2":"","primary":true,"selected":false}],"email":[{"email_address":"example7@example.com","primary_address":true,"reply_to_address":false,"invalid_email":false,"opt_out":false,"email_address_id":"05d7baca-1676-11ec-806a-0241d1fb84dd"}],"email1":"example7@example.com","email2":"","invalid_email":false,"email_opt_out":false,"email_addresses_non_primary":"","gender_c":"male","relationship_c":"Child","hbxid_c":"b7bfbc6b58f340169de7f0772e88230f","_acl":{"fields":{}},"_module":"Contacts"},{"id":"e93c1806-17d4-11ec-98db-0241d1fb84dd","name":"John
        Smith2","date_entered":"2021-09-17T12:32:55-04:00","date_modified":"2021-09-17T12:32:56-04:00","modified_user_id":"d09fe726-feb8-11eb-a595-0241d1fb84dd","modified_by_name":"Bill
        Transue","modified_user_link":{"full_name":"Bill Transue","id":"d09fe726-feb8-11eb-a595-0241d1fb84dd","_acl":{"fields":{"pwd_last_changed":{"write":"no","create":"no"},"last_login":{"write":"no","create":"no"}},"_hash":"6d408abe1708e7afd72eaecf780699c2"}},"created_by":"d09fe726-feb8-11eb-a595-0241d1fb84dd","created_by_name":"Bill
        Transue","created_by_link":{"full_name":"Bill Transue","id":"d09fe726-feb8-11eb-a595-0241d1fb84dd","_acl":{"fields":{"pwd_last_changed":{"write":"no","create":"no"},"last_login":{"write":"no","create":"no"}},"_hash":"6d408abe1708e7afd72eaecf780699c2"}},"description":"","deleted":false,"salutation":"","first_name":"John","last_name":"Smith2","full_name":"John
        Smith2","title":"","facebook":"","twitter":"","googleplus":"","department":"","do_not_call":false,"phone_home":"","phone_mobile":"202111112313","phone_work":"","phone_other":"","phone_fax":"","primary_address_street":"","primary_address_street_2":"","primary_address_street_3":"","primary_address_city":"","primary_address_state":"","primary_address_postalcode":"","primary_address_country":"","alt_address_street":"","alt_address_street_2":"","alt_address_street_3":"","alt_address_city":"","alt_address_state":"","alt_address_postalcode":"","alt_address_country":"","assistant":"","assistant_phone":"","picture":"","email_and_name1":"","lead_source":"","account_name":"John
        Jacob","accounts":{"name":"John Jacob","id":"e81dc2a8-17d4-11ec-bcbb-0241d1fb84dd","_acl":{"fields":[],"_hash":"654d337e0e912edaa00dbb0fb3dc3c17"}},"account_id":"e81dc2a8-17d4-11ec-bcbb-0241d1fb84dd","dnb_principal_id":"","opportunity_role_fields":"","opportunities":{"id":""},"opportunity_role_id":"","opportunity_role":"","reports_to_id":"","report_to_name":"","reports_to_link":{"name":"","id":"","_acl":{"fields":[],"_hash":"654d337e0e912edaa00dbb0fb3dc3c17"}},"birthdate":"1972-04-04","portal_name":"","portal_active":false,"portal_password":null,"portal_password1":null,"portal_app":"","portal_user_company_name":"","preferred_language":"","cookie_consent":false,"cookie_consent_received_on":"","business_center_name":"","business_centers":{"name":"","id":"","_acl":{"fields":[],"access":"no","view":"no","list":"no","edit":"no","delete":"no","import":"no","export":"no","massupdate":"no","_hash":"3fd204ac1b6d951752c529c51f978bc3"}},"business_center_id":"","dp_business_purpose":[],"dp_consent_last_updated":"2021-09-17","campaign_id":"","campaign_name":"","campaign_contacts":{"name":"","id":"","_acl":{"fields":[],"_hash":"654d337e0e912edaa00dbb0fb3dc3c17"}},"c_accept_status_fields":"","calls":{"id":""},"m_accept_status_fields":"","meetings":{"id":""},"accept_status_id":"","accept_status_name":"","accept_status_calls":"","accept_status_meetings":"","sync_contact":false,"mkto_sync":false,"mkto_id":null,"mkto_lead_score":null,"entry_source":"internal","site_user_id":"","following":true,"my_favorite":false,"tag":[],"locked_fields":[],"assigned_user_id":"","assigned_user_name":"","assigned_user_link":{"full_name":"","id":"","_acl":{"fields":[],"_hash":"654d337e0e912edaa00dbb0fb3dc3c17"}},"team_count":"","team_count_link":{"team_count":"","id":"1","_acl":{"fields":[],"_hash":"654d337e0e912edaa00dbb0fb3dc3c17"}},"team_name":[{"id":"1","name":"Global","name_2":"","primary":true,"selected":false}],"email":[{"email_address":"example7@example.com","primary_address":true,"reply_to_address":false,"invalid_email":false,"opt_out":false,"email_address_id":"05d7baca-1676-11ec-806a-0241d1fb84dd"}],"email1":"example7@example.com","email2":"","invalid_email":false,"email_opt_out":false,"email_addresses_non_primary":"","gender_c":"male","relationship_c":"Child","hbxid_c":"b7bfbc6b58f340169de7f0772e88230f","_acl":{"fields":{}},"_module":"Contacts"},{"id":"52bd57b0-17d3-11ec-9465-0241d1fb84dd","name":"John
        Smith2","date_entered":"2021-09-17T12:21:33-04:00","date_modified":"2021-09-17T12:21:34-04:00","modified_user_id":"d09fe726-feb8-11eb-a595-0241d1fb84dd","modified_by_name":"Bill
        Transue","modified_user_link":{"full_name":"Bill Transue","id":"d09fe726-feb8-11eb-a595-0241d1fb84dd","_acl":{"fields":{"pwd_last_changed":{"write":"no","create":"no"},"last_login":{"write":"no","create":"no"}},"_hash":"6d408abe1708e7afd72eaecf780699c2"}},"created_by":"d09fe726-feb8-11eb-a595-0241d1fb84dd","created_by_name":"Bill
        Transue","created_by_link":{"full_name":"Bill Transue","id":"d09fe726-feb8-11eb-a595-0241d1fb84dd","_acl":{"fields":{"pwd_last_changed":{"write":"no","create":"no"},"last_login":{"write":"no","create":"no"}},"_hash":"6d408abe1708e7afd72eaecf780699c2"}},"description":"","deleted":false,"salutation":"","first_name":"John","last_name":"Smith2","full_name":"John
        Smith2","title":"","facebook":"","twitter":"","googleplus":"","department":"","do_not_call":false,"phone_home":"","phone_mobile":"202111112313","phone_work":"","phone_other":"","phone_fax":"","primary_address_street":"","primary_address_street_2":"","primary_address_street_3":"","primary_address_city":"","primary_address_state":"","primary_address_postalcode":"","primary_address_country":"","alt_address_street":"","alt_address_street_2":"","alt_address_street_3":"","alt_address_city":"","alt_address_state":"","alt_address_postalcode":"","alt_address_country":"","assistant":"","assistant_phone":"","picture":"","email_and_name1":"","lead_source":"","account_name":"John
        Jacob","accounts":{"name":"John Jacob","id":"51a3440c-17d3-11ec-abe2-0241d1fb84dd","_acl":{"fields":[],"_hash":"654d337e0e912edaa00dbb0fb3dc3c17"}},"account_id":"51a3440c-17d3-11ec-abe2-0241d1fb84dd","dnb_principal_id":"","opportunity_role_fields":"","opportunities":{"id":""},"opportunity_role_id":"","opportunity_role":"","reports_to_id":"","report_to_name":"","reports_to_link":{"name":"","id":"","_acl":{"fields":[],"_hash":"654d337e0e912edaa00dbb0fb3dc3c17"}},"birthdate":"1972-04-04","portal_name":"","portal_active":false,"portal_password":null,"portal_password1":null,"portal_app":"","portal_user_company_name":"","preferred_language":"","cookie_consent":false,"cookie_consent_received_on":"","business_center_name":"","business_centers":{"name":"","id":"","_acl":{"fields":[],"access":"no","view":"no","list":"no","edit":"no","delete":"no","import":"no","export":"no","massupdate":"no","_hash":"3fd204ac1b6d951752c529c51f978bc3"}},"business_center_id":"","dp_business_purpose":[],"dp_consent_last_updated":"2021-09-17","campaign_id":"","campaign_name":"","campaign_contacts":{"name":"","id":"","_acl":{"fields":[],"_hash":"654d337e0e912edaa00dbb0fb3dc3c17"}},"c_accept_status_fields":"","calls":{"id":""},"m_accept_status_fields":"","meetings":{"id":""},"accept_status_id":"","accept_status_name":"","accept_status_calls":"","accept_status_meetings":"","sync_contact":false,"mkto_sync":false,"mkto_id":null,"mkto_lead_score":null,"entry_source":"internal","site_user_id":"","following":true,"my_favorite":false,"tag":[],"locked_fields":[],"assigned_user_id":"","assigned_user_name":"","assigned_user_link":{"full_name":"","id":"","_acl":{"fields":[],"_hash":"654d337e0e912edaa00dbb0fb3dc3c17"}},"team_count":"","team_count_link":{"team_count":"","id":"1","_acl":{"fields":[],"_hash":"654d337e0e912edaa00dbb0fb3dc3c17"}},"team_name":[{"id":"1","name":"Global","name_2":"","primary":true,"selected":false}],"email":[{"email_address":"example7@example.com","primary_address":true,"reply_to_address":false,"invalid_email":false,"opt_out":false,"email_address_id":"05d7baca-1676-11ec-806a-0241d1fb84dd"}],"email1":"example7@example.com","email2":"","invalid_email":false,"email_opt_out":false,"email_addresses_non_primary":"","gender_c":"male","relationship_c":"Child","hbxid_c":"b7bfbc6b58f340169de7f0772e88230f","_acl":{"fields":{}},"_module":"Contacts"},{"id":"1924962e-17d0-11ec-88ac-0241d1fb84dd","name":"John
        Smith2","date_entered":"2021-09-17T11:58:28-04:00","date_modified":"2021-09-17T12:03:35-04:00","modified_user_id":"d09fe726-feb8-11eb-a595-0241d1fb84dd","modified_by_name":"Bill
        Transue","modified_user_link":{"full_name":"Bill Transue","id":"d09fe726-feb8-11eb-a595-0241d1fb84dd","_acl":{"fields":{"pwd_last_changed":{"write":"no","create":"no"},"last_login":{"write":"no","create":"no"}},"_hash":"6d408abe1708e7afd72eaecf780699c2"}},"created_by":"d09fe726-feb8-11eb-a595-0241d1fb84dd","created_by_name":"Bill
        Transue","created_by_link":{"full_name":"Bill Transue","id":"d09fe726-feb8-11eb-a595-0241d1fb84dd","_acl":{"fields":{"pwd_last_changed":{"write":"no","create":"no"},"last_login":{"write":"no","create":"no"}},"_hash":"6d408abe1708e7afd72eaecf780699c2"}},"description":"","deleted":false,"salutation":"","first_name":"John","last_name":"Smith2","full_name":"John
        Smith2","title":"","facebook":"","twitter":"","googleplus":"","department":"","do_not_call":false,"phone_home":"","phone_mobile":"202111112313","phone_work":"","phone_other":"","phone_fax":"","primary_address_street":"","primary_address_street_2":"","primary_address_street_3":"","primary_address_city":"","primary_address_state":"","primary_address_postalcode":"","primary_address_country":"","alt_address_street":"","alt_address_street_2":"","alt_address_street_3":"","alt_address_city":"","alt_address_state":"","alt_address_postalcode":"","alt_address_country":"","assistant":"","assistant_phone":"","picture":"","email_and_name1":"","lead_source":"","account_name":"John
        Jacob","accounts":{"name":"John Jacob","id":"4340d24e-17c4-11ec-b34d-0241d1fb84dd","_acl":{"fields":[],"_hash":"654d337e0e912edaa00dbb0fb3dc3c17"}},"account_id":"4340d24e-17c4-11ec-b34d-0241d1fb84dd","dnb_principal_id":"","opportunity_role_fields":"","opportunities":{"id":""},"opportunity_role_id":"","opportunity_role":"","reports_to_id":"","report_to_name":"","reports_to_link":{"name":"","id":"","_acl":{"fields":[],"_hash":"654d337e0e912edaa00dbb0fb3dc3c17"}},"birthdate":"1972-04-04","portal_name":"","portal_active":false,"portal_password":null,"portal_password1":null,"portal_app":"","portal_user_company_name":"","preferred_language":"","cookie_consent":false,"cookie_consent_received_on":"","business_center_name":"","business_centers":{"name":"","id":"","_acl":{"fields":[],"access":"no","view":"no","list":"no","edit":"no","delete":"no","import":"no","export":"no","massupdate":"no","_hash":"3fd204ac1b6d951752c529c51f978bc3"}},"business_center_id":"","dp_business_purpose":[],"dp_consent_last_updated":"2021-09-17","campaign_id":"","campaign_name":"","campaign_contacts":{"name":"","id":"","_acl":{"fields":[],"_hash":"654d337e0e912edaa00dbb0fb3dc3c17"}},"c_accept_status_fields":"","calls":{"id":""},"m_accept_status_fields":"","meetings":{"id":""},"accept_status_id":"","accept_status_name":"","accept_status_calls":"","accept_status_meetings":"","sync_contact":false,"mkto_sync":false,"mkto_id":null,"mkto_lead_score":null,"entry_source":"internal","site_user_id":"","following":true,"my_favorite":false,"tag":[],"locked_fields":[],"assigned_user_id":"","assigned_user_name":"","assigned_user_link":{"full_name":"","id":"","_acl":{"fields":[],"_hash":"654d337e0e912edaa00dbb0fb3dc3c17"}},"team_count":"","team_count_link":{"team_count":"","id":"1","_acl":{"fields":[],"_hash":"654d337e0e912edaa00dbb0fb3dc3c17"}},"team_name":[{"id":"1","name":"Global","name_2":"","primary":true,"selected":false}],"email":[{"email_address":"example7@example.com","primary_address":true,"reply_to_address":false,"invalid_email":false,"opt_out":false,"email_address_id":"05d7baca-1676-11ec-806a-0241d1fb84dd"}],"email1":"example7@example.com","email2":"","invalid_email":false,"email_opt_out":false,"email_addresses_non_primary":"","gender_c":"male","relationship_c":"Child","hbxid_c":"b7bfbc6b58f340169de7f0772e88230f","_acl":{"fields":{}},"_module":"Contacts"},{"id":"eef7524e-17cd-11ec-94ce-0241d1fb84dd","name":"John
        Smith2","date_entered":"2021-09-17T11:42:58-04:00","date_modified":"2021-09-17T11:42:58-04:00","modified_user_id":"d09fe726-feb8-11eb-a595-0241d1fb84dd","modified_by_name":"Bill
        Transue","modified_user_link":{"full_name":"Bill Transue","id":"d09fe726-feb8-11eb-a595-0241d1fb84dd","_acl":{"fields":{"pwd_last_changed":{"write":"no","create":"no"},"last_login":{"write":"no","create":"no"}},"_hash":"6d408abe1708e7afd72eaecf780699c2"}},"created_by":"d09fe726-feb8-11eb-a595-0241d1fb84dd","created_by_name":"Bill
        Transue","created_by_link":{"full_name":"Bill Transue","id":"d09fe726-feb8-11eb-a595-0241d1fb84dd","_acl":{"fields":{"pwd_last_changed":{"write":"no","create":"no"},"last_login":{"write":"no","create":"no"}},"_hash":"6d408abe1708e7afd72eaecf780699c2"}},"description":"","deleted":false,"salutation":"","first_name":"John","last_name":"Smith2","full_name":"John
        Smith2","title":"","facebook":"","twitter":"","googleplus":"","department":"","do_not_call":false,"phone_home":"","phone_mobile":"202111112313","phone_work":"","phone_other":"","phone_fax":"","primary_address_street":"","primary_address_street_2":"","primary_address_street_3":"","primary_address_city":"","primary_address_state":"","primary_address_postalcode":"","primary_address_country":"","alt_address_street":"","alt_address_street_2":"","alt_address_street_3":"","alt_address_city":"","alt_address_state":"","alt_address_postalcode":"","alt_address_country":"","assistant":"","assistant_phone":"","picture":"","email_and_name1":"","lead_source":"","account_name":"","accounts":{"name":"","id":"","_acl":{"fields":[],"_hash":"654d337e0e912edaa00dbb0fb3dc3c17"}},"account_id":"","dnb_principal_id":"","opportunity_role_fields":"","opportunities":{"id":""},"opportunity_role_id":"","opportunity_role":"","reports_to_id":"","report_to_name":"","reports_to_link":{"name":"","id":"","_acl":{"fields":[],"_hash":"654d337e0e912edaa00dbb0fb3dc3c17"}},"birthdate":"1972-04-04","portal_name":"","portal_active":false,"portal_password":null,"portal_password1":null,"portal_app":"","portal_user_company_name":"","preferred_language":"","cookie_consent":false,"cookie_consent_received_on":"","business_center_name":"","business_centers":{"name":"","id":"","_acl":{"fields":[],"access":"no","view":"no","list":"no","edit":"no","delete":"no","import":"no","export":"no","massupdate":"no","_hash":"3fd204ac1b6d951752c529c51f978bc3"}},"business_center_id":"","dp_business_purpose":[],"dp_consent_last_updated":"2021-09-17","campaign_id":"","campaign_name":"","campaign_contacts":{"name":"","id":"","_acl":{"fields":[],"_hash":"654d337e0e912edaa00dbb0fb3dc3c17"}},"c_accept_status_fields":"","calls":{"id":""},"m_accept_status_fields":"","meetings":{"id":""},"accept_status_id":"","accept_status_name":"","accept_status_calls":"","accept_status_meetings":"","sync_contact":false,"mkto_sync":false,"mkto_id":null,"mkto_lead_score":null,"entry_source":"internal","site_user_id":"","following":true,"my_favorite":false,"tag":[],"locked_fields":[],"assigned_user_id":"","assigned_user_name":"","assigned_user_link":{"full_name":"","id":"","_acl":{"fields":[],"_hash":"654d337e0e912edaa00dbb0fb3dc3c17"}},"team_count":"","team_count_link":{"team_count":"","id":"1","_acl":{"fields":[],"_hash":"654d337e0e912edaa00dbb0fb3dc3c17"}},"team_name":[{"id":"1","name":"Global","name_2":"","primary":true,"selected":false}],"email":[{"email_address":"example7@example.com","primary_address":true,"reply_to_address":false,"invalid_email":false,"opt_out":false,"email_address_id":"05d7baca-1676-11ec-806a-0241d1fb84dd"}],"email1":"example7@example.com","email2":"","invalid_email":false,"email_opt_out":false,"email_addresses_non_primary":"","gender_c":"male","relationship_c":"Child","hbxid_c":"b7bfbc6b58f340169de7f0772e88230f","_acl":{"fields":{}},"_module":"Contacts"},{"id":"a1148116-17cb-11ec-a464-0241d1fb84dd","name":"John
        Smith2","date_entered":"2021-09-17T11:26:28-04:00","date_modified":"2021-09-17T11:26:28-04:00","modified_user_id":"d09fe726-feb8-11eb-a595-0241d1fb84dd","modified_by_name":"Bill
        Transue","modified_user_link":{"full_name":"Bill Transue","id":"d09fe726-feb8-11eb-a595-0241d1fb84dd","_acl":{"fields":{"pwd_last_changed":{"write":"no","create":"no"},"last_login":{"write":"no","create":"no"}},"_hash":"6d408abe1708e7afd72eaecf780699c2"}},"created_by":"d09fe726-feb8-11eb-a595-0241d1fb84dd","created_by_name":"Bill
        Transue","created_by_link":{"full_name":"Bill Transue","id":"d09fe726-feb8-11eb-a595-0241d1fb84dd","_acl":{"fields":{"pwd_last_changed":{"write":"no","create":"no"},"last_login":{"write":"no","create":"no"}},"_hash":"6d408abe1708e7afd72eaecf780699c2"}},"description":"","deleted":false,"salutation":"","first_name":"John","last_name":"Smith2","full_name":"John
        Smith2","title":"","facebook":"","twitter":"","googleplus":"","department":"","do_not_call":false,"phone_home":"","phone_mobile":"202111112313","phone_work":"","phone_other":"","phone_fax":"","primary_address_street":"","primary_address_street_2":"","primary_address_street_3":"","primary_address_city":"","primary_address_state":"","primary_address_postalcode":"","primary_address_country":"","alt_address_street":"","alt_address_street_2":"","alt_address_street_3":"","alt_address_city":"","alt_address_state":"","alt_address_postalcode":"","alt_address_country":"","assistant":"","assistant_phone":"","picture":"","email_and_name1":"","lead_source":"","account_name":"","accounts":{"name":"","id":"","_acl":{"fields":[],"_hash":"654d337e0e912edaa00dbb0fb3dc3c17"}},"account_id":"","dnb_principal_id":"","opportunity_role_fields":"","opportunities":{"id":""},"opportunity_role_id":"","opportunity_role":"","reports_to_id":"","report_to_name":"","reports_to_link":{"name":"","id":"","_acl":{"fields":[],"_hash":"654d337e0e912edaa00dbb0fb3dc3c17"}},"birthdate":"1972-04-04","portal_name":"","portal_active":false,"portal_password":null,"portal_password1":null,"portal_app":"","portal_user_company_name":"","preferred_language":"","cookie_consent":false,"cookie_consent_received_on":"","business_center_name":"","business_centers":{"name":"","id":"","_acl":{"fields":[],"access":"no","view":"no","list":"no","edit":"no","delete":"no","import":"no","export":"no","massupdate":"no","_hash":"3fd204ac1b6d951752c529c51f978bc3"}},"business_center_id":"","dp_business_purpose":[],"dp_consent_last_updated":"2021-09-17","campaign_id":"","campaign_name":"","campaign_contacts":{"name":"","id":"","_acl":{"fields":[],"_hash":"654d337e0e912edaa00dbb0fb3dc3c17"}},"c_accept_status_fields":"","calls":{"id":""},"m_accept_status_fields":"","meetings":{"id":""},"accept_status_id":"","accept_status_name":"","accept_status_calls":"","accept_status_meetings":"","sync_contact":false,"mkto_sync":false,"mkto_id":null,"mkto_lead_score":null,"entry_source":"internal","site_user_id":"","following":true,"my_favorite":false,"tag":[],"locked_fields":[],"assigned_user_id":"","assigned_user_name":"","assigned_user_link":{"full_name":"","id":"","_acl":{"fields":[],"_hash":"654d337e0e912edaa00dbb0fb3dc3c17"}},"team_count":"","team_count_link":{"team_count":"","id":"1","_acl":{"fields":[],"_hash":"654d337e0e912edaa00dbb0fb3dc3c17"}},"team_name":[{"id":"1","name":"Global","name_2":"","primary":true,"selected":false}],"email":[{"email_address":"example7@example.com","primary_address":true,"reply_to_address":false,"invalid_email":false,"opt_out":false,"email_address_id":"05d7baca-1676-11ec-806a-0241d1fb84dd"}],"email1":"example7@example.com","email2":"","invalid_email":false,"email_opt_out":false,"email_addresses_non_primary":"","gender_c":"male","relationship_c":"child","hbxid_c":"b7bfbc6b58f340169de7f0772e88230f","_acl":{"fields":{}},"_module":"Contacts"},{"id":"450e1e7e-17c4-11ec-8cbd-0241d1fb84dd","name":"John
        Smith2","date_entered":"2021-09-17T10:33:48-04:00","date_modified":"2021-09-17T10:33:48-04:00","modified_user_id":"d09fe726-feb8-11eb-a595-0241d1fb84dd","modified_by_name":"Bill
        Transue","modified_user_link":{"full_name":"Bill Transue","id":"d09fe726-feb8-11eb-a595-0241d1fb84dd","_acl":{"fields":{"pwd_last_changed":{"write":"no","create":"no"},"last_login":{"write":"no","create":"no"}},"_hash":"6d408abe1708e7afd72eaecf780699c2"}},"created_by":"d09fe726-feb8-11eb-a595-0241d1fb84dd","created_by_name":"Bill
        Transue","created_by_link":{"full_name":"Bill Transue","id":"d09fe726-feb8-11eb-a595-0241d1fb84dd","_acl":{"fields":{"pwd_last_changed":{"write":"no","create":"no"},"last_login":{"write":"no","create":"no"}},"_hash":"6d408abe1708e7afd72eaecf780699c2"}},"description":"","deleted":false,"salutation":"","first_name":"John","last_name":"Smith2","full_name":"John
        Smith2","title":"","facebook":"","twitter":"","googleplus":"","department":"","do_not_call":false,"phone_home":"","phone_mobile":"202111112313","phone_work":"","phone_other":"","phone_fax":"","primary_address_street":"","primary_address_street_2":"","primary_address_street_3":"","primary_address_city":"","primary_address_state":"","primary_address_postalcode":"","primary_address_country":"","alt_address_street":"","alt_address_street_2":"","alt_address_street_3":"","alt_address_city":"","alt_address_state":"","alt_address_postalcode":"","alt_address_country":"","assistant":"","assistant_phone":"","picture":"","email_and_name1":"","lead_source":"","account_name":"","accounts":{"name":"","id":"","_acl":{"fields":[],"_hash":"654d337e0e912edaa00dbb0fb3dc3c17"}},"account_id":"","dnb_principal_id":"","opportunity_role_fields":"","opportunities":{"id":""},"opportunity_role_id":"","opportunity_role":"","reports_to_id":"","report_to_name":"","reports_to_link":{"name":"","id":"","_acl":{"fields":[],"_hash":"654d337e0e912edaa00dbb0fb3dc3c17"}},"birthdate":"1972-04-04","portal_name":"","portal_active":false,"portal_password":null,"portal_password1":null,"portal_app":"","portal_user_company_name":"","preferred_language":"","cookie_consent":false,"cookie_consent_received_on":"","business_center_name":"","business_centers":{"name":"","id":"","_acl":{"fields":[],"access":"no","view":"no","list":"no","edit":"no","delete":"no","import":"no","export":"no","massupdate":"no","_hash":"3fd204ac1b6d951752c529c51f978bc3"}},"business_center_id":"","dp_business_purpose":[],"dp_consent_last_updated":"2021-09-17","campaign_id":"","campaign_name":"","campaign_contacts":{"name":"","id":"","_acl":{"fields":[],"_hash":"654d337e0e912edaa00dbb0fb3dc3c17"}},"c_accept_status_fields":"","calls":{"id":""},"m_accept_status_fields":"","meetings":{"id":""},"accept_status_id":"","accept_status_name":"","accept_status_calls":"","accept_status_meetings":"","sync_contact":false,"mkto_sync":false,"mkto_id":null,"mkto_lead_score":null,"entry_source":"internal","site_user_id":"","following":true,"my_favorite":false,"tag":[],"locked_fields":[],"assigned_user_id":"","assigned_user_name":"","assigned_user_link":{"full_name":"","id":"","_acl":{"fields":[],"_hash":"654d337e0e912edaa00dbb0fb3dc3c17"}},"team_count":"","team_count_link":{"team_count":"","id":"1","_acl":{"fields":[],"_hash":"654d337e0e912edaa00dbb0fb3dc3c17"}},"team_name":[{"id":"1","name":"Global","name_2":"","primary":true,"selected":false}],"email":[{"email_address":"example7@example.com","primary_address":true,"reply_to_address":false,"invalid_email":false,"opt_out":false,"email_address_id":"05d7baca-1676-11ec-806a-0241d1fb84dd"}],"email1":"example7@example.com","email2":"","invalid_email":false,"email_opt_out":false,"email_addresses_non_primary":"","gender_c":"male","relationship_c":"self","hbxid_c":"b7bfbc6b58f340169de7f0772e88230f","_acl":{"fields":{}},"_module":"Contacts"},{"id":"4465a5a0-17c4-11ec-83fe-0241d1fb84dd","name":"John
        Smith2","date_entered":"2021-09-17T10:33:46-04:00","date_modified":"2021-09-17T10:33:46-04:00","modified_user_id":"d09fe726-feb8-11eb-a595-0241d1fb84dd","modified_by_name":"Bill
        Transue","modified_user_link":{"full_name":"Bill Transue","id":"d09fe726-feb8-11eb-a595-0241d1fb84dd","_acl":{"fields":{"pwd_last_changed":{"write":"no","create":"no"},"last_login":{"write":"no","create":"no"}},"_hash":"6d408abe1708e7afd72eaecf780699c2"}},"created_by":"d09fe726-feb8-11eb-a595-0241d1fb84dd","created_by_name":"Bill
        Transue","created_by_link":{"full_name":"Bill Transue","id":"d09fe726-feb8-11eb-a595-0241d1fb84dd","_acl":{"fields":{"pwd_last_changed":{"write":"no","create":"no"},"last_login":{"write":"no","create":"no"}},"_hash":"6d408abe1708e7afd72eaecf780699c2"}},"description":"","deleted":false,"salutation":"","first_name":"John","last_name":"Smith2","full_name":"John
        Smith2","title":"","facebook":"","twitter":"","googleplus":"","department":"","do_not_call":false,"phone_home":"","phone_mobile":"202111112313","phone_work":"","phone_other":"","phone_fax":"","primary_address_street":"","primary_address_street_2":"","primary_address_street_3":"","primary_address_city":"","primary_address_state":"","primary_address_postalcode":"","primary_address_country":"","alt_address_street":"","alt_address_street_2":"","alt_address_street_3":"","alt_address_city":"","alt_address_state":"","alt_address_postalcode":"","alt_address_country":"","assistant":"","assistant_phone":"","picture":"","email_and_name1":"","lead_source":"","account_name":"","accounts":{"name":"","id":"","_acl":{"fields":[],"_hash":"654d337e0e912edaa00dbb0fb3dc3c17"}},"account_id":"","dnb_principal_id":"","opportunity_role_fields":"","opportunities":{"id":""},"opportunity_role_id":"","opportunity_role":"","reports_to_id":"","report_to_name":"","reports_to_link":{"name":"","id":"","_acl":{"fields":[],"_hash":"654d337e0e912edaa00dbb0fb3dc3c17"}},"birthdate":"1972-04-04","portal_name":"","portal_active":false,"portal_password":null,"portal_password1":null,"portal_app":"","portal_user_company_name":"","preferred_language":"","cookie_consent":false,"cookie_consent_received_on":"","business_center_name":"","business_centers":{"name":"","id":"","_acl":{"fields":[],"access":"no","view":"no","list":"no","edit":"no","delete":"no","import":"no","export":"no","massupdate":"no","_hash":"3fd204ac1b6d951752c529c51f978bc3"}},"business_center_id":"","dp_business_purpose":[],"dp_consent_last_updated":"2021-09-17","campaign_id":"","campaign_name":"","campaign_contacts":{"name":"","id":"","_acl":{"fields":[],"_hash":"654d337e0e912edaa00dbb0fb3dc3c17"}},"c_accept_status_fields":"","calls":{"id":""},"m_accept_status_fields":"","meetings":{"id":""},"accept_status_id":"","accept_status_name":"","accept_status_calls":"","accept_status_meetings":"","sync_contact":false,"mkto_sync":false,"mkto_id":null,"mkto_lead_score":null,"entry_source":"internal","site_user_id":"","following":true,"my_favorite":false,"tag":[],"locked_fields":[],"assigned_user_id":"","assigned_user_name":"","assigned_user_link":{"full_name":"","id":"","_acl":{"fields":[],"_hash":"654d337e0e912edaa00dbb0fb3dc3c17"}},"team_count":"","team_count_link":{"team_count":"","id":"1","_acl":{"fields":[],"_hash":"654d337e0e912edaa00dbb0fb3dc3c17"}},"team_name":[{"id":"1","name":"Global","name_2":"","primary":true,"selected":false}],"email":[{"email_address":"example7@example.com","primary_address":true,"reply_to_address":false,"invalid_email":false,"opt_out":false,"email_address_id":"05d7baca-1676-11ec-806a-0241d1fb84dd"}],"email1":"example7@example.com","email2":"","invalid_email":false,"email_opt_out":false,"email_addresses_non_primary":"","gender_c":"male","relationship_c":"self","hbxid_c":"b7bfbc6b58f340169de7f0772e88230f","_acl":{"fields":{}},"_module":"Contacts"},{"id":"69425e60-17c2-11ec-9ebe-0241d1fb84dd","name":"John
        Smith2","date_entered":"2021-09-17T10:20:29-04:00","date_modified":"2021-09-17T10:20:29-04:00","modified_user_id":"d09fe726-feb8-11eb-a595-0241d1fb84dd","modified_by_name":"Bill
        Transue","modified_user_link":{"full_name":"Bill Transue","id":"d09fe726-feb8-11eb-a595-0241d1fb84dd","_acl":{"fields":{"pwd_last_changed":{"write":"no","create":"no"},"last_login":{"write":"no","create":"no"}},"_hash":"6d408abe1708e7afd72eaecf780699c2"}},"created_by":"d09fe726-feb8-11eb-a595-0241d1fb84dd","created_by_name":"Bill
        Transue","created_by_link":{"full_name":"Bill Transue","id":"d09fe726-feb8-11eb-a595-0241d1fb84dd","_acl":{"fields":{"pwd_last_changed":{"write":"no","create":"no"},"last_login":{"write":"no","create":"no"}},"_hash":"6d408abe1708e7afd72eaecf780699c2"}},"description":"","deleted":false,"salutation":"","first_name":"John","last_name":"Smith2","full_name":"John
        Smith2","title":"","facebook":"","twitter":"","googleplus":"","department":"","do_not_call":false,"phone_home":"","phone_mobile":"202111112313","phone_work":"","phone_other":"","phone_fax":"","primary_address_street":"","primary_address_street_2":"","primary_address_street_3":"","primary_address_city":"","primary_address_state":"","primary_address_postalcode":"","primary_address_country":"","alt_address_street":"","alt_address_street_2":"","alt_address_street_3":"","alt_address_city":"","alt_address_state":"","alt_address_postalcode":"","alt_address_country":"","assistant":"","assistant_phone":"","picture":"","email_and_name1":"","lead_source":"","account_name":"","accounts":{"name":"","id":"","_acl":{"fields":[],"_hash":"654d337e0e912edaa00dbb0fb3dc3c17"}},"account_id":"","dnb_principal_id":"","opportunity_role_fields":"","opportunities":{"id":""},"opportunity_role_id":"","opportunity_role":"","reports_to_id":"","report_to_name":"","reports_to_link":{"name":"","id":"","_acl":{"fields":[],"_hash":"654d337e0e912edaa00dbb0fb3dc3c17"}},"birthdate":"1972-04-04","portal_name":"","portal_active":false,"portal_password":null,"portal_password1":null,"portal_app":"","portal_user_company_name":"","preferred_language":"","cookie_consent":false,"cookie_consent_received_on":"","business_center_name":"","business_centers":{"name":"","id":"","_acl":{"fields":[],"access":"no","view":"no","list":"no","edit":"no","delete":"no","import":"no","export":"no","massupdate":"no","_hash":"3fd204ac1b6d951752c529c51f978bc3"}},"business_center_id":"","dp_business_purpose":[],"dp_consent_last_updated":"2021-09-17","campaign_id":"","campaign_name":"","campaign_contacts":{"name":"","id":"","_acl":{"fields":[],"_hash":"654d337e0e912edaa00dbb0fb3dc3c17"}},"c_accept_status_fields":"","calls":{"id":""},"m_accept_status_fields":"","meetings":{"id":""},"accept_status_id":"","accept_status_name":"","accept_status_calls":"","accept_status_meetings":"","sync_contact":false,"mkto_sync":false,"mkto_id":null,"mkto_lead_score":null,"entry_source":"internal","site_user_id":"","following":true,"my_favorite":false,"tag":[],"locked_fields":[],"assigned_user_id":"","assigned_user_name":"","assigned_user_link":{"full_name":"","id":"","_acl":{"fields":[],"_hash":"654d337e0e912edaa00dbb0fb3dc3c17"}},"team_count":"","team_count_link":{"team_count":"","id":"1","_acl":{"fields":[],"_hash":"654d337e0e912edaa00dbb0fb3dc3c17"}},"team_name":[{"id":"1","name":"Global","name_2":"","primary":true,"selected":false}],"email":[{"email_address":"example7@example.com","primary_address":true,"reply_to_address":false,"invalid_email":false,"opt_out":false,"email_address_id":"05d7baca-1676-11ec-806a-0241d1fb84dd"}],"email1":"example7@example.com","email2":"","invalid_email":false,"email_opt_out":false,"email_addresses_non_primary":"","gender_c":"male","relationship_c":"child","hbxid_c":"b7bfbc6b58f340169de7f0772e88230f","_acl":{"fields":{}},"_module":"Contacts"},{"id":"68816674-17c2-11ec-a0b9-0241d1fb84dd","name":"John
        Smith2","date_entered":"2021-09-17T10:20:28-04:00","date_modified":"2021-09-17T10:20:28-04:00","modified_user_id":"d09fe726-feb8-11eb-a595-0241d1fb84dd","modified_by_name":"Bill
        Transue","modified_user_link":{"full_name":"Bill Transue","id":"d09fe726-feb8-11eb-a595-0241d1fb84dd","_acl":{"fields":{"pwd_last_changed":{"write":"no","create":"no"},"last_login":{"write":"no","create":"no"}},"_hash":"6d408abe1708e7afd72eaecf780699c2"}},"created_by":"d09fe726-feb8-11eb-a595-0241d1fb84dd","created_by_name":"Bill
        Transue","created_by_link":{"full_name":"Bill Transue","id":"d09fe726-feb8-11eb-a595-0241d1fb84dd","_acl":{"fields":{"pwd_last_changed":{"write":"no","create":"no"},"last_login":{"write":"no","create":"no"}},"_hash":"6d408abe1708e7afd72eaecf780699c2"}},"description":"","deleted":false,"salutation":"","first_name":"John","last_name":"Smith2","full_name":"John
        Smith2","title":"","facebook":"","twitter":"","googleplus":"","department":"","do_not_call":false,"phone_home":"","phone_mobile":"202111112313","phone_work":"","phone_other":"","phone_fax":"","primary_address_street":"","primary_address_street_2":"","primary_address_street_3":"","primary_address_city":"","primary_address_state":"","primary_address_postalcode":"","primary_address_country":"","alt_address_street":"","alt_address_street_2":"","alt_address_street_3":"","alt_address_city":"","alt_address_state":"","alt_address_postalcode":"","alt_address_country":"","assistant":"","assistant_phone":"","picture":"","email_and_name1":"","lead_source":"","account_name":"","accounts":{"name":"","id":"","_acl":{"fields":[],"_hash":"654d337e0e912edaa00dbb0fb3dc3c17"}},"account_id":"","dnb_principal_id":"","opportunity_role_fields":"","opportunities":{"id":""},"opportunity_role_id":"","opportunity_role":"","reports_to_id":"","report_to_name":"","reports_to_link":{"name":"","id":"","_acl":{"fields":[],"_hash":"654d337e0e912edaa00dbb0fb3dc3c17"}},"birthdate":"1972-04-04","portal_name":"","portal_active":false,"portal_password":null,"portal_password1":null,"portal_app":"","portal_user_company_name":"","preferred_language":"","cookie_consent":false,"cookie_consent_received_on":"","business_center_name":"","business_centers":{"name":"","id":"","_acl":{"fields":[],"access":"no","view":"no","list":"no","edit":"no","delete":"no","import":"no","export":"no","massupdate":"no","_hash":"3fd204ac1b6d951752c529c51f978bc3"}},"business_center_id":"","dp_business_purpose":[],"dp_consent_last_updated":"2021-09-17","campaign_id":"","campaign_name":"","campaign_contacts":{"name":"","id":"","_acl":{"fields":[],"_hash":"654d337e0e912edaa00dbb0fb3dc3c17"}},"c_accept_status_fields":"","calls":{"id":""},"m_accept_status_fields":"","meetings":{"id":""},"accept_status_id":"","accept_status_name":"","accept_status_calls":"","accept_status_meetings":"","sync_contact":false,"mkto_sync":false,"mkto_id":null,"mkto_lead_score":null,"entry_source":"internal","site_user_id":"","following":true,"my_favorite":false,"tag":[],"locked_fields":[],"assigned_user_id":"","assigned_user_name":"","assigned_user_link":{"full_name":"","id":"","_acl":{"fields":[],"_hash":"654d337e0e912edaa00dbb0fb3dc3c17"}},"team_count":"","team_count_link":{"team_count":"","id":"1","_acl":{"fields":[],"_hash":"654d337e0e912edaa00dbb0fb3dc3c17"}},"team_name":[{"id":"1","name":"Global","name_2":"","primary":true,"selected":false}],"email":[{"email_address":"example7@example.com","primary_address":true,"reply_to_address":false,"invalid_email":false,"opt_out":false,"email_address_id":"05d7baca-1676-11ec-806a-0241d1fb84dd"}],"email1":"example7@example.com","email2":"","invalid_email":false,"email_opt_out":false,"email_addresses_non_primary":"","gender_c":"male","relationship_c":"child","hbxid_c":"b7bfbc6b58f340169de7f0772e88230f","_acl":{"fields":{}},"_module":"Contacts"},{"id":"6755b4c0-17be-11ec-937b-0241d1fb84dd","name":"John
        Smith2","date_entered":"2021-09-17T09:51:48-04:00","date_modified":"2021-09-17T09:51:48-04:00","modified_user_id":"d09fe726-feb8-11eb-a595-0241d1fb84dd","modified_by_name":"Bill
        Transue","modified_user_link":{"full_name":"Bill Transue","id":"d09fe726-feb8-11eb-a595-0241d1fb84dd","_acl":{"fields":{"pwd_last_changed":{"write":"no","create":"no"},"last_login":{"write":"no","create":"no"}},"_hash":"6d408abe1708e7afd72eaecf780699c2"}},"created_by":"d09fe726-feb8-11eb-a595-0241d1fb84dd","created_by_name":"Bill
        Transue","created_by_link":{"full_name":"Bill Transue","id":"d09fe726-feb8-11eb-a595-0241d1fb84dd","_acl":{"fields":{"pwd_last_changed":{"write":"no","create":"no"},"last_login":{"write":"no","create":"no"}},"_hash":"6d408abe1708e7afd72eaecf780699c2"}},"description":"","deleted":false,"salutation":"","first_name":"John","last_name":"Smith2","full_name":"John
        Smith2","title":"","facebook":"","twitter":"","googleplus":"","department":"","do_not_call":false,"phone_home":"","phone_mobile":"202111112313","phone_work":"","phone_other":"","phone_fax":"","primary_address_street":"","primary_address_street_2":"","primary_address_street_3":"","primary_address_city":"","primary_address_state":"","primary_address_postalcode":"","primary_address_country":"","alt_address_street":"","alt_address_street_2":"","alt_address_street_3":"","alt_address_city":"","alt_address_state":"","alt_address_postalcode":"","alt_address_country":"","assistant":"","assistant_phone":"","picture":"","email_and_name1":"","lead_source":"","account_name":"","accounts":{"name":"","id":"","_acl":{"fields":[],"_hash":"654d337e0e912edaa00dbb0fb3dc3c17"}},"account_id":"","dnb_principal_id":"","opportunity_role_fields":"","opportunities":{"id":""},"opportunity_role_id":"","opportunity_role":"","reports_to_id":"","report_to_name":"","reports_to_link":{"name":"","id":"","_acl":{"fields":[],"_hash":"654d337e0e912edaa00dbb0fb3dc3c17"}},"birthdate":"1972-04-04","portal_name":"","portal_active":false,"portal_password":null,"portal_password1":null,"portal_app":"","portal_user_company_name":"","preferred_language":"","cookie_consent":false,"cookie_consent_received_on":"","business_center_name":"","business_centers":{"name":"","id":"","_acl":{"fields":[],"access":"no","view":"no","list":"no","edit":"no","delete":"no","import":"no","export":"no","massupdate":"no","_hash":"3fd204ac1b6d951752c529c51f978bc3"}},"business_center_id":"","dp_business_purpose":[],"dp_consent_last_updated":"2021-09-17","campaign_id":"","campaign_name":"","campaign_contacts":{"name":"","id":"","_acl":{"fields":[],"_hash":"654d337e0e912edaa00dbb0fb3dc3c17"}},"c_accept_status_fields":"","calls":{"id":""},"m_accept_status_fields":"","meetings":{"id":""},"accept_status_id":"","accept_status_name":"","accept_status_calls":"","accept_status_meetings":"","sync_contact":false,"mkto_sync":false,"mkto_id":null,"mkto_lead_score":null,"entry_source":"internal","site_user_id":"","following":true,"my_favorite":false,"tag":[],"locked_fields":[],"assigned_user_id":"","assigned_user_name":"","assigned_user_link":{"full_name":"","id":"","_acl":{"fields":[],"_hash":"654d337e0e912edaa00dbb0fb3dc3c17"}},"team_count":"","team_count_link":{"team_count":"","id":"1","_acl":{"fields":[],"_hash":"654d337e0e912edaa00dbb0fb3dc3c17"}},"team_name":[{"id":"1","name":"Global","name_2":"","primary":true,"selected":false}],"email":[{"email_address":"example7@example.com","primary_address":true,"reply_to_address":false,"invalid_email":false,"opt_out":false,"email_address_id":"05d7baca-1676-11ec-806a-0241d1fb84dd"}],"email1":"example7@example.com","email2":"","invalid_email":false,"email_opt_out":false,"email_addresses_non_primary":"","gender_c":"male","relationship_c":"self","hbxid_c":"b7bfbc6b58f340169de7f0772e88230f","_acl":{"fields":{}},"_module":"Contacts"}]}'
  recorded_at: Mon, 04 Oct 2021 17:23:59 GMT
- request:
    method: post
    uri: https://sandbox-crm.cme.openhbx.org/rest/v11_8/oauth2/token
    body:
      encoding: UTF-8
      string: client_id=sugar&client_secret=&grant_type=password&params%5Bgrant_type%5D=password&params%5Bpassword%5D=SUGAR_CRM_ENCODED_PASSWORD>&params%5Bplatform%5D=mobile&params%5Busername%5D=<SUGAR_CRM_USERNAME>&password=SUGAR_CRM_ENCODED_PASSWORD>&username=<SUGAR_CRM_USERNAME>
    headers:
      User-Agent:
      - Faraday v1.4.3
      Content-Type:
      - application/x-www-form-urlencoded
  response:
    status:
      code: 200
      message: OK
    headers:
      server:
      - nginx/1.16.1
      date:
      - Mon, 04 Oct 2021 17:24:00 GMT
      content-type:
      - application/json
      content-length:
      - '248'
      connection:
      - keep-alive
      set-cookie:
      - PHPSESSID=o3kjioh1scp3o2mthe5tk3opnp; path=/, PHPSESSID=926e2885-0534-4d97-a8cc-7faa0355634c;
        path=/, download_token_base=16ca6020-c1ad-476d-aad9-364a7689efb6; expires=Mon,
        18-Oct-2021 17:24:00 GMT; Max-Age=1209600; path=/; HttpOnly
      expires:
      - Thu, 19 Nov 1981 08:52:00 GMT
      cache-control:
      - no-store, no-cache, must-revalidate
      pragma:
      - no-cache
    body:
      encoding: UTF-8
      string: '{"access_token":"926e2885-0534-4d97-a8cc-7faa0355634c","expires_in":3600,"token_type":"bearer","scope":null,"refresh_token":"82387f74-241a-4569-964c-26be601d45bb","refresh_expires_in":1209600,"download_token":"16ca6020-c1ad-476d-aad9-364a7689efb6"}'
  recorded_at: Mon, 04 Oct 2021 17:24:00 GMT
- request:
    method: put
    uri: https://sandbox-crm.cme.openhbx.org/rest/v11_8/Contacts/9ddb2ed2-18de-11ec-936c-0241d1fb84dd
    body:
      encoding: UTF-8
      string: '{"hbxid_c":"b7bfbc6b58f340169de7f0772e88230f","first_name":"John","last_name":"Smith2","phone_mobile":"(202)
        111-1123","email1":"example7@example.com","birthdate":"1972-04-04","relationship_c":"Child","account_id":"776d2280-1bb0-11ec-ab3a-0241d1fb84dd"}'
    headers:
      User-Agent:
      - Faraday v1.4.3
      Content-Type:
      - application/json
      Authorization:
      - Bearer 926e2885-0534-4d97-a8cc-7faa0355634c
  response:
    status:
      code: 200
      message: OK
    headers:
      server:
      - nginx/1.16.1
      date:
      - Mon, 04 Oct 2021 17:24:01 GMT
      content-type:
      - application/json
      content-length:
      - '3963'
      connection:
      - keep-alive
      expires:
      - Thu, 19 Nov 1981 08:52:00 GMT
      cache-control:
      - no-store, no-cache, must-revalidate
      pragma:
      - no-cache
    body:
      encoding: UTF-8
      string: '{"id":"9ddb2ed2-18de-11ec-936c-0241d1fb84dd","name":"John Smith2","date_entered":"2021-09-18T20:14:55-04:00","date_modified":"2021-10-04T13:24:00-04:00","modified_user_id":"d09fe726-feb8-11eb-a595-0241d1fb84dd","modified_by_name":"Bill
        Transue","modified_user_link":{"full_name":"Bill Transue","id":"d09fe726-feb8-11eb-a595-0241d1fb84dd","_acl":{"fields":{"pwd_last_changed":{"write":"no","create":"no"},"last_login":{"write":"no","create":"no"}},"_hash":"6d408abe1708e7afd72eaecf780699c2"}},"created_by":"d09fe726-feb8-11eb-a595-0241d1fb84dd","created_by_name":"Bill
        Transue","created_by_link":{"full_name":"Bill Transue","id":"d09fe726-feb8-11eb-a595-0241d1fb84dd","_acl":{"fields":{"pwd_last_changed":{"write":"no","create":"no"},"last_login":{"write":"no","create":"no"}},"_hash":"6d408abe1708e7afd72eaecf780699c2"}},"description":"","deleted":false,"salutation":"","first_name":"John","last_name":"Smith2","full_name":"John
        Smith2","title":"","facebook":"","twitter":"","googleplus":"","department":"","do_not_call":false,"phone_home":"","phone_mobile":"(202)
        111-1123","phone_work":"","phone_other":"","phone_fax":"","primary_address_street":"","primary_address_street_2":"","primary_address_street_3":"","primary_address_city":"","primary_address_state":"","primary_address_postalcode":"","primary_address_country":"","alt_address_street":"","alt_address_street_2":"","alt_address_street_3":"","alt_address_city":"","alt_address_state":"","alt_address_postalcode":"","alt_address_country":"","assistant":"","assistant_phone":"","picture":"","email_and_name1":"","lead_source":"","account_name":"Doe
        John","accounts":{"name":"Doe John","id":"776d2280-1bb0-11ec-ab3a-0241d1fb84dd","_acl":{"fields":[],"_hash":"654d337e0e912edaa00dbb0fb3dc3c17"}},"account_id":"776d2280-1bb0-11ec-ab3a-0241d1fb84dd","dnb_principal_id":"","opportunity_role_fields":"","opportunities":{"id":""},"opportunity_role_id":"","opportunity_role":"","reports_to_id":"","report_to_name":"","reports_to_link":{"name":"","id":"","_acl":{"fields":[],"_hash":"654d337e0e912edaa00dbb0fb3dc3c17"}},"birthdate":"1972-04-04","portal_name":"","portal_active":false,"portal_password":null,"portal_password1":null,"portal_app":"","portal_user_company_name":"","preferred_language":"","cookie_consent":false,"cookie_consent_received_on":"","business_center_name":"","business_centers":{"name":"","id":"","_acl":{"fields":[],"access":"no","view":"no","list":"no","edit":"no","delete":"no","import":"no","export":"no","massupdate":"no","_hash":"3fd204ac1b6d951752c529c51f978bc3"}},"business_center_id":"","dp_business_purpose":[],"dp_consent_last_updated":"2021-09-18","campaign_id":"","campaign_name":"","campaign_contacts":{"name":"","id":"","_acl":{"fields":[],"_hash":"654d337e0e912edaa00dbb0fb3dc3c17"}},"c_accept_status_fields":"","calls":{"id":""},"m_accept_status_fields":"","meetings":{"id":""},"accept_status_id":"","accept_status_name":"","accept_status_calls":"","accept_status_meetings":"","sync_contact":false,"mkto_sync":false,"mkto_id":null,"mkto_lead_score":null,"entry_source":"internal","site_user_id":"","following":true,"my_favorite":false,"tag":[],"locked_fields":[],"assigned_user_id":"","assigned_user_name":"","assigned_user_link":{"full_name":"","id":"","_acl":{"fields":[],"_hash":"654d337e0e912edaa00dbb0fb3dc3c17"}},"team_count":"","team_count_link":{"team_count":"","id":"1","_acl":{"fields":[],"_hash":"654d337e0e912edaa00dbb0fb3dc3c17"}},"team_name":[{"id":"1","name":"Global","name_2":"","primary":true,"selected":false}],"email":[{"email_address":"example7@example.com","invalid_email":false,"opt_out":false,"email_address_id":"05d7baca-1676-11ec-806a-0241d1fb84dd","primary_address":true,"reply_to_address":false}],"email1":"example7@example.com","email2":"","invalid_email":false,"email_opt_out":false,"email_addresses_non_primary":"","gender_c":"male","relationship_c":"Child","hbxid_c":"b7bfbc6b58f340169de7f0772e88230f","_acl":{"fields":{}},"_module":"Contacts"}'
  recorded_at: Mon, 04 Oct 2021 17:24:01 GMT
recorded_with: VCR 6.0.0
