---
http_interactions:
- request:
    method: post
    uri: https://sandbox-crm.cme.openhbx.org/rest/v11_8/oauth2/token
    body:
      encoding: UTF-8
      string: client_id=sugar&client_secret=&grant_type=password&params%5Bgrant_type%5D=password&params%5Bpassword%5D=SUGAR_CRM_ENCODED_PASSWORD>&params%5Bplatform%5D=mobile&params%5Busername%5D=<SUGAR_CRM_USERNAME>&password=SUGAR_CRM_ENCODED_PASSWORD>&username=<SUGAR_CRM_USERNAME>
    headers:
      User-Agent:
      - Faraday v1.4.3
      Content-Type:
      - application/x-www-form-urlencoded
  response:
    status:
      code: 200
      message: OK
    headers:
      server:
      - nginx/1.16.1
      date:
      - Mon, 04 Oct 2021 20:23:34 GMT
      content-type:
      - application/json
      content-length:
      - '248'
      connection:
      - keep-alive
      set-cookie:
      - PHPSESSID=j8qcq0r65i5cpolkmqscg856ho; path=/, PHPSESSID=a60a5c5d-2437-4a94-874f-0b46c611d49d;
        path=/, download_token_base=0d0917ca-1fa6-4e50-b933-c5648e11ef4f; expires=Mon,
        18-Oct-2021 20:23:34 GMT; Max-Age=1209600; path=/; HttpOnly
      expires:
      - Thu, 19 Nov 1981 08:52:00 GMT
      cache-control:
      - no-store, no-cache, must-revalidate
      pragma:
      - no-cache
    body:
      encoding: UTF-8
      string: '{"access_token":"a60a5c5d-2437-4a94-874f-0b46c611d49d","expires_in":3600,"token_type":"bearer","scope":null,"refresh_token":"7a90d551-4cc4-4631-ab00-56958a38e5d5","refresh_expires_in":1209600,"download_token":"0d0917ca-1fa6-4e50-b933-c5648e11ef4f"}'
  recorded_at: Mon, 04 Oct 2021 20:23:34 GMT
- request:
    method: post
    uri: https://sandbox-crm.cme.openhbx.org/rest/v11_8/Accounts
    body:
      encoding: UTF-8
      string: '{"hbxid_c":"aa918614ae014d42bb8547a1ae5734e1","name":"John Jacob","email1":"example1@example.com","dob_c":"1981-09-14","billing_address_street":"1111
        Awesome Street NE","billing_address_street_2":"#111","billing_address_street_3":"","billing_address_street_4":null,"billing_address_city":"Washington","billing_address_postalcode":"01001","billing_address_state":"DC","phone_office":"2021030404"}'
    headers:
      User-Agent:
      - Faraday v1.4.3
      Content-Type:
      - application/json
      Authorization:
      - Bearer a60a5c5d-2437-4a94-874f-0b46c611d49d
  response:
    status:
      code: 200
      message: OK
    headers:
      server:
      - nginx/1.16.1
      date:
      - Mon, 04 Oct 2021 20:23:35 GMT
      content-type:
      - application/json
      content-length:
      - '2969'
      connection:
      - keep-alive
      expires:
      - Thu, 19 Nov 1981 08:52:00 GMT
      cache-control:
      - no-store, no-cache, must-revalidate
      pragma:
      - no-cache
    body:
      encoding: UTF-8
      string: '{"id":"f3515ef8-2550-11ec-afd2-0241d1fb84dd","name":"John Jacob","date_entered":"2021-10-04T16:23:35-04:00","date_modified":"2021-10-04T16:23:35-04:00","modified_user_id":"d09fe726-feb8-11eb-a595-0241d1fb84dd","modified_by_name":"Bill
        Transue","modified_user_link":{"full_name":"Bill Transue","id":"d09fe726-feb8-11eb-a595-0241d1fb84dd","_acl":{"fields":{"pwd_last_changed":{"write":"no","create":"no"},"last_login":{"write":"no","create":"no"}},"_hash":"6d408abe1708e7afd72eaecf780699c2"}},"created_by":"d09fe726-feb8-11eb-a595-0241d1fb84dd","created_by_name":"Bill
        Transue","created_by_link":{"full_name":"Bill Transue","id":"d09fe726-feb8-11eb-a595-0241d1fb84dd","_acl":{"fields":{"pwd_last_changed":{"write":"no","create":"no"},"last_login":{"write":"no","create":"no"}},"_hash":"6d408abe1708e7afd72eaecf780699c2"}},"description":"","deleted":false,"facebook":"","twitter":"","googleplus":"","account_type":"","industry":"","annual_revenue":"","phone_fax":"","billing_address_street":"1111
        Awesome Street NE\n#111","billing_address_street_2":"","billing_address_street_3":"","billing_address_street_4":"","billing_address_city":"Washington","billing_address_state":"DC","billing_address_postalcode":"01001","billing_address_country":"","rating":"","phone_office":"2021030404","phone_alternate":"","website":"","ownership":"","employees":"","ticker_symbol":"","shipping_address_street":"","shipping_address_street_2":"","shipping_address_street_3":"","shipping_address_street_4":"","shipping_address_city":"","shipping_address_state":"","shipping_address_postalcode":"","shipping_address_country":"","service_level":"","parent_id":"","sic_code":"","duns_num":"","parent_name":"","member_of":{"name":"","id":"","_acl":{"fields":[],"_hash":"654d337e0e912edaa00dbb0fb3dc3c17"}},"campaign_id":"","campaign_name":"","campaign_accounts":{"name":"","id":"","_acl":{"fields":[],"_hash":"654d337e0e912edaa00dbb0fb3dc3c17"}},"next_renewal_date":"","following":true,"my_favorite":false,"tag":[],"locked_fields":[],"assigned_user_id":"","assigned_user_name":"","assigned_user_link":{"full_name":"","id":"","_acl":{"fields":[],"_hash":"654d337e0e912edaa00dbb0fb3dc3c17"}},"team_count":"","team_count_link":{"team_count":"","id":"1","_acl":{"fields":[],"_hash":"654d337e0e912edaa00dbb0fb3dc3c17"}},"team_name":[{"id":"1","name":"Global","name_2":"","primary":true,"selected":false}],"email":[{"email_address":"example1@example.com","invalid_email":false,"opt_out":false,"email_address_id":"3f48f0fa-163d-11ec-ae61-0241d1fb84dd","primary_address":true,"reply_to_address":false}],"email1":"example1@example.com","email2":"","invalid_email":false,"email_opt_out":false,"email_addresses_non_primary":"","raw_ssn_c":"","last_ea_action_at_c":"","dob_c":"1981-09-14","broker_c":"","next_best_action_c":"","hbxid_c":"aa918614ae014d42bb8547a1ae5734e1","last_ea_action_c":"","enroll_account_link_c":"","ssn_c":"XXX-XX-","opt_out_of_emails_c":false,"_acl":{"fields":{}},"_module":"Accounts"}'
  recorded_at: Mon, 04 Oct 2021 20:23:35 GMT
- request:
    method: post
    uri: https://sandbox-crm.cme.openhbx.org/rest/v11_8/oauth2/token
    body:
      encoding: UTF-8
      string: client_id=sugar&client_secret=&grant_type=password&params%5Bgrant_type%5D=password&params%5Bpassword%5D=SUGAR_CRM_ENCODED_PASSWORD>&params%5Bplatform%5D=mobile&params%5Busername%5D=<SUGAR_CRM_USERNAME>&password=SUGAR_CRM_ENCODED_PASSWORD>&username=<SUGAR_CRM_USERNAME>
    headers:
      User-Agent:
      - Faraday v1.4.3
      Content-Type:
      - application/x-www-form-urlencoded
  response:
    status:
      code: 200
      message: OK
    headers:
      server:
      - nginx/1.16.1
      date:
      - Mon, 04 Oct 2021 20:23:36 GMT
      content-type:
      - application/json
      content-length:
      - '248'
      connection:
      - keep-alive
      set-cookie:
      - PHPSESSID=8fhbtdfnqonn9btsd9lrjuuofe; path=/, PHPSESSID=fa9a88ee-635d-4f91-a247-d920ea6b4404;
        path=/, download_token_base=6e6bfd52-6712-4cb1-ba3e-e44008214c75; expires=Mon,
        18-Oct-2021 20:23:36 GMT; Max-Age=1209600; path=/; HttpOnly
      expires:
      - Thu, 19 Nov 1981 08:52:00 GMT
      cache-control:
      - no-store, no-cache, must-revalidate
      pragma:
      - no-cache
    body:
      encoding: UTF-8
      string: '{"access_token":"fa9a88ee-635d-4f91-a247-d920ea6b4404","expires_in":3600,"token_type":"bearer","scope":null,"refresh_token":"88ff95e8-8b17-4f7e-ae4d-df0b6385f727","refresh_expires_in":1209600,"download_token":"6e6bfd52-6712-4cb1-ba3e-e44008214c75"}'
  recorded_at: Mon, 04 Oct 2021 20:23:36 GMT
- request:
    method: get
    uri: https://sandbox-crm.cme.openhbx.org/rest/v11_8/Accounts?filter%5B%5D%5Bhbxid_c%5D=aa918614ae014d42bb8547a1ae5734e1
    body:
      encoding: US-ASCII
      string: ''
    headers:
      User-Agent:
      - Faraday v1.4.3
      Authorization:
      - Bearer fa9a88ee-635d-4f91-a247-d920ea6b4404
  response:
    status:
      code: 200
      message: OK
    headers:
      server:
      - nginx/1.16.1
      date:
      - Mon, 04 Oct 2021 20:23:36 GMT
      content-type:
      - application/json
      content-length:
      - '59432'
      connection:
      - keep-alive
      expires:
      - ''
      cache-control:
      - max-age=0, private
      pragma:
      - ''
      etag:
      - c8ef1b75c988abaede0bb0ece8efbf5c
    body:
      encoding: UTF-8
      string: '{"next_offset":20,"records":[{"id":"f3515ef8-2550-11ec-afd2-0241d1fb84dd","name":"John
        Jacob","date_entered":"2021-10-04T16:23:35-04:00","date_modified":"2021-10-04T16:23:35-04:00","modified_user_id":"d09fe726-feb8-11eb-a595-0241d1fb84dd","modified_by_name":"Bill
        Transue","modified_user_link":{"full_name":"Bill Transue","id":"d09fe726-feb8-11eb-a595-0241d1fb84dd","_acl":{"fields":{"pwd_last_changed":{"write":"no","create":"no"},"last_login":{"write":"no","create":"no"}},"_hash":"6d408abe1708e7afd72eaecf780699c2"}},"created_by":"d09fe726-feb8-11eb-a595-0241d1fb84dd","created_by_name":"Bill
        Transue","created_by_link":{"full_name":"Bill Transue","id":"d09fe726-feb8-11eb-a595-0241d1fb84dd","_acl":{"fields":{"pwd_last_changed":{"write":"no","create":"no"},"last_login":{"write":"no","create":"no"}},"_hash":"6d408abe1708e7afd72eaecf780699c2"}},"description":"","deleted":false,"facebook":"","twitter":"","googleplus":"","account_type":"","industry":"","annual_revenue":"","phone_fax":"","billing_address_street":"1111
        Awesome Street NE\n#111","billing_address_street_2":"","billing_address_street_3":"","billing_address_street_4":"","billing_address_city":"Washington","billing_address_state":"DC","billing_address_postalcode":"01001","billing_address_country":"","rating":"","phone_office":"2021030404","phone_alternate":"","website":"","ownership":"","employees":"","ticker_symbol":"","shipping_address_street":"","shipping_address_street_2":"","shipping_address_street_3":"","shipping_address_street_4":"","shipping_address_city":"","shipping_address_state":"","shipping_address_postalcode":"","shipping_address_country":"","service_level":"","parent_id":"","sic_code":"","duns_num":"","parent_name":"","member_of":{"name":"","id":"","_acl":{"fields":[],"_hash":"654d337e0e912edaa00dbb0fb3dc3c17"}},"campaign_id":"","campaign_name":"","campaign_accounts":{"name":"","id":"","_acl":{"fields":[],"_hash":"654d337e0e912edaa00dbb0fb3dc3c17"}},"next_renewal_date":"","following":true,"my_favorite":false,"tag":[],"locked_fields":[],"assigned_user_id":"","assigned_user_name":"","assigned_user_link":{"full_name":"","id":"","_acl":{"fields":[],"_hash":"654d337e0e912edaa00dbb0fb3dc3c17"}},"team_count":"","team_count_link":{"team_count":"","id":"1","_acl":{"fields":[],"_hash":"654d337e0e912edaa00dbb0fb3dc3c17"}},"team_name":[{"id":"1","name":"Global","name_2":"","primary":true,"selected":false}],"email":[{"email_address":"example1@example.com","primary_address":true,"reply_to_address":false,"invalid_email":false,"opt_out":false,"email_address_id":"3f48f0fa-163d-11ec-ae61-0241d1fb84dd"}],"email1":"example1@example.com","email2":"","invalid_email":false,"email_opt_out":false,"email_addresses_non_primary":"","raw_ssn_c":"","last_ea_action_at_c":"","dob_c":"1981-09-14","broker_c":"","next_best_action_c":"","hbxid_c":"aa918614ae014d42bb8547a1ae5734e1","last_ea_action_c":"","enroll_account_link_c":"","ssn_c":"XXX-XX-","opt_out_of_emails_c":false,"_acl":{"fields":{}},"_module":"Accounts"},{"id":"f237aa2c-2550-11ec-99ce-0241d1fb84dd","name":"John
        Jacob","date_entered":"2021-10-04T16:23:33-04:00","date_modified":"2021-10-04T16:23:33-04:00","modified_user_id":"d09fe726-feb8-11eb-a595-0241d1fb84dd","modified_by_name":"Bill
        Transue","modified_user_link":{"full_name":"Bill Transue","id":"d09fe726-feb8-11eb-a595-0241d1fb84dd","_acl":{"fields":{"pwd_last_changed":{"write":"no","create":"no"},"last_login":{"write":"no","create":"no"}},"_hash":"6d408abe1708e7afd72eaecf780699c2"}},"created_by":"d09fe726-feb8-11eb-a595-0241d1fb84dd","created_by_name":"Bill
        Transue","created_by_link":{"full_name":"Bill Transue","id":"d09fe726-feb8-11eb-a595-0241d1fb84dd","_acl":{"fields":{"pwd_last_changed":{"write":"no","create":"no"},"last_login":{"write":"no","create":"no"}},"_hash":"6d408abe1708e7afd72eaecf780699c2"}},"description":"","deleted":false,"facebook":"","twitter":"","googleplus":"","account_type":"","industry":"","annual_revenue":"","phone_fax":"","billing_address_street":"1111
        Awesome Street NE\n#111","billing_address_street_2":"","billing_address_street_3":"","billing_address_street_4":"","billing_address_city":"Washington","billing_address_state":"DC","billing_address_postalcode":"01001","billing_address_country":"","rating":"","phone_office":"2021030404","phone_alternate":"","website":"","ownership":"","employees":"","ticker_symbol":"","shipping_address_street":"","shipping_address_street_2":"","shipping_address_street_3":"","shipping_address_street_4":"","shipping_address_city":"","shipping_address_state":"","shipping_address_postalcode":"","shipping_address_country":"","service_level":"","parent_id":"","sic_code":"","duns_num":"","parent_name":"","member_of":{"name":"","id":"","_acl":{"fields":[],"_hash":"654d337e0e912edaa00dbb0fb3dc3c17"}},"campaign_id":"","campaign_name":"","campaign_accounts":{"name":"","id":"","_acl":{"fields":[],"_hash":"654d337e0e912edaa00dbb0fb3dc3c17"}},"next_renewal_date":"","following":true,"my_favorite":false,"tag":[],"locked_fields":[],"assigned_user_id":"","assigned_user_name":"","assigned_user_link":{"full_name":"","id":"","_acl":{"fields":[],"_hash":"654d337e0e912edaa00dbb0fb3dc3c17"}},"team_count":"","team_count_link":{"team_count":"","id":"1","_acl":{"fields":[],"_hash":"654d337e0e912edaa00dbb0fb3dc3c17"}},"team_name":[{"id":"1","name":"Global","name_2":"","primary":true,"selected":false}],"email":[{"email_address":"example1@example.com","primary_address":true,"reply_to_address":false,"invalid_email":false,"opt_out":false,"email_address_id":"3f48f0fa-163d-11ec-ae61-0241d1fb84dd"}],"email1":"example1@example.com","email2":"","invalid_email":false,"email_opt_out":false,"email_addresses_non_primary":"","raw_ssn_c":"","last_ea_action_at_c":"","dob_c":"1981-09-14","broker_c":"","next_best_action_c":"","hbxid_c":"aa918614ae014d42bb8547a1ae5734e1","last_ea_action_c":"","enroll_account_link_c":"","ssn_c":"XXX-XX-","opt_out_of_emails_c":false,"_acl":{"fields":{}},"_module":"Accounts"},{"id":"f0fd9b80-2550-11ec-b56c-0241d1fb84dd","name":"John
        Jacob","date_entered":"2021-10-04T16:23:31-04:00","date_modified":"2021-10-04T16:23:31-04:00","modified_user_id":"d09fe726-feb8-11eb-a595-0241d1fb84dd","modified_by_name":"Bill
        Transue","modified_user_link":{"full_name":"Bill Transue","id":"d09fe726-feb8-11eb-a595-0241d1fb84dd","_acl":{"fields":{"pwd_last_changed":{"write":"no","create":"no"},"last_login":{"write":"no","create":"no"}},"_hash":"6d408abe1708e7afd72eaecf780699c2"}},"created_by":"d09fe726-feb8-11eb-a595-0241d1fb84dd","created_by_name":"Bill
        Transue","created_by_link":{"full_name":"Bill Transue","id":"d09fe726-feb8-11eb-a595-0241d1fb84dd","_acl":{"fields":{"pwd_last_changed":{"write":"no","create":"no"},"last_login":{"write":"no","create":"no"}},"_hash":"6d408abe1708e7afd72eaecf780699c2"}},"description":"","deleted":false,"facebook":"","twitter":"","googleplus":"","account_type":"","industry":"","annual_revenue":"","phone_fax":"","billing_address_street":"1111
        Awesome Street NE\n#111","billing_address_street_2":"","billing_address_street_3":"","billing_address_street_4":"","billing_address_city":"Washington","billing_address_state":"DC","billing_address_postalcode":"01001","billing_address_country":"","rating":"","phone_office":"2021030404","phone_alternate":"","website":"","ownership":"","employees":"","ticker_symbol":"","shipping_address_street":"","shipping_address_street_2":"","shipping_address_street_3":"","shipping_address_street_4":"","shipping_address_city":"","shipping_address_state":"","shipping_address_postalcode":"","shipping_address_country":"","service_level":"","parent_id":"","sic_code":"","duns_num":"","parent_name":"","member_of":{"name":"","id":"","_acl":{"fields":[],"_hash":"654d337e0e912edaa00dbb0fb3dc3c17"}},"campaign_id":"","campaign_name":"","campaign_accounts":{"name":"","id":"","_acl":{"fields":[],"_hash":"654d337e0e912edaa00dbb0fb3dc3c17"}},"next_renewal_date":"","following":true,"my_favorite":false,"tag":[],"locked_fields":[],"assigned_user_id":"","assigned_user_name":"","assigned_user_link":{"full_name":"","id":"","_acl":{"fields":[],"_hash":"654d337e0e912edaa00dbb0fb3dc3c17"}},"team_count":"","team_count_link":{"team_count":"","id":"1","_acl":{"fields":[],"_hash":"654d337e0e912edaa00dbb0fb3dc3c17"}},"team_name":[{"id":"1","name":"Global","name_2":"","primary":true,"selected":false}],"email":[{"email_address":"example1@example.com","primary_address":true,"reply_to_address":false,"invalid_email":false,"opt_out":false,"email_address_id":"3f48f0fa-163d-11ec-ae61-0241d1fb84dd"}],"email1":"example1@example.com","email2":"","invalid_email":false,"email_opt_out":false,"email_addresses_non_primary":"","raw_ssn_c":"","last_ea_action_at_c":"","dob_c":"1981-09-14","broker_c":"","next_best_action_c":"","hbxid_c":"aa918614ae014d42bb8547a1ae5734e1","last_ea_action_c":"","enroll_account_link_c":"","ssn_c":"XXX-XX-","opt_out_of_emails_c":false,"_acl":{"fields":{}},"_module":"Accounts"},{"id":"f02fbe5e-2550-11ec-89bd-0241d1fb84dd","name":"John
        Jacob","date_entered":"2021-10-04T16:23:29-04:00","date_modified":"2021-10-04T16:23:29-04:00","modified_user_id":"d09fe726-feb8-11eb-a595-0241d1fb84dd","modified_by_name":"Bill
        Transue","modified_user_link":{"full_name":"Bill Transue","id":"d09fe726-feb8-11eb-a595-0241d1fb84dd","_acl":{"fields":{"pwd_last_changed":{"write":"no","create":"no"},"last_login":{"write":"no","create":"no"}},"_hash":"6d408abe1708e7afd72eaecf780699c2"}},"created_by":"d09fe726-feb8-11eb-a595-0241d1fb84dd","created_by_name":"Bill
        Transue","created_by_link":{"full_name":"Bill Transue","id":"d09fe726-feb8-11eb-a595-0241d1fb84dd","_acl":{"fields":{"pwd_last_changed":{"write":"no","create":"no"},"last_login":{"write":"no","create":"no"}},"_hash":"6d408abe1708e7afd72eaecf780699c2"}},"description":"","deleted":false,"facebook":"","twitter":"","googleplus":"","account_type":"","industry":"","annual_revenue":"","phone_fax":"","billing_address_street":"1111
        Awesome Street NE\n#111","billing_address_street_2":"","billing_address_street_3":"","billing_address_street_4":"","billing_address_city":"Washington","billing_address_state":"DC","billing_address_postalcode":"01001","billing_address_country":"","rating":"","phone_office":"2021030404","phone_alternate":"","website":"","ownership":"","employees":"","ticker_symbol":"","shipping_address_street":"","shipping_address_street_2":"","shipping_address_street_3":"","shipping_address_street_4":"","shipping_address_city":"","shipping_address_state":"","shipping_address_postalcode":"","shipping_address_country":"","service_level":"","parent_id":"","sic_code":"","duns_num":"","parent_name":"","member_of":{"name":"","id":"","_acl":{"fields":[],"_hash":"654d337e0e912edaa00dbb0fb3dc3c17"}},"campaign_id":"","campaign_name":"","campaign_accounts":{"name":"","id":"","_acl":{"fields":[],"_hash":"654d337e0e912edaa00dbb0fb3dc3c17"}},"next_renewal_date":"","following":true,"my_favorite":false,"tag":[],"locked_fields":[],"assigned_user_id":"","assigned_user_name":"","assigned_user_link":{"full_name":"","id":"","_acl":{"fields":[],"_hash":"654d337e0e912edaa00dbb0fb3dc3c17"}},"team_count":"","team_count_link":{"team_count":"","id":"1","_acl":{"fields":[],"_hash":"654d337e0e912edaa00dbb0fb3dc3c17"}},"team_name":[{"id":"1","name":"Global","name_2":"","primary":true,"selected":false}],"email":[{"email_address":"example1@example.com","primary_address":true,"reply_to_address":false,"invalid_email":false,"opt_out":false,"email_address_id":"3f48f0fa-163d-11ec-ae61-0241d1fb84dd"}],"email1":"example1@example.com","email2":"","invalid_email":false,"email_opt_out":false,"email_addresses_non_primary":"","raw_ssn_c":"","last_ea_action_at_c":"","dob_c":"1981-09-14","broker_c":"","next_best_action_c":"","hbxid_c":"aa918614ae014d42bb8547a1ae5734e1","last_ea_action_c":"","enroll_account_link_c":"","ssn_c":"XXX-XX-","opt_out_of_emails_c":false,"_acl":{"fields":{}},"_module":"Accounts"},{"id":"c0d7978a-2550-11ec-be66-0241d1fb84dd","name":"John
        Jacob","date_entered":"2021-10-04T16:22:10-04:00","date_modified":"2021-10-04T16:22:10-04:00","modified_user_id":"d09fe726-feb8-11eb-a595-0241d1fb84dd","modified_by_name":"Bill
        Transue","modified_user_link":{"full_name":"Bill Transue","id":"d09fe726-feb8-11eb-a595-0241d1fb84dd","_acl":{"fields":{"pwd_last_changed":{"write":"no","create":"no"},"last_login":{"write":"no","create":"no"}},"_hash":"6d408abe1708e7afd72eaecf780699c2"}},"created_by":"d09fe726-feb8-11eb-a595-0241d1fb84dd","created_by_name":"Bill
        Transue","created_by_link":{"full_name":"Bill Transue","id":"d09fe726-feb8-11eb-a595-0241d1fb84dd","_acl":{"fields":{"pwd_last_changed":{"write":"no","create":"no"},"last_login":{"write":"no","create":"no"}},"_hash":"6d408abe1708e7afd72eaecf780699c2"}},"description":"","deleted":false,"facebook":"","twitter":"","googleplus":"","account_type":"","industry":"","annual_revenue":"","phone_fax":"","billing_address_street":"1111
        Awesome Street NE\n#111","billing_address_street_2":"","billing_address_street_3":"","billing_address_street_4":"","billing_address_city":"Washington","billing_address_state":"DC","billing_address_postalcode":"01001","billing_address_country":"","rating":"","phone_office":"2021030404","phone_alternate":"","website":"","ownership":"","employees":"","ticker_symbol":"","shipping_address_street":"","shipping_address_street_2":"","shipping_address_street_3":"","shipping_address_street_4":"","shipping_address_city":"","shipping_address_state":"","shipping_address_postalcode":"","shipping_address_country":"","service_level":"","parent_id":"","sic_code":"","duns_num":"","parent_name":"","member_of":{"name":"","id":"","_acl":{"fields":[],"_hash":"654d337e0e912edaa00dbb0fb3dc3c17"}},"campaign_id":"","campaign_name":"","campaign_accounts":{"name":"","id":"","_acl":{"fields":[],"_hash":"654d337e0e912edaa00dbb0fb3dc3c17"}},"next_renewal_date":"","following":true,"my_favorite":false,"tag":[],"locked_fields":[],"assigned_user_id":"","assigned_user_name":"","assigned_user_link":{"full_name":"","id":"","_acl":{"fields":[],"_hash":"654d337e0e912edaa00dbb0fb3dc3c17"}},"team_count":"","team_count_link":{"team_count":"","id":"1","_acl":{"fields":[],"_hash":"654d337e0e912edaa00dbb0fb3dc3c17"}},"team_name":[{"id":"1","name":"Global","name_2":"","primary":true,"selected":false}],"email":[{"email_address":"example1@example.com","primary_address":true,"reply_to_address":false,"invalid_email":false,"opt_out":false,"email_address_id":"3f48f0fa-163d-11ec-ae61-0241d1fb84dd"}],"email1":"example1@example.com","email2":"","invalid_email":false,"email_opt_out":false,"email_addresses_non_primary":"","raw_ssn_c":"","last_ea_action_at_c":"","dob_c":"1981-09-14","broker_c":"","next_best_action_c":"","hbxid_c":"aa918614ae014d42bb8547a1ae5734e1","last_ea_action_c":"","enroll_account_link_c":"","ssn_c":"XXX-XX-","opt_out_of_emails_c":false,"_acl":{"fields":{}},"_module":"Accounts"},{"id":"bec587f4-2550-11ec-97fb-0241d1fb84dd","name":"John
        Jacob","date_entered":"2021-10-04T16:22:06-04:00","date_modified":"2021-10-04T16:22:06-04:00","modified_user_id":"d09fe726-feb8-11eb-a595-0241d1fb84dd","modified_by_name":"Bill
        Transue","modified_user_link":{"full_name":"Bill Transue","id":"d09fe726-feb8-11eb-a595-0241d1fb84dd","_acl":{"fields":{"pwd_last_changed":{"write":"no","create":"no"},"last_login":{"write":"no","create":"no"}},"_hash":"6d408abe1708e7afd72eaecf780699c2"}},"created_by":"d09fe726-feb8-11eb-a595-0241d1fb84dd","created_by_name":"Bill
        Transue","created_by_link":{"full_name":"Bill Transue","id":"d09fe726-feb8-11eb-a595-0241d1fb84dd","_acl":{"fields":{"pwd_last_changed":{"write":"no","create":"no"},"last_login":{"write":"no","create":"no"}},"_hash":"6d408abe1708e7afd72eaecf780699c2"}},"description":"","deleted":false,"facebook":"","twitter":"","googleplus":"","account_type":"","industry":"","annual_revenue":"","phone_fax":"","billing_address_street":"1111
        Awesome Street NE\n#111","billing_address_street_2":"","billing_address_street_3":"","billing_address_street_4":"","billing_address_city":"Washington","billing_address_state":"DC","billing_address_postalcode":"01001","billing_address_country":"","rating":"","phone_office":"2021030404","phone_alternate":"","website":"","ownership":"","employees":"","ticker_symbol":"","shipping_address_street":"","shipping_address_street_2":"","shipping_address_street_3":"","shipping_address_street_4":"","shipping_address_city":"","shipping_address_state":"","shipping_address_postalcode":"","shipping_address_country":"","service_level":"","parent_id":"","sic_code":"","duns_num":"","parent_name":"","member_of":{"name":"","id":"","_acl":{"fields":[],"_hash":"654d337e0e912edaa00dbb0fb3dc3c17"}},"campaign_id":"","campaign_name":"","campaign_accounts":{"name":"","id":"","_acl":{"fields":[],"_hash":"654d337e0e912edaa00dbb0fb3dc3c17"}},"next_renewal_date":"","following":true,"my_favorite":false,"tag":[],"locked_fields":[],"assigned_user_id":"","assigned_user_name":"","assigned_user_link":{"full_name":"","id":"","_acl":{"fields":[],"_hash":"654d337e0e912edaa00dbb0fb3dc3c17"}},"team_count":"","team_count_link":{"team_count":"","id":"1","_acl":{"fields":[],"_hash":"654d337e0e912edaa00dbb0fb3dc3c17"}},"team_name":[{"id":"1","name":"Global","name_2":"","primary":true,"selected":false}],"email":[{"email_address":"example1@example.com","primary_address":true,"reply_to_address":false,"invalid_email":false,"opt_out":false,"email_address_id":"3f48f0fa-163d-11ec-ae61-0241d1fb84dd"}],"email1":"example1@example.com","email2":"","invalid_email":false,"email_opt_out":false,"email_addresses_non_primary":"","raw_ssn_c":"","last_ea_action_at_c":"","dob_c":"1981-09-14","broker_c":"","next_best_action_c":"","hbxid_c":"aa918614ae014d42bb8547a1ae5734e1","last_ea_action_c":"","enroll_account_link_c":"","ssn_c":"XXX-XX-","opt_out_of_emails_c":false,"_acl":{"fields":{}},"_module":"Accounts"},{"id":"bd0f0ba6-2550-11ec-9f41-0241d1fb84dd","name":"John
        Jacob","date_entered":"2021-10-04T16:22:04-04:00","date_modified":"2021-10-04T16:22:04-04:00","modified_user_id":"d09fe726-feb8-11eb-a595-0241d1fb84dd","modified_by_name":"Bill
        Transue","modified_user_link":{"full_name":"Bill Transue","id":"d09fe726-feb8-11eb-a595-0241d1fb84dd","_acl":{"fields":{"pwd_last_changed":{"write":"no","create":"no"},"last_login":{"write":"no","create":"no"}},"_hash":"6d408abe1708e7afd72eaecf780699c2"}},"created_by":"d09fe726-feb8-11eb-a595-0241d1fb84dd","created_by_name":"Bill
        Transue","created_by_link":{"full_name":"Bill Transue","id":"d09fe726-feb8-11eb-a595-0241d1fb84dd","_acl":{"fields":{"pwd_last_changed":{"write":"no","create":"no"},"last_login":{"write":"no","create":"no"}},"_hash":"6d408abe1708e7afd72eaecf780699c2"}},"description":"","deleted":false,"facebook":"","twitter":"","googleplus":"","account_type":"","industry":"","annual_revenue":"","phone_fax":"","billing_address_street":"1111
        Awesome Street NE\n#111","billing_address_street_2":"","billing_address_street_3":"","billing_address_street_4":"","billing_address_city":"Washington","billing_address_state":"DC","billing_address_postalcode":"01001","billing_address_country":"","rating":"","phone_office":"2021030404","phone_alternate":"","website":"","ownership":"","employees":"","ticker_symbol":"","shipping_address_street":"","shipping_address_street_2":"","shipping_address_street_3":"","shipping_address_street_4":"","shipping_address_city":"","shipping_address_state":"","shipping_address_postalcode":"","shipping_address_country":"","service_level":"","parent_id":"","sic_code":"","duns_num":"","parent_name":"","member_of":{"name":"","id":"","_acl":{"fields":[],"_hash":"654d337e0e912edaa00dbb0fb3dc3c17"}},"campaign_id":"","campaign_name":"","campaign_accounts":{"name":"","id":"","_acl":{"fields":[],"_hash":"654d337e0e912edaa00dbb0fb3dc3c17"}},"next_renewal_date":"","following":true,"my_favorite":false,"tag":[],"locked_fields":[],"assigned_user_id":"","assigned_user_name":"","assigned_user_link":{"full_name":"","id":"","_acl":{"fields":[],"_hash":"654d337e0e912edaa00dbb0fb3dc3c17"}},"team_count":"","team_count_link":{"team_count":"","id":"1","_acl":{"fields":[],"_hash":"654d337e0e912edaa00dbb0fb3dc3c17"}},"team_name":[{"id":"1","name":"Global","name_2":"","primary":true,"selected":false}],"email":[{"email_address":"example1@example.com","primary_address":true,"reply_to_address":false,"invalid_email":false,"opt_out":false,"email_address_id":"3f48f0fa-163d-11ec-ae61-0241d1fb84dd"}],"email1":"example1@example.com","email2":"","invalid_email":false,"email_opt_out":false,"email_addresses_non_primary":"","raw_ssn_c":"","last_ea_action_at_c":"","dob_c":"1981-09-14","broker_c":"","next_best_action_c":"","hbxid_c":"aa918614ae014d42bb8547a1ae5734e1","last_ea_action_c":"","enroll_account_link_c":"","ssn_c":"XXX-XX-","opt_out_of_emails_c":false,"_acl":{"fields":{}},"_module":"Accounts"},{"id":"bb76be88-2550-11ec-9fd5-0241d1fb84dd","name":"Tim
        Robinson","date_entered":"2021-10-04T16:22:01-04:00","date_modified":"2021-10-04T16:22:03-04:00","modified_user_id":"d09fe726-feb8-11eb-a595-0241d1fb84dd","modified_by_name":"Bill
        Transue","modified_user_link":{"full_name":"Bill Transue","id":"d09fe726-feb8-11eb-a595-0241d1fb84dd","_acl":{"fields":{"pwd_last_changed":{"write":"no","create":"no"},"last_login":{"write":"no","create":"no"}},"_hash":"6d408abe1708e7afd72eaecf780699c2"}},"created_by":"d09fe726-feb8-11eb-a595-0241d1fb84dd","created_by_name":"Bill
        Transue","created_by_link":{"full_name":"Bill Transue","id":"d09fe726-feb8-11eb-a595-0241d1fb84dd","_acl":{"fields":{"pwd_last_changed":{"write":"no","create":"no"},"last_login":{"write":"no","create":"no"}},"_hash":"6d408abe1708e7afd72eaecf780699c2"}},"description":"","deleted":false,"facebook":"","twitter":"","googleplus":"","account_type":"","industry":"","annual_revenue":"","phone_fax":"","billing_address_street":"1111
        Awesome Street NE\n#111","billing_address_street_2":"","billing_address_street_3":"","billing_address_street_4":"","billing_address_city":"Washington","billing_address_state":"DC","billing_address_postalcode":"01001","billing_address_country":"","rating":"","phone_office":"2021030404","phone_alternate":"","website":"","ownership":"","employees":"","ticker_symbol":"","shipping_address_street":"","shipping_address_street_2":"","shipping_address_street_3":"","shipping_address_street_4":"","shipping_address_city":"","shipping_address_state":"","shipping_address_postalcode":"","shipping_address_country":"","service_level":"","parent_id":"","sic_code":"","duns_num":"","parent_name":"","member_of":{"name":"","id":"","_acl":{"fields":[],"_hash":"654d337e0e912edaa00dbb0fb3dc3c17"}},"campaign_id":"","campaign_name":"","campaign_accounts":{"name":"","id":"","_acl":{"fields":[],"_hash":"654d337e0e912edaa00dbb0fb3dc3c17"}},"next_renewal_date":"","following":true,"my_favorite":false,"tag":[],"locked_fields":[],"assigned_user_id":"","assigned_user_name":"","assigned_user_link":{"full_name":"","id":"","_acl":{"fields":[],"_hash":"654d337e0e912edaa00dbb0fb3dc3c17"}},"team_count":"","team_count_link":{"team_count":"","id":"1","_acl":{"fields":[],"_hash":"654d337e0e912edaa00dbb0fb3dc3c17"}},"team_name":[{"id":"1","name":"Global","name_2":"","primary":true,"selected":false}],"email":[{"email_address":"example1@example.com","primary_address":true,"reply_to_address":false,"invalid_email":false,"opt_out":false,"email_address_id":"3f48f0fa-163d-11ec-ae61-0241d1fb84dd"}],"email1":"example1@example.com","email2":"","invalid_email":false,"email_opt_out":false,"email_addresses_non_primary":"","raw_ssn_c":"","last_ea_action_at_c":"","dob_c":"1981-09-14","broker_c":"","next_best_action_c":"","hbxid_c":"aa918614ae014d42bb8547a1ae5734e1","last_ea_action_c":"","enroll_account_link_c":"","ssn_c":"XXX-XX-","opt_out_of_emails_c":false,"_acl":{"fields":{}},"_module":"Accounts"},{"id":"965c6472-2550-11ec-80c5-0241d1fb84dd","name":"John
        Jacob","date_entered":"2021-10-04T16:20:59-04:00","date_modified":"2021-10-04T16:20:59-04:00","modified_user_id":"d09fe726-feb8-11eb-a595-0241d1fb84dd","modified_by_name":"Bill
        Transue","modified_user_link":{"full_name":"Bill Transue","id":"d09fe726-feb8-11eb-a595-0241d1fb84dd","_acl":{"fields":{"pwd_last_changed":{"write":"no","create":"no"},"last_login":{"write":"no","create":"no"}},"_hash":"6d408abe1708e7afd72eaecf780699c2"}},"created_by":"d09fe726-feb8-11eb-a595-0241d1fb84dd","created_by_name":"Bill
        Transue","created_by_link":{"full_name":"Bill Transue","id":"d09fe726-feb8-11eb-a595-0241d1fb84dd","_acl":{"fields":{"pwd_last_changed":{"write":"no","create":"no"},"last_login":{"write":"no","create":"no"}},"_hash":"6d408abe1708e7afd72eaecf780699c2"}},"description":"","deleted":false,"facebook":"","twitter":"","googleplus":"","account_type":"","industry":"","annual_revenue":"","phone_fax":"","billing_address_street":"1111
        Awesome Street NE\n#111","billing_address_street_2":"","billing_address_street_3":"","billing_address_street_4":"","billing_address_city":"Washington","billing_address_state":"DC","billing_address_postalcode":"01001","billing_address_country":"","rating":"","phone_office":"2021030404","phone_alternate":"","website":"","ownership":"","employees":"","ticker_symbol":"","shipping_address_street":"","shipping_address_street_2":"","shipping_address_street_3":"","shipping_address_street_4":"","shipping_address_city":"","shipping_address_state":"","shipping_address_postalcode":"","shipping_address_country":"","service_level":"","parent_id":"","sic_code":"","duns_num":"","parent_name":"","member_of":{"name":"","id":"","_acl":{"fields":[],"_hash":"654d337e0e912edaa00dbb0fb3dc3c17"}},"campaign_id":"","campaign_name":"","campaign_accounts":{"name":"","id":"","_acl":{"fields":[],"_hash":"654d337e0e912edaa00dbb0fb3dc3c17"}},"next_renewal_date":"","following":true,"my_favorite":false,"tag":[],"locked_fields":[],"assigned_user_id":"","assigned_user_name":"","assigned_user_link":{"full_name":"","id":"","_acl":{"fields":[],"_hash":"654d337e0e912edaa00dbb0fb3dc3c17"}},"team_count":"","team_count_link":{"team_count":"","id":"1","_acl":{"fields":[],"_hash":"654d337e0e912edaa00dbb0fb3dc3c17"}},"team_name":[{"id":"1","name":"Global","name_2":"","primary":true,"selected":false}],"email":[{"email_address":"example1@example.com","primary_address":true,"reply_to_address":false,"invalid_email":false,"opt_out":false,"email_address_id":"3f48f0fa-163d-11ec-ae61-0241d1fb84dd"}],"email1":"example1@example.com","email2":"","invalid_email":false,"email_opt_out":false,"email_addresses_non_primary":"","raw_ssn_c":"","last_ea_action_at_c":"","dob_c":"1981-09-14","broker_c":"","next_best_action_c":"","hbxid_c":"aa918614ae014d42bb8547a1ae5734e1","last_ea_action_c":"","enroll_account_link_c":"","ssn_c":"XXX-XX-","opt_out_of_emails_c":false,"_acl":{"fields":{}},"_module":"Accounts"},{"id":"954207b8-2550-11ec-a47b-0241d1fb84dd","name":"John
        Jacob","date_entered":"2021-10-04T16:20:57-04:00","date_modified":"2021-10-04T16:20:57-04:00","modified_user_id":"d09fe726-feb8-11eb-a595-0241d1fb84dd","modified_by_name":"Bill
        Transue","modified_user_link":{"full_name":"Bill Transue","id":"d09fe726-feb8-11eb-a595-0241d1fb84dd","_acl":{"fields":{"pwd_last_changed":{"write":"no","create":"no"},"last_login":{"write":"no","create":"no"}},"_hash":"6d408abe1708e7afd72eaecf780699c2"}},"created_by":"d09fe726-feb8-11eb-a595-0241d1fb84dd","created_by_name":"Bill
        Transue","created_by_link":{"full_name":"Bill Transue","id":"d09fe726-feb8-11eb-a595-0241d1fb84dd","_acl":{"fields":{"pwd_last_changed":{"write":"no","create":"no"},"last_login":{"write":"no","create":"no"}},"_hash":"6d408abe1708e7afd72eaecf780699c2"}},"description":"","deleted":false,"facebook":"","twitter":"","googleplus":"","account_type":"","industry":"","annual_revenue":"","phone_fax":"","billing_address_street":"1111
        Awesome Street NE\n#111","billing_address_street_2":"","billing_address_street_3":"","billing_address_street_4":"","billing_address_city":"Washington","billing_address_state":"DC","billing_address_postalcode":"01001","billing_address_country":"","rating":"","phone_office":"2021030404","phone_alternate":"","website":"","ownership":"","employees":"","ticker_symbol":"","shipping_address_street":"","shipping_address_street_2":"","shipping_address_street_3":"","shipping_address_street_4":"","shipping_address_city":"","shipping_address_state":"","shipping_address_postalcode":"","shipping_address_country":"","service_level":"","parent_id":"","sic_code":"","duns_num":"","parent_name":"","member_of":{"name":"","id":"","_acl":{"fields":[],"_hash":"654d337e0e912edaa00dbb0fb3dc3c17"}},"campaign_id":"","campaign_name":"","campaign_accounts":{"name":"","id":"","_acl":{"fields":[],"_hash":"654d337e0e912edaa00dbb0fb3dc3c17"}},"next_renewal_date":"","following":true,"my_favorite":false,"tag":[],"locked_fields":[],"assigned_user_id":"","assigned_user_name":"","assigned_user_link":{"full_name":"","id":"","_acl":{"fields":[],"_hash":"654d337e0e912edaa00dbb0fb3dc3c17"}},"team_count":"","team_count_link":{"team_count":"","id":"1","_acl":{"fields":[],"_hash":"654d337e0e912edaa00dbb0fb3dc3c17"}},"team_name":[{"id":"1","name":"Global","name_2":"","primary":true,"selected":false}],"email":[{"email_address":"example1@example.com","primary_address":true,"reply_to_address":false,"invalid_email":false,"opt_out":false,"email_address_id":"3f48f0fa-163d-11ec-ae61-0241d1fb84dd"}],"email1":"example1@example.com","email2":"","invalid_email":false,"email_opt_out":false,"email_addresses_non_primary":"","raw_ssn_c":"","last_ea_action_at_c":"","dob_c":"1981-09-14","broker_c":"","next_best_action_c":"","hbxid_c":"aa918614ae014d42bb8547a1ae5734e1","last_ea_action_c":"","enroll_account_link_c":"","ssn_c":"XXX-XX-","opt_out_of_emails_c":false,"_acl":{"fields":{}},"_module":"Accounts"},{"id":"94095572-2550-11ec-86a9-0241d1fb84dd","name":"John
        Jacob","date_entered":"2021-10-04T16:20:55-04:00","date_modified":"2021-10-04T16:20:55-04:00","modified_user_id":"d09fe726-feb8-11eb-a595-0241d1fb84dd","modified_by_name":"Bill
        Transue","modified_user_link":{"full_name":"Bill Transue","id":"d09fe726-feb8-11eb-a595-0241d1fb84dd","_acl":{"fields":{"pwd_last_changed":{"write":"no","create":"no"},"last_login":{"write":"no","create":"no"}},"_hash":"6d408abe1708e7afd72eaecf780699c2"}},"created_by":"d09fe726-feb8-11eb-a595-0241d1fb84dd","created_by_name":"Bill
        Transue","created_by_link":{"full_name":"Bill Transue","id":"d09fe726-feb8-11eb-a595-0241d1fb84dd","_acl":{"fields":{"pwd_last_changed":{"write":"no","create":"no"},"last_login":{"write":"no","create":"no"}},"_hash":"6d408abe1708e7afd72eaecf780699c2"}},"description":"","deleted":false,"facebook":"","twitter":"","googleplus":"","account_type":"","industry":"","annual_revenue":"","phone_fax":"","billing_address_street":"1111
        Awesome Street NE\n#111","billing_address_street_2":"","billing_address_street_3":"","billing_address_street_4":"","billing_address_city":"Washington","billing_address_state":"DC","billing_address_postalcode":"01001","billing_address_country":"","rating":"","phone_office":"2021030404","phone_alternate":"","website":"","ownership":"","employees":"","ticker_symbol":"","shipping_address_street":"","shipping_address_street_2":"","shipping_address_street_3":"","shipping_address_street_4":"","shipping_address_city":"","shipping_address_state":"","shipping_address_postalcode":"","shipping_address_country":"","service_level":"","parent_id":"","sic_code":"","duns_num":"","parent_name":"","member_of":{"name":"","id":"","_acl":{"fields":[],"_hash":"654d337e0e912edaa00dbb0fb3dc3c17"}},"campaign_id":"","campaign_name":"","campaign_accounts":{"name":"","id":"","_acl":{"fields":[],"_hash":"654d337e0e912edaa00dbb0fb3dc3c17"}},"next_renewal_date":"","following":true,"my_favorite":false,"tag":[],"locked_fields":[],"assigned_user_id":"","assigned_user_name":"","assigned_user_link":{"full_name":"","id":"","_acl":{"fields":[],"_hash":"654d337e0e912edaa00dbb0fb3dc3c17"}},"team_count":"","team_count_link":{"team_count":"","id":"1","_acl":{"fields":[],"_hash":"654d337e0e912edaa00dbb0fb3dc3c17"}},"team_name":[{"id":"1","name":"Global","name_2":"","primary":true,"selected":false}],"email":[{"email_address":"example1@example.com","primary_address":true,"reply_to_address":false,"invalid_email":false,"opt_out":false,"email_address_id":"3f48f0fa-163d-11ec-ae61-0241d1fb84dd"}],"email1":"example1@example.com","email2":"","invalid_email":false,"email_opt_out":false,"email_addresses_non_primary":"","raw_ssn_c":"","last_ea_action_at_c":"","dob_c":"1981-09-14","broker_c":"","next_best_action_c":"","hbxid_c":"aa918614ae014d42bb8547a1ae5734e1","last_ea_action_c":"","enroll_account_link_c":"","ssn_c":"XXX-XX-","opt_out_of_emails_c":false,"_acl":{"fields":{}},"_module":"Accounts"},{"id":"933ed7c0-2550-11ec-8c61-0241d1fb84dd","name":"John
        Jacob","date_entered":"2021-10-04T16:20:53-04:00","date_modified":"2021-10-04T16:20:53-04:00","modified_user_id":"d09fe726-feb8-11eb-a595-0241d1fb84dd","modified_by_name":"Bill
        Transue","modified_user_link":{"full_name":"Bill Transue","id":"d09fe726-feb8-11eb-a595-0241d1fb84dd","_acl":{"fields":{"pwd_last_changed":{"write":"no","create":"no"},"last_login":{"write":"no","create":"no"}},"_hash":"6d408abe1708e7afd72eaecf780699c2"}},"created_by":"d09fe726-feb8-11eb-a595-0241d1fb84dd","created_by_name":"Bill
        Transue","created_by_link":{"full_name":"Bill Transue","id":"d09fe726-feb8-11eb-a595-0241d1fb84dd","_acl":{"fields":{"pwd_last_changed":{"write":"no","create":"no"},"last_login":{"write":"no","create":"no"}},"_hash":"6d408abe1708e7afd72eaecf780699c2"}},"description":"","deleted":false,"facebook":"","twitter":"","googleplus":"","account_type":"","industry":"","annual_revenue":"","phone_fax":"","billing_address_street":"1111
        Awesome Street NE\n#111","billing_address_street_2":"","billing_address_street_3":"","billing_address_street_4":"","billing_address_city":"Washington","billing_address_state":"DC","billing_address_postalcode":"01001","billing_address_country":"","rating":"","phone_office":"2021030404","phone_alternate":"","website":"","ownership":"","employees":"","ticker_symbol":"","shipping_address_street":"","shipping_address_street_2":"","shipping_address_street_3":"","shipping_address_street_4":"","shipping_address_city":"","shipping_address_state":"","shipping_address_postalcode":"","shipping_address_country":"","service_level":"","parent_id":"","sic_code":"","duns_num":"","parent_name":"","member_of":{"name":"","id":"","_acl":{"fields":[],"_hash":"654d337e0e912edaa00dbb0fb3dc3c17"}},"campaign_id":"","campaign_name":"","campaign_accounts":{"name":"","id":"","_acl":{"fields":[],"_hash":"654d337e0e912edaa00dbb0fb3dc3c17"}},"next_renewal_date":"","following":true,"my_favorite":false,"tag":[],"locked_fields":[],"assigned_user_id":"","assigned_user_name":"","assigned_user_link":{"full_name":"","id":"","_acl":{"fields":[],"_hash":"654d337e0e912edaa00dbb0fb3dc3c17"}},"team_count":"","team_count_link":{"team_count":"","id":"1","_acl":{"fields":[],"_hash":"654d337e0e912edaa00dbb0fb3dc3c17"}},"team_name":[{"id":"1","name":"Global","name_2":"","primary":true,"selected":false}],"email":[{"email_address":"example1@example.com","primary_address":true,"reply_to_address":false,"invalid_email":false,"opt_out":false,"email_address_id":"3f48f0fa-163d-11ec-ae61-0241d1fb84dd"}],"email1":"example1@example.com","email2":"","invalid_email":false,"email_opt_out":false,"email_addresses_non_primary":"","raw_ssn_c":"","last_ea_action_at_c":"","dob_c":"1981-09-14","broker_c":"","next_best_action_c":"","hbxid_c":"aa918614ae014d42bb8547a1ae5734e1","last_ea_action_c":"","enroll_account_link_c":"","ssn_c":"XXX-XX-","opt_out_of_emails_c":false,"_acl":{"fields":{}},"_module":"Accounts"},{"id":"46b53dcc-2550-11ec-a359-0241d1fb84dd","name":"John
        Jacob","date_entered":"2021-10-04T16:18:45-04:00","date_modified":"2021-10-04T16:18:45-04:00","modified_user_id":"d09fe726-feb8-11eb-a595-0241d1fb84dd","modified_by_name":"Bill
        Transue","modified_user_link":{"full_name":"Bill Transue","id":"d09fe726-feb8-11eb-a595-0241d1fb84dd","_acl":{"fields":{"pwd_last_changed":{"write":"no","create":"no"},"last_login":{"write":"no","create":"no"}},"_hash":"6d408abe1708e7afd72eaecf780699c2"}},"created_by":"d09fe726-feb8-11eb-a595-0241d1fb84dd","created_by_name":"Bill
        Transue","created_by_link":{"full_name":"Bill Transue","id":"d09fe726-feb8-11eb-a595-0241d1fb84dd","_acl":{"fields":{"pwd_last_changed":{"write":"no","create":"no"},"last_login":{"write":"no","create":"no"}},"_hash":"6d408abe1708e7afd72eaecf780699c2"}},"description":"","deleted":false,"facebook":"","twitter":"","googleplus":"","account_type":"","industry":"","annual_revenue":"","phone_fax":"","billing_address_street":"1111
        Awesome Street NE\n#111","billing_address_street_2":"","billing_address_street_3":"","billing_address_street_4":"","billing_address_city":"Washington","billing_address_state":"DC","billing_address_postalcode":"01001","billing_address_country":"","rating":"","phone_office":"2021030404","phone_alternate":"","website":"","ownership":"","employees":"","ticker_symbol":"","shipping_address_street":"","shipping_address_street_2":"","shipping_address_street_3":"","shipping_address_street_4":"","shipping_address_city":"","shipping_address_state":"","shipping_address_postalcode":"","shipping_address_country":"","service_level":"","parent_id":"","sic_code":"","duns_num":"","parent_name":"","member_of":{"name":"","id":"","_acl":{"fields":[],"_hash":"654d337e0e912edaa00dbb0fb3dc3c17"}},"campaign_id":"","campaign_name":"","campaign_accounts":{"name":"","id":"","_acl":{"fields":[],"_hash":"654d337e0e912edaa00dbb0fb3dc3c17"}},"next_renewal_date":"","following":true,"my_favorite":false,"tag":[],"locked_fields":[],"assigned_user_id":"","assigned_user_name":"","assigned_user_link":{"full_name":"","id":"","_acl":{"fields":[],"_hash":"654d337e0e912edaa00dbb0fb3dc3c17"}},"team_count":"","team_count_link":{"team_count":"","id":"1","_acl":{"fields":[],"_hash":"654d337e0e912edaa00dbb0fb3dc3c17"}},"team_name":[{"id":"1","name":"Global","name_2":"","primary":true,"selected":false}],"email":[{"email_address":"example1@example.com","primary_address":true,"reply_to_address":false,"invalid_email":false,"opt_out":false,"email_address_id":"3f48f0fa-163d-11ec-ae61-0241d1fb84dd"}],"email1":"example1@example.com","email2":"","invalid_email":false,"email_opt_out":false,"email_addresses_non_primary":"","raw_ssn_c":"","last_ea_action_at_c":"","dob_c":"1981-09-14","broker_c":"","next_best_action_c":"","hbxid_c":"aa918614ae014d42bb8547a1ae5734e1","last_ea_action_c":"","enroll_account_link_c":"","ssn_c":"XXX-XX-","opt_out_of_emails_c":false,"_acl":{"fields":{}},"_module":"Accounts"},{"id":"25df1dca-2550-11ec-a3be-0241d1fb84dd","name":"John
        Jacob","date_entered":"2021-10-04T16:17:50-04:00","date_modified":"2021-10-04T16:17:50-04:00","modified_user_id":"d09fe726-feb8-11eb-a595-0241d1fb84dd","modified_by_name":"Bill
        Transue","modified_user_link":{"full_name":"Bill Transue","id":"d09fe726-feb8-11eb-a595-0241d1fb84dd","_acl":{"fields":{"pwd_last_changed":{"write":"no","create":"no"},"last_login":{"write":"no","create":"no"}},"_hash":"6d408abe1708e7afd72eaecf780699c2"}},"created_by":"d09fe726-feb8-11eb-a595-0241d1fb84dd","created_by_name":"Bill
        Transue","created_by_link":{"full_name":"Bill Transue","id":"d09fe726-feb8-11eb-a595-0241d1fb84dd","_acl":{"fields":{"pwd_last_changed":{"write":"no","create":"no"},"last_login":{"write":"no","create":"no"}},"_hash":"6d408abe1708e7afd72eaecf780699c2"}},"description":"","deleted":false,"facebook":"","twitter":"","googleplus":"","account_type":"","industry":"","annual_revenue":"","phone_fax":"","billing_address_street":"1111
        Awesome Street NE\n#111","billing_address_street_2":"","billing_address_street_3":"","billing_address_street_4":"","billing_address_city":"Washington","billing_address_state":"DC","billing_address_postalcode":"01001","billing_address_country":"","rating":"","phone_office":"2021030404","phone_alternate":"","website":"","ownership":"","employees":"","ticker_symbol":"","shipping_address_street":"","shipping_address_street_2":"","shipping_address_street_3":"","shipping_address_street_4":"","shipping_address_city":"","shipping_address_state":"","shipping_address_postalcode":"","shipping_address_country":"","service_level":"","parent_id":"","sic_code":"","duns_num":"","parent_name":"","member_of":{"name":"","id":"","_acl":{"fields":[],"_hash":"654d337e0e912edaa00dbb0fb3dc3c17"}},"campaign_id":"","campaign_name":"","campaign_accounts":{"name":"","id":"","_acl":{"fields":[],"_hash":"654d337e0e912edaa00dbb0fb3dc3c17"}},"next_renewal_date":"","following":true,"my_favorite":false,"tag":[],"locked_fields":[],"assigned_user_id":"","assigned_user_name":"","assigned_user_link":{"full_name":"","id":"","_acl":{"fields":[],"_hash":"654d337e0e912edaa00dbb0fb3dc3c17"}},"team_count":"","team_count_link":{"team_count":"","id":"1","_acl":{"fields":[],"_hash":"654d337e0e912edaa00dbb0fb3dc3c17"}},"team_name":[{"id":"1","name":"Global","name_2":"","primary":true,"selected":false}],"email":[{"email_address":"example1@example.com","primary_address":true,"reply_to_address":false,"invalid_email":false,"opt_out":false,"email_address_id":"3f48f0fa-163d-11ec-ae61-0241d1fb84dd"}],"email1":"example1@example.com","email2":"","invalid_email":false,"email_opt_out":false,"email_addresses_non_primary":"","raw_ssn_c":"","last_ea_action_at_c":"","dob_c":"1981-09-14","broker_c":"","next_best_action_c":"","hbxid_c":"aa918614ae014d42bb8547a1ae5734e1","last_ea_action_c":"","enroll_account_link_c":"","ssn_c":"XXX-XX-","opt_out_of_emails_c":false,"_acl":{"fields":{}},"_module":"Accounts"},{"id":"06802528-2550-11ec-8dc5-0241d1fb84dd","name":"John
        Jacob","date_entered":"2021-10-04T16:16:57-04:00","date_modified":"2021-10-04T16:16:57-04:00","modified_user_id":"d09fe726-feb8-11eb-a595-0241d1fb84dd","modified_by_name":"Bill
        Transue","modified_user_link":{"full_name":"Bill Transue","id":"d09fe726-feb8-11eb-a595-0241d1fb84dd","_acl":{"fields":{"pwd_last_changed":{"write":"no","create":"no"},"last_login":{"write":"no","create":"no"}},"_hash":"6d408abe1708e7afd72eaecf780699c2"}},"created_by":"d09fe726-feb8-11eb-a595-0241d1fb84dd","created_by_name":"Bill
        Transue","created_by_link":{"full_name":"Bill Transue","id":"d09fe726-feb8-11eb-a595-0241d1fb84dd","_acl":{"fields":{"pwd_last_changed":{"write":"no","create":"no"},"last_login":{"write":"no","create":"no"}},"_hash":"6d408abe1708e7afd72eaecf780699c2"}},"description":"","deleted":false,"facebook":"","twitter":"","googleplus":"","account_type":"","industry":"","annual_revenue":"","phone_fax":"","billing_address_street":"1111
        Awesome Street NE\n#111","billing_address_street_2":"","billing_address_street_3":"","billing_address_street_4":"","billing_address_city":"Washington","billing_address_state":"DC","billing_address_postalcode":"01001","billing_address_country":"","rating":"","phone_office":"2021030404","phone_alternate":"","website":"","ownership":"","employees":"","ticker_symbol":"","shipping_address_street":"","shipping_address_street_2":"","shipping_address_street_3":"","shipping_address_street_4":"","shipping_address_city":"","shipping_address_state":"","shipping_address_postalcode":"","shipping_address_country":"","service_level":"","parent_id":"","sic_code":"","duns_num":"","parent_name":"","member_of":{"name":"","id":"","_acl":{"fields":[],"_hash":"654d337e0e912edaa00dbb0fb3dc3c17"}},"campaign_id":"","campaign_name":"","campaign_accounts":{"name":"","id":"","_acl":{"fields":[],"_hash":"654d337e0e912edaa00dbb0fb3dc3c17"}},"next_renewal_date":"","following":true,"my_favorite":false,"tag":[],"locked_fields":[],"assigned_user_id":"","assigned_user_name":"","assigned_user_link":{"full_name":"","id":"","_acl":{"fields":[],"_hash":"654d337e0e912edaa00dbb0fb3dc3c17"}},"team_count":"","team_count_link":{"team_count":"","id":"1","_acl":{"fields":[],"_hash":"654d337e0e912edaa00dbb0fb3dc3c17"}},"team_name":[{"id":"1","name":"Global","name_2":"","primary":true,"selected":false}],"email":[{"email_address":"example1@example.com","primary_address":true,"reply_to_address":false,"invalid_email":false,"opt_out":false,"email_address_id":"3f48f0fa-163d-11ec-ae61-0241d1fb84dd"}],"email1":"example1@example.com","email2":"","invalid_email":false,"email_opt_out":false,"email_addresses_non_primary":"","raw_ssn_c":"","last_ea_action_at_c":"","dob_c":"1981-09-14","broker_c":"","next_best_action_c":"","hbxid_c":"aa918614ae014d42bb8547a1ae5734e1","last_ea_action_c":"","enroll_account_link_c":"","ssn_c":"XXX-XX-","opt_out_of_emails_c":false,"_acl":{"fields":{}},"_module":"Accounts"},{"id":"f6ef2ed8-254f-11ec-9b9f-0241d1fb84dd","name":"John
        Jacob","date_entered":"2021-10-04T16:16:31-04:00","date_modified":"2021-10-04T16:16:31-04:00","modified_user_id":"d09fe726-feb8-11eb-a595-0241d1fb84dd","modified_by_name":"Bill
        Transue","modified_user_link":{"full_name":"Bill Transue","id":"d09fe726-feb8-11eb-a595-0241d1fb84dd","_acl":{"fields":{"pwd_last_changed":{"write":"no","create":"no"},"last_login":{"write":"no","create":"no"}},"_hash":"6d408abe1708e7afd72eaecf780699c2"}},"created_by":"d09fe726-feb8-11eb-a595-0241d1fb84dd","created_by_name":"Bill
        Transue","created_by_link":{"full_name":"Bill Transue","id":"d09fe726-feb8-11eb-a595-0241d1fb84dd","_acl":{"fields":{"pwd_last_changed":{"write":"no","create":"no"},"last_login":{"write":"no","create":"no"}},"_hash":"6d408abe1708e7afd72eaecf780699c2"}},"description":"","deleted":false,"facebook":"","twitter":"","googleplus":"","account_type":"","industry":"","annual_revenue":"","phone_fax":"","billing_address_street":"1111
        Awesome Street NE\n#111","billing_address_street_2":"","billing_address_street_3":"","billing_address_street_4":"","billing_address_city":"Washington","billing_address_state":"DC","billing_address_postalcode":"01001","billing_address_country":"","rating":"","phone_office":"2021030404","phone_alternate":"","website":"","ownership":"","employees":"","ticker_symbol":"","shipping_address_street":"","shipping_address_street_2":"","shipping_address_street_3":"","shipping_address_street_4":"","shipping_address_city":"","shipping_address_state":"","shipping_address_postalcode":"","shipping_address_country":"","service_level":"","parent_id":"","sic_code":"","duns_num":"","parent_name":"","member_of":{"name":"","id":"","_acl":{"fields":[],"_hash":"654d337e0e912edaa00dbb0fb3dc3c17"}},"campaign_id":"","campaign_name":"","campaign_accounts":{"name":"","id":"","_acl":{"fields":[],"_hash":"654d337e0e912edaa00dbb0fb3dc3c17"}},"next_renewal_date":"","following":true,"my_favorite":false,"tag":[],"locked_fields":[],"assigned_user_id":"","assigned_user_name":"","assigned_user_link":{"full_name":"","id":"","_acl":{"fields":[],"_hash":"654d337e0e912edaa00dbb0fb3dc3c17"}},"team_count":"","team_count_link":{"team_count":"","id":"1","_acl":{"fields":[],"_hash":"654d337e0e912edaa00dbb0fb3dc3c17"}},"team_name":[{"id":"1","name":"Global","name_2":"","primary":true,"selected":false}],"email":[{"email_address":"example1@example.com","primary_address":true,"reply_to_address":false,"invalid_email":false,"opt_out":false,"email_address_id":"3f48f0fa-163d-11ec-ae61-0241d1fb84dd"}],"email1":"example1@example.com","email2":"","invalid_email":false,"email_opt_out":false,"email_addresses_non_primary":"","raw_ssn_c":"","last_ea_action_at_c":"","dob_c":"1981-09-14","broker_c":"","next_best_action_c":"","hbxid_c":"aa918614ae014d42bb8547a1ae5734e1","last_ea_action_c":"","enroll_account_link_c":"","ssn_c":"XXX-XX-","opt_out_of_emails_c":false,"_acl":{"fields":{}},"_module":"Accounts"},{"id":"9f6ed03c-254f-11ec-b113-0241d1fb84dd","name":"John
        Jacob","date_entered":"2021-10-04T16:14:04-04:00","date_modified":"2021-10-04T16:14:04-04:00","modified_user_id":"d09fe726-feb8-11eb-a595-0241d1fb84dd","modified_by_name":"Bill
        Transue","modified_user_link":{"full_name":"Bill Transue","id":"d09fe726-feb8-11eb-a595-0241d1fb84dd","_acl":{"fields":{"pwd_last_changed":{"write":"no","create":"no"},"last_login":{"write":"no","create":"no"}},"_hash":"6d408abe1708e7afd72eaecf780699c2"}},"created_by":"d09fe726-feb8-11eb-a595-0241d1fb84dd","created_by_name":"Bill
        Transue","created_by_link":{"full_name":"Bill Transue","id":"d09fe726-feb8-11eb-a595-0241d1fb84dd","_acl":{"fields":{"pwd_last_changed":{"write":"no","create":"no"},"last_login":{"write":"no","create":"no"}},"_hash":"6d408abe1708e7afd72eaecf780699c2"}},"description":"","deleted":false,"facebook":"","twitter":"","googleplus":"","account_type":"","industry":"","annual_revenue":"","phone_fax":"","billing_address_street":"1111
        Awesome Street NE\n#111","billing_address_street_2":"","billing_address_street_3":"","billing_address_street_4":"","billing_address_city":"Washington","billing_address_state":"DC","billing_address_postalcode":"01001","billing_address_country":"","rating":"","phone_office":"2021030404","phone_alternate":"","website":"","ownership":"","employees":"","ticker_symbol":"","shipping_address_street":"","shipping_address_street_2":"","shipping_address_street_3":"","shipping_address_street_4":"","shipping_address_city":"","shipping_address_state":"","shipping_address_postalcode":"","shipping_address_country":"","service_level":"","parent_id":"","sic_code":"","duns_num":"","parent_name":"","member_of":{"name":"","id":"","_acl":{"fields":[],"_hash":"654d337e0e912edaa00dbb0fb3dc3c17"}},"campaign_id":"","campaign_name":"","campaign_accounts":{"name":"","id":"","_acl":{"fields":[],"_hash":"654d337e0e912edaa00dbb0fb3dc3c17"}},"next_renewal_date":"","following":true,"my_favorite":false,"tag":[],"locked_fields":[],"assigned_user_id":"","assigned_user_name":"","assigned_user_link":{"full_name":"","id":"","_acl":{"fields":[],"_hash":"654d337e0e912edaa00dbb0fb3dc3c17"}},"team_count":"","team_count_link":{"team_count":"","id":"1","_acl":{"fields":[],"_hash":"654d337e0e912edaa00dbb0fb3dc3c17"}},"team_name":[{"id":"1","name":"Global","name_2":"","primary":true,"selected":false}],"email":[{"email_address":"example1@example.com","primary_address":true,"reply_to_address":false,"invalid_email":false,"opt_out":false,"email_address_id":"3f48f0fa-163d-11ec-ae61-0241d1fb84dd"}],"email1":"example1@example.com","email2":"","invalid_email":false,"email_opt_out":false,"email_addresses_non_primary":"","raw_ssn_c":"","last_ea_action_at_c":"","dob_c":"1981-09-14","broker_c":"","next_best_action_c":"","hbxid_c":"aa918614ae014d42bb8547a1ae5734e1","last_ea_action_c":"","enroll_account_link_c":"","ssn_c":"XXX-XX-","opt_out_of_emails_c":false,"_acl":{"fields":{}},"_module":"Accounts"},{"id":"5f29d4fe-254f-11ec-87ab-0241d1fb84dd","name":"John
        Jacob","date_entered":"2021-10-04T16:12:17-04:00","date_modified":"2021-10-04T16:12:17-04:00","modified_user_id":"d09fe726-feb8-11eb-a595-0241d1fb84dd","modified_by_name":"Bill
        Transue","modified_user_link":{"full_name":"Bill Transue","id":"d09fe726-feb8-11eb-a595-0241d1fb84dd","_acl":{"fields":{"pwd_last_changed":{"write":"no","create":"no"},"last_login":{"write":"no","create":"no"}},"_hash":"6d408abe1708e7afd72eaecf780699c2"}},"created_by":"d09fe726-feb8-11eb-a595-0241d1fb84dd","created_by_name":"Bill
        Transue","created_by_link":{"full_name":"Bill Transue","id":"d09fe726-feb8-11eb-a595-0241d1fb84dd","_acl":{"fields":{"pwd_last_changed":{"write":"no","create":"no"},"last_login":{"write":"no","create":"no"}},"_hash":"6d408abe1708e7afd72eaecf780699c2"}},"description":"","deleted":false,"facebook":"","twitter":"","googleplus":"","account_type":"","industry":"","annual_revenue":"","phone_fax":"","billing_address_street":"1111
        Awesome Street NE\n#111","billing_address_street_2":"","billing_address_street_3":"","billing_address_street_4":"","billing_address_city":"Washington","billing_address_state":"DC","billing_address_postalcode":"01001","billing_address_country":"","rating":"","phone_office":"2021030404","phone_alternate":"","website":"","ownership":"","employees":"","ticker_symbol":"","shipping_address_street":"","shipping_address_street_2":"","shipping_address_street_3":"","shipping_address_street_4":"","shipping_address_city":"","shipping_address_state":"","shipping_address_postalcode":"","shipping_address_country":"","service_level":"","parent_id":"","sic_code":"","duns_num":"","parent_name":"","member_of":{"name":"","id":"","_acl":{"fields":[],"_hash":"654d337e0e912edaa00dbb0fb3dc3c17"}},"campaign_id":"","campaign_name":"","campaign_accounts":{"name":"","id":"","_acl":{"fields":[],"_hash":"654d337e0e912edaa00dbb0fb3dc3c17"}},"next_renewal_date":"","following":true,"my_favorite":false,"tag":[],"locked_fields":[],"assigned_user_id":"","assigned_user_name":"","assigned_user_link":{"full_name":"","id":"","_acl":{"fields":[],"_hash":"654d337e0e912edaa00dbb0fb3dc3c17"}},"team_count":"","team_count_link":{"team_count":"","id":"1","_acl":{"fields":[],"_hash":"654d337e0e912edaa00dbb0fb3dc3c17"}},"team_name":[{"id":"1","name":"Global","name_2":"","primary":true,"selected":false}],"email":[{"email_address":"example1@example.com","primary_address":true,"reply_to_address":false,"invalid_email":false,"opt_out":false,"email_address_id":"3f48f0fa-163d-11ec-ae61-0241d1fb84dd"}],"email1":"example1@example.com","email2":"","invalid_email":false,"email_opt_out":false,"email_addresses_non_primary":"","raw_ssn_c":"","last_ea_action_at_c":"","dob_c":"1981-09-14","broker_c":"","next_best_action_c":"","hbxid_c":"aa918614ae014d42bb8547a1ae5734e1","last_ea_action_c":"","enroll_account_link_c":"","ssn_c":"XXX-XX-","opt_out_of_emails_c":false,"_acl":{"fields":{}},"_module":"Accounts"},{"id":"f2de4046-254e-11ec-b204-0241d1fb84dd","name":"John
        Jacob","date_entered":"2021-10-04T16:09:15-04:00","date_modified":"2021-10-04T16:09:15-04:00","modified_user_id":"d09fe726-feb8-11eb-a595-0241d1fb84dd","modified_by_name":"Bill
        Transue","modified_user_link":{"full_name":"Bill Transue","id":"d09fe726-feb8-11eb-a595-0241d1fb84dd","_acl":{"fields":{"pwd_last_changed":{"write":"no","create":"no"},"last_login":{"write":"no","create":"no"}},"_hash":"6d408abe1708e7afd72eaecf780699c2"}},"created_by":"d09fe726-feb8-11eb-a595-0241d1fb84dd","created_by_name":"Bill
        Transue","created_by_link":{"full_name":"Bill Transue","id":"d09fe726-feb8-11eb-a595-0241d1fb84dd","_acl":{"fields":{"pwd_last_changed":{"write":"no","create":"no"},"last_login":{"write":"no","create":"no"}},"_hash":"6d408abe1708e7afd72eaecf780699c2"}},"description":"","deleted":false,"facebook":"","twitter":"","googleplus":"","account_type":"","industry":"","annual_revenue":"","phone_fax":"","billing_address_street":"1111
        Awesome Street NE\n#111","billing_address_street_2":"","billing_address_street_3":"","billing_address_street_4":"","billing_address_city":"Washington","billing_address_state":"DC","billing_address_postalcode":"01001","billing_address_country":"","rating":"","phone_office":"2021030404","phone_alternate":"","website":"","ownership":"","employees":"","ticker_symbol":"","shipping_address_street":"","shipping_address_street_2":"","shipping_address_street_3":"","shipping_address_street_4":"","shipping_address_city":"","shipping_address_state":"","shipping_address_postalcode":"","shipping_address_country":"","service_level":"","parent_id":"","sic_code":"","duns_num":"","parent_name":"","member_of":{"name":"","id":"","_acl":{"fields":[],"_hash":"654d337e0e912edaa00dbb0fb3dc3c17"}},"campaign_id":"","campaign_name":"","campaign_accounts":{"name":"","id":"","_acl":{"fields":[],"_hash":"654d337e0e912edaa00dbb0fb3dc3c17"}},"next_renewal_date":"","following":true,"my_favorite":false,"tag":[],"locked_fields":[],"assigned_user_id":"","assigned_user_name":"","assigned_user_link":{"full_name":"","id":"","_acl":{"fields":[],"_hash":"654d337e0e912edaa00dbb0fb3dc3c17"}},"team_count":"","team_count_link":{"team_count":"","id":"1","_acl":{"fields":[],"_hash":"654d337e0e912edaa00dbb0fb3dc3c17"}},"team_name":[{"id":"1","name":"Global","name_2":"","primary":true,"selected":false}],"email":[{"email_address":"example1@example.com","primary_address":true,"reply_to_address":false,"invalid_email":false,"opt_out":false,"email_address_id":"3f48f0fa-163d-11ec-ae61-0241d1fb84dd"}],"email1":"example1@example.com","email2":"","invalid_email":false,"email_opt_out":false,"email_addresses_non_primary":"","raw_ssn_c":"","last_ea_action_at_c":"","dob_c":"1981-09-14","broker_c":"","next_best_action_c":"","hbxid_c":"aa918614ae014d42bb8547a1ae5734e1","last_ea_action_c":"","enroll_account_link_c":"","ssn_c":"XXX-XX-","opt_out_of_emails_c":false,"_acl":{"fields":{}},"_module":"Accounts"},{"id":"63ea8034-254e-11ec-946c-0241d1fb84dd","name":"John
        Jacob","date_entered":"2021-10-04T16:05:15-04:00","date_modified":"2021-10-04T16:05:15-04:00","modified_user_id":"d09fe726-feb8-11eb-a595-0241d1fb84dd","modified_by_name":"Bill
        Transue","modified_user_link":{"full_name":"Bill Transue","id":"d09fe726-feb8-11eb-a595-0241d1fb84dd","_acl":{"fields":{"pwd_last_changed":{"write":"no","create":"no"},"last_login":{"write":"no","create":"no"}},"_hash":"6d408abe1708e7afd72eaecf780699c2"}},"created_by":"d09fe726-feb8-11eb-a595-0241d1fb84dd","created_by_name":"Bill
        Transue","created_by_link":{"full_name":"Bill Transue","id":"d09fe726-feb8-11eb-a595-0241d1fb84dd","_acl":{"fields":{"pwd_last_changed":{"write":"no","create":"no"},"last_login":{"write":"no","create":"no"}},"_hash":"6d408abe1708e7afd72eaecf780699c2"}},"description":"","deleted":false,"facebook":"","twitter":"","googleplus":"","account_type":"","industry":"","annual_revenue":"","phone_fax":"","billing_address_street":"1111
        Awesome Street NE\n#111","billing_address_street_2":"","billing_address_street_3":"","billing_address_street_4":"","billing_address_city":"Washington","billing_address_state":"DC","billing_address_postalcode":"01001","billing_address_country":"","rating":"","phone_office":"2021030404","phone_alternate":"","website":"","ownership":"","employees":"","ticker_symbol":"","shipping_address_street":"","shipping_address_street_2":"","shipping_address_street_3":"","shipping_address_street_4":"","shipping_address_city":"","shipping_address_state":"","shipping_address_postalcode":"","shipping_address_country":"","service_level":"","parent_id":"","sic_code":"","duns_num":"","parent_name":"","member_of":{"name":"","id":"","_acl":{"fields":[],"_hash":"654d337e0e912edaa00dbb0fb3dc3c17"}},"campaign_id":"","campaign_name":"","campaign_accounts":{"name":"","id":"","_acl":{"fields":[],"_hash":"654d337e0e912edaa00dbb0fb3dc3c17"}},"next_renewal_date":"","following":true,"my_favorite":false,"tag":[],"locked_fields":[],"assigned_user_id":"","assigned_user_name":"","assigned_user_link":{"full_name":"","id":"","_acl":{"fields":[],"_hash":"654d337e0e912edaa00dbb0fb3dc3c17"}},"team_count":"","team_count_link":{"team_count":"","id":"1","_acl":{"fields":[],"_hash":"654d337e0e912edaa00dbb0fb3dc3c17"}},"team_name":[{"id":"1","name":"Global","name_2":"","primary":true,"selected":false}],"email":[{"email_address":"example1@example.com","primary_address":true,"reply_to_address":false,"invalid_email":false,"opt_out":false,"email_address_id":"3f48f0fa-163d-11ec-ae61-0241d1fb84dd"}],"email1":"example1@example.com","email2":"","invalid_email":false,"email_opt_out":false,"email_addresses_non_primary":"","raw_ssn_c":"","last_ea_action_at_c":"","dob_c":"1981-09-14","broker_c":"","next_best_action_c":"","hbxid_c":"aa918614ae014d42bb8547a1ae5734e1","last_ea_action_c":"","enroll_account_link_c":"","ssn_c":"XXX-XX-","opt_out_of_emails_c":false,"_acl":{"fields":{}},"_module":"Accounts"}]}'
  recorded_at: Mon, 04 Oct 2021 20:23:36 GMT
- request:
    method: post
    uri: https://sandbox-crm.cme.openhbx.org/rest/v11_8/oauth2/token
    body:
      encoding: UTF-8
      string: client_id=sugar&client_secret=&grant_type=password&params%5Bgrant_type%5D=password&params%5Bpassword%5D=SUGAR_CRM_ENCODED_PASSWORD>&params%5Bplatform%5D=mobile&params%5Busername%5D=<SUGAR_CRM_USERNAME>&password=SUGAR_CRM_ENCODED_PASSWORD>&username=<SUGAR_CRM_USERNAME>
    headers:
      User-Agent:
      - Faraday v1.4.3
      Content-Type:
      - application/x-www-form-urlencoded
  response:
    status:
      code: 200
      message: OK
    headers:
      server:
      - nginx/1.16.1
      date:
      - Mon, 04 Oct 2021 20:23:36 GMT
      content-type:
      - application/json
      content-length:
      - '248'
      connection:
      - keep-alive
      set-cookie:
      - PHPSESSID=gh06evm4o8phs0eq39c6eogigc; path=/, PHPSESSID=cdc2a636-279b-4d0b-9d1a-752c75e87b02;
        path=/, download_token_base=d720dfad-9d3d-40e4-a93e-f1e17c0346fe; expires=Mon,
        18-Oct-2021 20:23:36 GMT; Max-Age=1209600; path=/; HttpOnly
      expires:
      - Thu, 19 Nov 1981 08:52:00 GMT
      cache-control:
      - no-store, no-cache, must-revalidate
      pragma:
      - no-cache
    body:
      encoding: UTF-8
      string: '{"access_token":"cdc2a636-279b-4d0b-9d1a-752c75e87b02","expires_in":3600,"token_type":"bearer","scope":null,"refresh_token":"d7617ba5-1e42-4143-afd6-eeceda5b8539","refresh_expires_in":1209600,"download_token":"d720dfad-9d3d-40e4-a93e-f1e17c0346fe"}'
  recorded_at: Mon, 04 Oct 2021 20:23:36 GMT
- request:
    method: put
    uri: https://sandbox-crm.cme.openhbx.org/rest/v11_8/Accounts/f3515ef8-2550-11ec-afd2-0241d1fb84dd
    body:
      encoding: UTF-8
      string: '{"hbxid_c":"aa918614ae014d42bb8547a1ae5734e1","name":"Tim Robinson","email1":"example1@example.com","dob_c":"1981-09-14","billing_address_street":"1111
        Awesome Street NE","billing_address_street_2":"#111","billing_address_street_3":"","billing_address_street_4":null,"billing_address_city":"Washington","billing_address_postalcode":"01001","billing_address_state":"DC","phone_office":"2021030404"}'
    headers:
      User-Agent:
      - Faraday v1.4.3
      Content-Type:
      - application/json
      Authorization:
      - Bearer cdc2a636-279b-4d0b-9d1a-752c75e87b02
  response:
    status:
      code: 200
      message: OK
    headers:
      server:
      - nginx/1.16.1
      date:
      - Mon, 04 Oct 2021 20:23:36 GMT
      content-type:
      - application/json
      content-length:
      - '2971'
      connection:
      - keep-alive
      expires:
      - Thu, 19 Nov 1981 08:52:00 GMT
      cache-control:
      - no-store, no-cache, must-revalidate
      pragma:
      - no-cache
    body:
      encoding: UTF-8
      string: '{"id":"f3515ef8-2550-11ec-afd2-0241d1fb84dd","name":"Tim Robinson","date_entered":"2021-10-04T16:23:35-04:00","date_modified":"2021-10-04T16:23:36-04:00","modified_user_id":"d09fe726-feb8-11eb-a595-0241d1fb84dd","modified_by_name":"Bill
        Transue","modified_user_link":{"full_name":"Bill Transue","id":"d09fe726-feb8-11eb-a595-0241d1fb84dd","_acl":{"fields":{"pwd_last_changed":{"write":"no","create":"no"},"last_login":{"write":"no","create":"no"}},"_hash":"6d408abe1708e7afd72eaecf780699c2"}},"created_by":"d09fe726-feb8-11eb-a595-0241d1fb84dd","created_by_name":"Bill
        Transue","created_by_link":{"full_name":"Bill Transue","id":"d09fe726-feb8-11eb-a595-0241d1fb84dd","_acl":{"fields":{"pwd_last_changed":{"write":"no","create":"no"},"last_login":{"write":"no","create":"no"}},"_hash":"6d408abe1708e7afd72eaecf780699c2"}},"description":"","deleted":false,"facebook":"","twitter":"","googleplus":"","account_type":"","industry":"","annual_revenue":"","phone_fax":"","billing_address_street":"1111
        Awesome Street NE\n#111","billing_address_street_2":"","billing_address_street_3":"","billing_address_street_4":"","billing_address_city":"Washington","billing_address_state":"DC","billing_address_postalcode":"01001","billing_address_country":"","rating":"","phone_office":"2021030404","phone_alternate":"","website":"","ownership":"","employees":"","ticker_symbol":"","shipping_address_street":"","shipping_address_street_2":"","shipping_address_street_3":"","shipping_address_street_4":"","shipping_address_city":"","shipping_address_state":"","shipping_address_postalcode":"","shipping_address_country":"","service_level":"","parent_id":"","sic_code":"","duns_num":"","parent_name":"","member_of":{"name":"","id":"","_acl":{"fields":[],"_hash":"654d337e0e912edaa00dbb0fb3dc3c17"}},"campaign_id":"","campaign_name":"","campaign_accounts":{"name":"","id":"","_acl":{"fields":[],"_hash":"654d337e0e912edaa00dbb0fb3dc3c17"}},"next_renewal_date":"","following":true,"my_favorite":false,"tag":[],"locked_fields":[],"assigned_user_id":"","assigned_user_name":"","assigned_user_link":{"full_name":"","id":"","_acl":{"fields":[],"_hash":"654d337e0e912edaa00dbb0fb3dc3c17"}},"team_count":"","team_count_link":{"team_count":"","id":"1","_acl":{"fields":[],"_hash":"654d337e0e912edaa00dbb0fb3dc3c17"}},"team_name":[{"id":"1","name":"Global","name_2":"","primary":true,"selected":false}],"email":[{"email_address":"example1@example.com","invalid_email":false,"opt_out":false,"email_address_id":"3f48f0fa-163d-11ec-ae61-0241d1fb84dd","primary_address":true,"reply_to_address":false}],"email1":"example1@example.com","email2":"","invalid_email":false,"email_opt_out":false,"email_addresses_non_primary":"","raw_ssn_c":"","last_ea_action_at_c":"","dob_c":"1981-09-14","broker_c":"","next_best_action_c":"","hbxid_c":"aa918614ae014d42bb8547a1ae5734e1","last_ea_action_c":"","enroll_account_link_c":"","ssn_c":"XXX-XX-","opt_out_of_emails_c":false,"_acl":{"fields":{}},"_module":"Accounts"}'
  recorded_at: Mon, 04 Oct 2021 20:23:36 GMT
recorded_with: VCR 6.0.0
